Archive member included to satisfy reference by file (symbol)

.\CortexM3\ARM_GCC_541\Debug\LSM6DSRX+LIS2MDL.a(SPI_IMU.o)
                              .\CortexM3\ARM_GCC_541\Debug\main.o (SPI_IMU_Enable)
.\CortexM3\ARM_GCC_541\Debug\LSM6DSRX+LIS2MDL.a(UART.o)
                              .\CortexM3\ARM_GCC_541\Debug\main.o (UART_Start)
.\CortexM3\ARM_GCC_541\Debug\LSM6DSRX+LIS2MDL.a(UART_INT.o)
                              .\CortexM3\ARM_GCC_541\Debug\LSM6DSRX+LIS2MDL.a(UART.o) (UART_RXISR)
.\CortexM3\ARM_GCC_541\Debug\LSM6DSRX+LIS2MDL.a(UART_IntClock.o)
                              .\CortexM3\ARM_GCC_541\Debug\LSM6DSRX+LIS2MDL.a(UART.o) (UART_IntClock_Start)
.\CortexM3\ARM_GCC_541\Debug\LSM6DSRX+LIS2MDL.a(CyLib.o)
                              .\CortexM3\ARM_GCC_541\Debug\Cm3Start.o (CyHalt)
.\CortexM3\ARM_GCC_541\Debug\LSM6DSRX+LIS2MDL.a(cyPm.o)
                              .\CortexM3\ARM_GCC_541\Debug\LSM6DSRX+LIS2MDL.a(CyLib.o) (CyPmReadStatus)
.\CortexM3\ARM_GCC_541\Debug\LSM6DSRX+LIS2MDL.a(CyBootAsmGnu.o)
                              .\CortexM3\ARM_GCC_541\Debug\cyfitter_cfg.o (CyDelayCycles)
.\CortexM3\ARM_GCC_541\Debug\LSM6DSRX+LIS2MDL.a(CyFlash.o)
                              .\CortexM3\ARM_GCC_541\Debug\LSM6DSRX+LIS2MDL.a(cyPm.o) (CyFlash_SetWaitCycles)
.\CortexM3\ARM_GCC_541\Debug\LSM6DSRX+LIS2MDL.a(CySpc.o)
                              .\CortexM3\ARM_GCC_541\Debug\LSM6DSRX+LIS2MDL.a(CyFlash.o) (CySpcStart)
c:/program files (x86)/cypress/psoc creator/4.4/psoc creator/import/gnu/arm/5.4.1/bin/../lib/gcc/arm-none-eabi/5.4.1/../../../../arm-none-eabi/lib/armv7-m\libg_nano.a(lib_a-errno.o)
                              .\CortexM3\ARM_GCC_541\Debug\Cm3Start.o (__errno)
c:/program files (x86)/cypress/psoc creator/4.4/psoc creator/import/gnu/arm/5.4.1/bin/../lib/gcc/arm-none-eabi/5.4.1/../../../../arm-none-eabi/lib/armv7-m\libg_nano.a(lib_a-exit.o)
                              c:/program files (x86)/cypress/psoc creator/4.4/psoc creator/import/gnu/arm/5.4.1/bin/../lib/gcc/arm-none-eabi/5.4.1/../../../../arm-none-eabi/lib/armv7-m/crt0.o (exit)
c:/program files (x86)/cypress/psoc creator/4.4/psoc creator/import/gnu/arm/5.4.1/bin/../lib/gcc/arm-none-eabi/5.4.1/../../../../arm-none-eabi/lib/armv7-m\libg_nano.a(lib_a-impure.o)
                              c:/program files (x86)/cypress/psoc creator/4.4/psoc creator/import/gnu/arm/5.4.1/bin/../lib/gcc/arm-none-eabi/5.4.1/../../../../arm-none-eabi/lib/armv7-m\libg_nano.a(lib_a-exit.o) (_global_impure_ptr)
c:/program files (x86)/cypress/psoc creator/4.4/psoc creator/import/gnu/arm/5.4.1/bin/../lib/gcc/arm-none-eabi/5.4.1/../../../../arm-none-eabi/lib/armv7-m\libg_nano.a(lib_a-init.o)
                              c:/program files (x86)/cypress/psoc creator/4.4/psoc creator/import/gnu/arm/5.4.1/bin/../lib/gcc/arm-none-eabi/5.4.1/../../../../arm-none-eabi/lib/armv7-m/crt0.o (__libc_init_array)
c:/program files (x86)/cypress/psoc creator/4.4/psoc creator/import/gnu/arm/5.4.1/bin/../lib/gcc/arm-none-eabi/5.4.1/../../../../arm-none-eabi/lib/armv7-m\libg_nano.a(lib_a-memcpy-stub.o)
                              .\CortexM3\ARM_GCC_541\Debug\cyfitter_cfg.o (memcpy)
c:/program files (x86)/cypress/psoc creator/4.4/psoc creator/import/gnu/arm/5.4.1/bin/../lib/gcc/arm-none-eabi/5.4.1/../../../../arm-none-eabi/lib/armv7-m\libg_nano.a(lib_a-memset.o)
                              c:/program files (x86)/cypress/psoc creator/4.4/psoc creator/import/gnu/arm/5.4.1/bin/../lib/gcc/arm-none-eabi/5.4.1/../../../../arm-none-eabi/lib/armv7-m/crt0.o (memset)

Allocating common symbols
Common symbol       size              file

t                   0x1               .\CortexM3\ARM_GCC_541\Debug\main.o
XLDA                0x1               .\CortexM3\ARM_GCC_541\Debug\main.o
p                   0x1               .\CortexM3\ARM_GCC_541\Debug\main.o
j                   0x1               .\CortexM3\ARM_GCC_541\Debug\main.o
who                 0x1               .\CortexM3\ARM_GCC_541\Debug\main.o
n                   0x1               .\CortexM3\ARM_GCC_541\Debug\main.o
tempo               0x2               .\CortexM3\ARM_GCC_541\Debug\main.o
o                   0x1               .\CortexM3\ARM_GCC_541\Debug\main.o
l                   0x1               .\CortexM3\ARM_GCC_541\Debug\main.o
k                   0x1               .\CortexM3\ARM_GCC_541\Debug\main.o
SPI_IMU_swStatusTx  0x1               .\CortexM3\ARM_GCC_541\Debug\LSM6DSRX+LIS2MDL.a(SPI_IMU.o)
r                   0x1               .\CortexM3\ARM_GCC_541\Debug\main.o
i                   0x1               .\CortexM3\ARM_GCC_541\Debug\main.o
UART_rxBuffer       0x8               .\CortexM3\ARM_GCC_541\Debug\LSM6DSRX+LIS2MDL.a(UART.o)
Mag                 0x6               .\CortexM3\ARM_GCC_541\Debug\main.o
t1                  0x2               .\CortexM3\ARM_GCC_541\Debug\main.o
tempoLSB            0x1               .\CortexM3\ARM_GCC_541\Debug\main.o
t0                  0x2               .\CortexM3\ARM_GCC_541\Debug\main.o
s                   0x1               .\CortexM3\ARM_GCC_541\Debug\main.o
SPI_IMU_swStatusRx  0x1               .\CortexM3\ARM_GCC_541\Debug\LSM6DSRX+LIS2MDL.a(SPI_IMU.o)
GDA                 0x1               .\CortexM3\ARM_GCC_541\Debug\main.o
dieTemperature      0x2               .\CortexM3\ARM_GCC_541\Debug\LSM6DSRX+LIS2MDL.a(CyFlash.o)
m                   0x1               .\CortexM3\ARM_GCC_541\Debug\main.o
q                   0x1               .\CortexM3\ARM_GCC_541\Debug\main.o
tempoMSB            0x1               .\CortexM3\ARM_GCC_541\Debug\main.o
UART_txBuffer       0x8               .\CortexM3\ARM_GCC_541\Debug\LSM6DSRX+LIS2MDL.a(UART.o)

Discarded input sections

 .text          0x00000000        0x0 c:/program files (x86)/cypress/psoc creator/4.4/psoc creator/import/gnu/arm/5.4.1/bin/../lib/gcc/arm-none-eabi/5.4.1/armv7-m/crti.o
 .data          0x00000000        0x0 c:/program files (x86)/cypress/psoc creator/4.4/psoc creator/import/gnu/arm/5.4.1/bin/../lib/gcc/arm-none-eabi/5.4.1/armv7-m/crti.o
 .bss           0x00000000        0x0 c:/program files (x86)/cypress/psoc creator/4.4/psoc creator/import/gnu/arm/5.4.1/bin/../lib/gcc/arm-none-eabi/5.4.1/armv7-m/crti.o
 .data          0x00000000        0x4 c:/program files (x86)/cypress/psoc creator/4.4/psoc creator/import/gnu/arm/5.4.1/bin/../lib/gcc/arm-none-eabi/5.4.1/armv7-m/crtbegin.o
 .text          0x00000000       0x74 c:/program files (x86)/cypress/psoc creator/4.4/psoc creator/import/gnu/arm/5.4.1/bin/../lib/gcc/arm-none-eabi/5.4.1/../../../../arm-none-eabi/lib/armv7-m/crt0.o
 .data          0x00000000        0x0 c:/program files (x86)/cypress/psoc creator/4.4/psoc creator/import/gnu/arm/5.4.1/bin/../lib/gcc/arm-none-eabi/5.4.1/../../../../arm-none-eabi/lib/armv7-m/crt0.o
 .bss           0x00000000        0x0 c:/program files (x86)/cypress/psoc creator/4.4/psoc creator/import/gnu/arm/5.4.1/bin/../lib/gcc/arm-none-eabi/5.4.1/../../../../arm-none-eabi/lib/armv7-m/crt0.o
 .ARM.extab     0x00000000        0x0 c:/program files (x86)/cypress/psoc creator/4.4/psoc creator/import/gnu/arm/5.4.1/bin/../lib/gcc/arm-none-eabi/5.4.1/../../../../arm-none-eabi/lib/armv7-m/crt0.o
 .ARM.exidx     0x00000000        0x8 c:/program files (x86)/cypress/psoc creator/4.4/psoc creator/import/gnu/arm/5.4.1/bin/../lib/gcc/arm-none-eabi/5.4.1/../../../../arm-none-eabi/lib/armv7-m/crt0.o
 .text          0x00000000        0x0 .\CortexM3\ARM_GCC_541\Debug\main.o
 .data          0x00000000        0x0 .\CortexM3\ARM_GCC_541\Debug\main.o
 .bss           0x00000000        0x0 .\CortexM3\ARM_GCC_541\Debug\main.o
 .text          0x00000000        0x0 .\CortexM3\ARM_GCC_541\Debug\source01.o
 .data          0x00000000        0x0 .\CortexM3\ARM_GCC_541\Debug\source01.o
 .bss           0x00000000        0x0 .\CortexM3\ARM_GCC_541\Debug\source01.o
 .text.InitIMU  0x00000000       0x10 .\CortexM3\ARM_GCC_541\Debug\source01.o
 .text.OneShot_ReadRoutine1
                0x00000000       0xf4 .\CortexM3\ARM_GCC_541\Debug\source01.o
 .text.OneShot_WriteRoutine
                0x00000000       0x60 .\CortexM3\ARM_GCC_541\Debug\source01.o
 .text          0x00000000        0x0 .\CortexM3\ARM_GCC_541\Debug\cyfitter_cfg.o
 .data          0x00000000        0x0 .\CortexM3\ARM_GCC_541\Debug\cyfitter_cfg.o
 .bss           0x00000000        0x0 .\CortexM3\ARM_GCC_541\Debug\cyfitter_cfg.o
 .text.SetAnalogRoutingPumps
                0x00000000       0x10 .\CortexM3\ARM_GCC_541\Debug\cyfitter_cfg.o
 .text          0x00000000        0x0 .\CortexM3\ARM_GCC_541\Debug\cymetadata.o
 .data          0x00000000        0x0 .\CortexM3\ARM_GCC_541\Debug\cymetadata.o
 .bss           0x00000000        0x0 .\CortexM3\ARM_GCC_541\Debug\cymetadata.o
 .text          0x00000000        0x0 .\CortexM3\ARM_GCC_541\Debug\Cm3Start.o
 .data          0x00000000        0x4 .\CortexM3\ARM_GCC_541\Debug\Cm3Start.o
 .bss           0x00000000        0x0 .\CortexM3\ARM_GCC_541\Debug\Cm3Start.o
 .text._exit    0x00000000        0xc .\CortexM3\ARM_GCC_541\Debug\Cm3Start.o
 .text._sbrk    0x00000000       0x30 .\CortexM3\ARM_GCC_541\Debug\Cm3Start.o
 .text          0x00000000        0x0 .\CortexM3\ARM_GCC_541\Debug\LSM6DSRX+LIS2MDL.a(SPI_IMU.o)
 .data          0x00000000        0x0 .\CortexM3\ARM_GCC_541\Debug\LSM6DSRX+LIS2MDL.a(SPI_IMU.o)
 .text.SPI_IMU_Stop
                0x00000000       0x28 .\CortexM3\ARM_GCC_541\Debug\LSM6DSRX+LIS2MDL.a(SPI_IMU.o)
 .text.SPI_IMU_EnableTxInt
                0x00000000        0x4 .\CortexM3\ARM_GCC_541\Debug\LSM6DSRX+LIS2MDL.a(SPI_IMU.o)
 .text.SPI_IMU_EnableRxInt
                0x00000000        0x4 .\CortexM3\ARM_GCC_541\Debug\LSM6DSRX+LIS2MDL.a(SPI_IMU.o)
 .text.SPI_IMU_DisableTxInt
                0x00000000        0x4 .\CortexM3\ARM_GCC_541\Debug\LSM6DSRX+LIS2MDL.a(SPI_IMU.o)
 .text.SPI_IMU_DisableRxInt
                0x00000000        0x4 .\CortexM3\ARM_GCC_541\Debug\LSM6DSRX+LIS2MDL.a(SPI_IMU.o)
 .text.SPI_IMU_SetTxInterruptMode
                0x00000000        0xc .\CortexM3\ARM_GCC_541\Debug\LSM6DSRX+LIS2MDL.a(SPI_IMU.o)
 .text.SPI_IMU_SetRxInterruptMode
                0x00000000        0xc .\CortexM3\ARM_GCC_541\Debug\LSM6DSRX+LIS2MDL.a(SPI_IMU.o)
 .text.SPI_IMU_GetRxBufferSize
                0x00000000       0x18 .\CortexM3\ARM_GCC_541\Debug\LSM6DSRX+LIS2MDL.a(SPI_IMU.o)
 .text.SPI_IMU_GetTxBufferSize
                0x00000000       0x24 .\CortexM3\ARM_GCC_541\Debug\LSM6DSRX+LIS2MDL.a(SPI_IMU.o)
 .text.SPI_IMU_PutArray
                0x00000000       0x20 .\CortexM3\ARM_GCC_541\Debug\LSM6DSRX+LIS2MDL.a(SPI_IMU.o)
 .text.SPI_IMU_EnableInt
                0x00000000        0x4 .\CortexM3\ARM_GCC_541\Debug\LSM6DSRX+LIS2MDL.a(SPI_IMU.o)
 .text.SPI_IMU_DisableInt
                0x00000000        0x4 .\CortexM3\ARM_GCC_541\Debug\LSM6DSRX+LIS2MDL.a(SPI_IMU.o)
 .text.SPI_IMU_SetInterruptMode
                0x00000000       0x14 .\CortexM3\ARM_GCC_541\Debug\LSM6DSRX+LIS2MDL.a(SPI_IMU.o)
 COMMON         0x00000000        0x2 .\CortexM3\ARM_GCC_541\Debug\LSM6DSRX+LIS2MDL.a(SPI_IMU.o)
 .text          0x00000000        0x0 .\CortexM3\ARM_GCC_541\Debug\LSM6DSRX+LIS2MDL.a(UART.o)
 .data          0x00000000        0x0 .\CortexM3\ARM_GCC_541\Debug\LSM6DSRX+LIS2MDL.a(UART.o)
 .text.UART_Stop
                0x00000000       0x4c .\CortexM3\ARM_GCC_541\Debug\LSM6DSRX+LIS2MDL.a(UART.o)
 .text.UART_ReadControlRegister
                0x00000000        0x4 .\CortexM3\ARM_GCC_541\Debug\LSM6DSRX+LIS2MDL.a(UART.o)
 .text.UART_WriteControlRegister
                0x00000000        0x4 .\CortexM3\ARM_GCC_541\Debug\LSM6DSRX+LIS2MDL.a(UART.o)
 .text.UART_SetRxInterruptMode
                0x00000000        0xc .\CortexM3\ARM_GCC_541\Debug\LSM6DSRX+LIS2MDL.a(UART.o)
 .text.UART_ReadRxData
                0x00000000       0x64 .\CortexM3\ARM_GCC_541\Debug\LSM6DSRX+LIS2MDL.a(UART.o)
 .text.UART_ReadRxStatus
                0x00000000       0x28 .\CortexM3\ARM_GCC_541\Debug\LSM6DSRX+LIS2MDL.a(UART.o)
 .text.UART_GetChar
                0x00000000       0x80 .\CortexM3\ARM_GCC_541\Debug\LSM6DSRX+LIS2MDL.a(UART.o)
 .text.UART_GetByte
                0x00000000       0x2c .\CortexM3\ARM_GCC_541\Debug\LSM6DSRX+LIS2MDL.a(UART.o)
 .text.UART_GetRxBufferSize
                0x00000000       0x60 .\CortexM3\ARM_GCC_541\Debug\LSM6DSRX+LIS2MDL.a(UART.o)
 .text.UART_ClearRxBuffer
                0x00000000       0x44 .\CortexM3\ARM_GCC_541\Debug\LSM6DSRX+LIS2MDL.a(UART.o)
 .text.UART_SetRxAddressMode
                0x00000000        0x4 .\CortexM3\ARM_GCC_541\Debug\LSM6DSRX+LIS2MDL.a(UART.o)
 .text.UART_SetRxAddress1
                0x00000000        0xc .\CortexM3\ARM_GCC_541\Debug\LSM6DSRX+LIS2MDL.a(UART.o)
 .text.UART_SetRxAddress2
                0x00000000        0xc .\CortexM3\ARM_GCC_541\Debug\LSM6DSRX+LIS2MDL.a(UART.o)
 .text.UART_SetTxInterruptMode
                0x00000000        0xc .\CortexM3\ARM_GCC_541\Debug\LSM6DSRX+LIS2MDL.a(UART.o)
 .text.UART_WriteTxData
                0x00000000       0x60 .\CortexM3\ARM_GCC_541\Debug\LSM6DSRX+LIS2MDL.a(UART.o)
 .text.UART_ReadTxStatus
                0x00000000        0xc .\CortexM3\ARM_GCC_541\Debug\LSM6DSRX+LIS2MDL.a(UART.o)
 .text.UART_PutString
                0x00000000       0x24 .\CortexM3\ARM_GCC_541\Debug\LSM6DSRX+LIS2MDL.a(UART.o)
 .text.UART_PutArray
                0x00000000       0x28 .\CortexM3\ARM_GCC_541\Debug\LSM6DSRX+LIS2MDL.a(UART.o)
 .text.UART_PutCRLF
                0x00000000       0x20 .\CortexM3\ARM_GCC_541\Debug\LSM6DSRX+LIS2MDL.a(UART.o)
 .text.UART_GetTxBufferSize
                0x00000000       0x48 .\CortexM3\ARM_GCC_541\Debug\LSM6DSRX+LIS2MDL.a(UART.o)
 .text.UART_ClearTxBuffer
                0x00000000       0x40 .\CortexM3\ARM_GCC_541\Debug\LSM6DSRX+LIS2MDL.a(UART.o)
 .text.UART_SendBreak
                0x00000000       0x58 .\CortexM3\ARM_GCC_541\Debug\LSM6DSRX+LIS2MDL.a(UART.o)
 .text.UART_SetTxAddressMode
                0x00000000        0x4 .\CortexM3\ARM_GCC_541\Debug\LSM6DSRX+LIS2MDL.a(UART.o)
 .text          0x00000000        0x0 .\CortexM3\ARM_GCC_541\Debug\LSM6DSRX+LIS2MDL.a(UART_INT.o)
 .data          0x00000000        0x0 .\CortexM3\ARM_GCC_541\Debug\LSM6DSRX+LIS2MDL.a(UART_INT.o)
 .bss           0x00000000        0x0 .\CortexM3\ARM_GCC_541\Debug\LSM6DSRX+LIS2MDL.a(UART_INT.o)
 .text          0x00000000        0x0 .\CortexM3\ARM_GCC_541\Debug\LSM6DSRX+LIS2MDL.a(UART_IntClock.o)
 .data          0x00000000        0x0 .\CortexM3\ARM_GCC_541\Debug\LSM6DSRX+LIS2MDL.a(UART_IntClock.o)
 .bss           0x00000000        0x0 .\CortexM3\ARM_GCC_541\Debug\LSM6DSRX+LIS2MDL.a(UART_IntClock.o)
 .text.UART_IntClock_Stop
                0x00000000       0x1c .\CortexM3\ARM_GCC_541\Debug\LSM6DSRX+LIS2MDL.a(UART_IntClock.o)
 .text.UART_IntClock_StopBlock
                0x00000000       0x6c .\CortexM3\ARM_GCC_541\Debug\LSM6DSRX+LIS2MDL.a(UART_IntClock.o)
 .text.UART_IntClock_StandbyPower
                0x00000000       0x20 .\CortexM3\ARM_GCC_541\Debug\LSM6DSRX+LIS2MDL.a(UART_IntClock.o)
 .text.UART_IntClock_GetDividerRegister
                0x00000000        0xc .\CortexM3\ARM_GCC_541\Debug\LSM6DSRX+LIS2MDL.a(UART_IntClock.o)
 .text.UART_IntClock_SetModeRegister
                0x00000000       0x14 .\CortexM3\ARM_GCC_541\Debug\LSM6DSRX+LIS2MDL.a(UART_IntClock.o)
 .text.UART_IntClock_ClearModeRegister
                0x00000000       0x18 .\CortexM3\ARM_GCC_541\Debug\LSM6DSRX+LIS2MDL.a(UART_IntClock.o)
 .text.UART_IntClock_GetModeRegister
                0x00000000       0x10 .\CortexM3\ARM_GCC_541\Debug\LSM6DSRX+LIS2MDL.a(UART_IntClock.o)
 .text.UART_IntClock_GetSourceRegister
                0x00000000       0x10 .\CortexM3\ARM_GCC_541\Debug\LSM6DSRX+LIS2MDL.a(UART_IntClock.o)
 .text.UART_IntClock_SetDividerRegister
                0x00000000       0xdc .\CortexM3\ARM_GCC_541\Debug\LSM6DSRX+LIS2MDL.a(UART_IntClock.o)
 .text.UART_IntClock_SetSourceRegister
                0x00000000       0x5c .\CortexM3\ARM_GCC_541\Debug\LSM6DSRX+LIS2MDL.a(UART_IntClock.o)
 .text          0x00000000        0x0 .\CortexM3\ARM_GCC_541\Debug\LSM6DSRX+LIS2MDL.a(CyLib.o)
 .bss           0x00000000       0x1c .\CortexM3\ARM_GCC_541\Debug\LSM6DSRX+LIS2MDL.a(CyLib.o)
 .text.CyUSB_PowerOnCheck
                0x00000000       0x48 .\CortexM3\ARM_GCC_541\Debug\LSM6DSRX+LIS2MDL.a(CyLib.o)
 .text.CyBusClk_Internal_SetDivider
                0x00000000       0x48 .\CortexM3\ARM_GCC_541\Debug\LSM6DSRX+LIS2MDL.a(CyLib.o)
 .text.CyPLL_OUT_Stop
                0x00000000       0x10 .\CortexM3\ARM_GCC_541\Debug\LSM6DSRX+LIS2MDL.a(CyLib.o)
 .text.CyIMO_Stop
                0x00000000       0x1c .\CortexM3\ARM_GCC_541\Debug\LSM6DSRX+LIS2MDL.a(CyLib.o)
 .text.CyIMO_EnableDoubler
                0x00000000       0x10 .\CortexM3\ARM_GCC_541\Debug\LSM6DSRX+LIS2MDL.a(CyLib.o)
 .text.CyIMO_DisableDoubler
                0x00000000       0x10 .\CortexM3\ARM_GCC_541\Debug\LSM6DSRX+LIS2MDL.a(CyLib.o)
 .text.CyMasterClk_SetSource
                0x00000000       0x18 .\CortexM3\ARM_GCC_541\Debug\LSM6DSRX+LIS2MDL.a(CyLib.o)
 .text.CyMasterClk_SetDivider
                0x00000000        0xc .\CortexM3\ARM_GCC_541\Debug\LSM6DSRX+LIS2MDL.a(CyLib.o)
 .text.CyBusClk_SetDivider
                0x00000000       0x70 .\CortexM3\ARM_GCC_541\Debug\LSM6DSRX+LIS2MDL.a(CyLib.o)
 .text.CyUsbClk_SetSource
                0x00000000       0x18 .\CortexM3\ARM_GCC_541\Debug\LSM6DSRX+LIS2MDL.a(CyLib.o)
 .text.CyILO_Start1K
                0x00000000       0x10 .\CortexM3\ARM_GCC_541\Debug\LSM6DSRX+LIS2MDL.a(CyLib.o)
 .text.CyILO_Stop1K
                0x00000000       0x10 .\CortexM3\ARM_GCC_541\Debug\LSM6DSRX+LIS2MDL.a(CyLib.o)
 .text.CyILO_Start100K
                0x00000000       0x10 .\CortexM3\ARM_GCC_541\Debug\LSM6DSRX+LIS2MDL.a(CyLib.o)
 .text.CyILO_Stop100K
                0x00000000       0x10 .\CortexM3\ARM_GCC_541\Debug\LSM6DSRX+LIS2MDL.a(CyLib.o)
 .text.CyPLL_OUT_Start
                0x00000000       0x78 .\CortexM3\ARM_GCC_541\Debug\LSM6DSRX+LIS2MDL.a(CyLib.o)
 .text.CyIMO_Start
                0x00000000       0x60 .\CortexM3\ARM_GCC_541\Debug\LSM6DSRX+LIS2MDL.a(CyLib.o)
 .text.CyILO_Enable33K
                0x00000000       0x10 .\CortexM3\ARM_GCC_541\Debug\LSM6DSRX+LIS2MDL.a(CyLib.o)
 .text.CyILO_Disable33K
                0x00000000       0x10 .\CortexM3\ARM_GCC_541\Debug\LSM6DSRX+LIS2MDL.a(CyLib.o)
 .text.CyILO_SetSource
                0x00000000       0x18 .\CortexM3\ARM_GCC_541\Debug\LSM6DSRX+LIS2MDL.a(CyLib.o)
 .text.CyILO_SetPowerMode
                0x00000000       0x24 .\CortexM3\ARM_GCC_541\Debug\LSM6DSRX+LIS2MDL.a(CyLib.o)
 .text.CyXTAL_32KHZ_Stop
                0x00000000       0x30 .\CortexM3\ARM_GCC_541\Debug\LSM6DSRX+LIS2MDL.a(CyLib.o)
 .text.CyXTAL_32KHZ_ReadStatus
                0x00000000       0x10 .\CortexM3\ARM_GCC_541\Debug\LSM6DSRX+LIS2MDL.a(CyLib.o)
 .text.CyXTAL_Start
                0x00000000       0xac .\CortexM3\ARM_GCC_541\Debug\LSM6DSRX+LIS2MDL.a(CyLib.o)
 .text.CyXTAL_Stop
                0x00000000       0x10 .\CortexM3\ARM_GCC_541\Debug\LSM6DSRX+LIS2MDL.a(CyLib.o)
 .text.CyXTAL_EnableErrStatus
                0x00000000       0x10 .\CortexM3\ARM_GCC_541\Debug\LSM6DSRX+LIS2MDL.a(CyLib.o)
 .text.CyXTAL_DisableErrStatus
                0x00000000       0x10 .\CortexM3\ARM_GCC_541\Debug\LSM6DSRX+LIS2MDL.a(CyLib.o)
 .text.CyXTAL_ReadStatus
                0x00000000       0x18 .\CortexM3\ARM_GCC_541\Debug\LSM6DSRX+LIS2MDL.a(CyLib.o)
 .text.CyXTAL_EnableFaultRecovery
                0x00000000       0x10 .\CortexM3\ARM_GCC_541\Debug\LSM6DSRX+LIS2MDL.a(CyLib.o)
 .text.CyXTAL_DisableFaultRecovery
                0x00000000       0x10 .\CortexM3\ARM_GCC_541\Debug\LSM6DSRX+LIS2MDL.a(CyLib.o)
 .text.CyXTAL_SetStartup
                0x00000000       0x18 .\CortexM3\ARM_GCC_541\Debug\LSM6DSRX+LIS2MDL.a(CyLib.o)
 .text.CyXTAL_SetFbVoltage
                0x00000000       0x18 .\CortexM3\ARM_GCC_541\Debug\LSM6DSRX+LIS2MDL.a(CyLib.o)
 .text.CyXTAL_SetWdVoltage
                0x00000000       0x18 .\CortexM3\ARM_GCC_541\Debug\LSM6DSRX+LIS2MDL.a(CyLib.o)
 .text.CyPLL_OUT_SetPQ
                0x00000000       0x60 .\CortexM3\ARM_GCC_541\Debug\LSM6DSRX+LIS2MDL.a(CyLib.o)
 .text.CyPLL_OUT_SetSource
                0x00000000       0x34 .\CortexM3\ARM_GCC_541\Debug\LSM6DSRX+LIS2MDL.a(CyLib.o)
 .text.CyIMO_SetTrimValue
                0x00000000       0xcc .\CortexM3\ARM_GCC_541\Debug\LSM6DSRX+LIS2MDL.a(CyLib.o)
 .text.CyIMO_SetFreq
                0x00000000       0xf4 .\CortexM3\ARM_GCC_541\Debug\LSM6DSRX+LIS2MDL.a(CyLib.o)
 .text.CyIMO_SetSource
                0x00000000       0x58 .\CortexM3\ARM_GCC_541\Debug\LSM6DSRX+LIS2MDL.a(CyLib.o)
 .text.CySoftwareReset
                0x00000000       0x10 .\CortexM3\ARM_GCC_541\Debug\LSM6DSRX+LIS2MDL.a(CyLib.o)
 .text.CyDelayUs
                0x00000000       0x14 .\CortexM3\ARM_GCC_541\Debug\LSM6DSRX+LIS2MDL.a(CyLib.o)
 .text.CyXTAL_32KHZ_SetPowerMode
                0x00000000       0x84 .\CortexM3\ARM_GCC_541\Debug\LSM6DSRX+LIS2MDL.a(CyLib.o)
 .text.CyXTAL_32KHZ_Start
                0x00000000       0x74 .\CortexM3\ARM_GCC_541\Debug\LSM6DSRX+LIS2MDL.a(CyLib.o)
 .text.CyDelayFreq
                0x00000000       0x4c .\CortexM3\ARM_GCC_541\Debug\LSM6DSRX+LIS2MDL.a(CyLib.o)
 .text.CyWdtStart
                0x00000000       0x40 .\CortexM3\ARM_GCC_541\Debug\LSM6DSRX+LIS2MDL.a(CyLib.o)
 .text.CyWdtClear
                0x00000000        0xc .\CortexM3\ARM_GCC_541\Debug\LSM6DSRX+LIS2MDL.a(CyLib.o)
 .text.CyVdStickyStatus
                0x00000000       0x2c .\CortexM3\ARM_GCC_541\Debug\LSM6DSRX+LIS2MDL.a(CyLib.o)
 .text.CyVdLvDigitEnable
                0x00000000       0x84 .\CortexM3\ARM_GCC_541\Debug\LSM6DSRX+LIS2MDL.a(CyLib.o)
 .text.CyVdLvAnalogEnable
                0x00000000       0x80 .\CortexM3\ARM_GCC_541\Debug\LSM6DSRX+LIS2MDL.a(CyLib.o)
 .text.CyVdLvDigitDisable
                0x00000000       0x30 .\CortexM3\ARM_GCC_541\Debug\LSM6DSRX+LIS2MDL.a(CyLib.o)
 .text.CyVdLvAnalogDisable
                0x00000000       0x28 .\CortexM3\ARM_GCC_541\Debug\LSM6DSRX+LIS2MDL.a(CyLib.o)
 .text.CyVdHvAnalogEnable
                0x00000000       0x54 .\CortexM3\ARM_GCC_541\Debug\LSM6DSRX+LIS2MDL.a(CyLib.o)
 .text.CyVdHvAnalogDisable
                0x00000000       0x20 .\CortexM3\ARM_GCC_541\Debug\LSM6DSRX+LIS2MDL.a(CyLib.o)
 .text.CyVdRealTimeStatus
                0x00000000       0x1c .\CortexM3\ARM_GCC_541\Debug\LSM6DSRX+LIS2MDL.a(CyLib.o)
 .text.CyDisableInts
                0x00000000       0x1c .\CortexM3\ARM_GCC_541\Debug\LSM6DSRX+LIS2MDL.a(CyLib.o)
 .text.CyEnableInts
                0x00000000       0x18 .\CortexM3\ARM_GCC_541\Debug\LSM6DSRX+LIS2MDL.a(CyLib.o)
 .text.CyFlushCache
                0x00000000       0x44 .\CortexM3\ARM_GCC_541\Debug\LSM6DSRX+LIS2MDL.a(CyLib.o)
 .text.CyIntSetSysVector
                0x00000000       0x28 .\CortexM3\ARM_GCC_541\Debug\LSM6DSRX+LIS2MDL.a(CyLib.o)
 .text.CyIntGetSysVector
                0x00000000       0x20 .\CortexM3\ARM_GCC_541\Debug\LSM6DSRX+LIS2MDL.a(CyLib.o)
 .text.CyIntGetVector
                0x00000000       0x24 .\CortexM3\ARM_GCC_541\Debug\LSM6DSRX+LIS2MDL.a(CyLib.o)
 .text.CyIntGetPriority
                0x00000000       0x20 .\CortexM3\ARM_GCC_541\Debug\LSM6DSRX+LIS2MDL.a(CyLib.o)
 .text.CyIntGetState
                0x00000000       0x24 .\CortexM3\ARM_GCC_541\Debug\LSM6DSRX+LIS2MDL.a(CyLib.o)
 .text.CySysTickStop
                0x00000000       0x10 .\CortexM3\ARM_GCC_541\Debug\LSM6DSRX+LIS2MDL.a(CyLib.o)
 .text.CySysTickEnableInterrupt
                0x00000000       0x10 .\CortexM3\ARM_GCC_541\Debug\LSM6DSRX+LIS2MDL.a(CyLib.o)
 .text.CySysTickEnable
                0x00000000       0x18 .\CortexM3\ARM_GCC_541\Debug\LSM6DSRX+LIS2MDL.a(CyLib.o)
 .text.CySysTickDisableInterrupt
                0x00000000       0x10 .\CortexM3\ARM_GCC_541\Debug\LSM6DSRX+LIS2MDL.a(CyLib.o)
 .text.CySysTickSetReload
                0x00000000       0x10 .\CortexM3\ARM_GCC_541\Debug\LSM6DSRX+LIS2MDL.a(CyLib.o)
 .text.CySysTickGetReload
                0x00000000       0x10 .\CortexM3\ARM_GCC_541\Debug\LSM6DSRX+LIS2MDL.a(CyLib.o)
 .text.CySysTickGetValue
                0x00000000       0x10 .\CortexM3\ARM_GCC_541\Debug\LSM6DSRX+LIS2MDL.a(CyLib.o)
 .text.CySysTickSetClockSource
                0x00000000       0x20 .\CortexM3\ARM_GCC_541\Debug\LSM6DSRX+LIS2MDL.a(CyLib.o)
 .text.CySysTickGetClockSource
                0x00000000       0x10 .\CortexM3\ARM_GCC_541\Debug\LSM6DSRX+LIS2MDL.a(CyLib.o)
 .text.CySysTickGetCountFlag
                0x00000000       0x10 .\CortexM3\ARM_GCC_541\Debug\LSM6DSRX+LIS2MDL.a(CyLib.o)
 .text.CySysTickServiceCallbacks
                0x00000000       0x28 .\CortexM3\ARM_GCC_541\Debug\LSM6DSRX+LIS2MDL.a(CyLib.o)
 .text.CySysTickClear
                0x00000000        0xc .\CortexM3\ARM_GCC_541\Debug\LSM6DSRX+LIS2MDL.a(CyLib.o)
 .text.CySysTickInit
                0x00000000       0x58 .\CortexM3\ARM_GCC_541\Debug\LSM6DSRX+LIS2MDL.a(CyLib.o)
 .text.CySysTickStart
                0x00000000       0x1c .\CortexM3\ARM_GCC_541\Debug\LSM6DSRX+LIS2MDL.a(CyLib.o)
 .text.CySysTickSetCallback
                0x00000000       0x10 .\CortexM3\ARM_GCC_541\Debug\LSM6DSRX+LIS2MDL.a(CyLib.o)
 .text.CySysTickGetCallback
                0x00000000       0x10 .\CortexM3\ARM_GCC_541\Debug\LSM6DSRX+LIS2MDL.a(CyLib.o)
 .text.CyGetUniqueId
                0x00000000       0x70 .\CortexM3\ARM_GCC_541\Debug\LSM6DSRX+LIS2MDL.a(CyLib.o)
 .text          0x00000000        0x0 .\CortexM3\ARM_GCC_541\Debug\LSM6DSRX+LIS2MDL.a(cyPm.o)
 .data          0x00000000        0x0 .\CortexM3\ARM_GCC_541\Debug\LSM6DSRX+LIS2MDL.a(cyPm.o)
 .bss           0x00000000       0x43 .\CortexM3\ARM_GCC_541\Debug\LSM6DSRX+LIS2MDL.a(cyPm.o)
 .text.CyPmHibSlpSaveSet
                0x00000000      0x1dc .\CortexM3\ARM_GCC_541\Debug\LSM6DSRX+LIS2MDL.a(cyPm.o)
 .text.CyPmHibSlpRestore
                0x00000000       0xd8 .\CortexM3\ARM_GCC_541\Debug\LSM6DSRX+LIS2MDL.a(cyPm.o)
 .text.CyPmHviLviSaveDisable
                0x00000000       0xa0 .\CortexM3\ARM_GCC_541\Debug\LSM6DSRX+LIS2MDL.a(cyPm.o)
 .text.CyPmHibSaveSet
                0x00000000       0x98 .\CortexM3\ARM_GCC_541\Debug\LSM6DSRX+LIS2MDL.a(cyPm.o)
 .text.CyPmHviLviRestore
                0x00000000       0x48 .\CortexM3\ARM_GCC_541\Debug\LSM6DSRX+LIS2MDL.a(cyPm.o)
 .text.CyPmHibRestore
                0x00000000       0x60 .\CortexM3\ARM_GCC_541\Debug\LSM6DSRX+LIS2MDL.a(cyPm.o)
 .text.CyPmSaveClocks
                0x00000000      0x218 .\CortexM3\ARM_GCC_541\Debug\LSM6DSRX+LIS2MDL.a(cyPm.o)
 .text.CyPmRestoreClocks
                0x00000000      0x24c .\CortexM3\ARM_GCC_541\Debug\LSM6DSRX+LIS2MDL.a(cyPm.o)
 .text.CyPmAltAct
                0x00000000       0x6c .\CortexM3\ARM_GCC_541\Debug\LSM6DSRX+LIS2MDL.a(cyPm.o)
 .text.CyPmSleep
                0x00000000       0xf4 .\CortexM3\ARM_GCC_541\Debug\LSM6DSRX+LIS2MDL.a(cyPm.o)
 .text.CyPmHibernateEx
                0x00000000       0xf4 .\CortexM3\ARM_GCC_541\Debug\LSM6DSRX+LIS2MDL.a(cyPm.o)
 .text.CyPmHibernate
                0x00000000        0xc .\CortexM3\ARM_GCC_541\Debug\LSM6DSRX+LIS2MDL.a(cyPm.o)
 .text.CyPmReadStatus
                0x00000000       0x30 .\CortexM3\ARM_GCC_541\Debug\LSM6DSRX+LIS2MDL.a(cyPm.o)
 .text.CyPmCtwSetInterval
                0x00000000       0x5c .\CortexM3\ARM_GCC_541\Debug\LSM6DSRX+LIS2MDL.a(cyPm.o)
 .text.CyPmOppsSet
                0x00000000       0x2c .\CortexM3\ARM_GCC_541\Debug\LSM6DSRX+LIS2MDL.a(cyPm.o)
 .text.CyPmFtwSetInterval
                0x00000000       0x5c .\CortexM3\ARM_GCC_541\Debug\LSM6DSRX+LIS2MDL.a(cyPm.o)
 .rodata        0x00000000        0xf .\CortexM3\ARM_GCC_541\Debug\LSM6DSRX+LIS2MDL.a(cyPm.o)
 .data          0x00000000        0x0 .\CortexM3\ARM_GCC_541\Debug\LSM6DSRX+LIS2MDL.a(CyBootAsmGnu.o)
 .bss           0x00000000        0x0 .\CortexM3\ARM_GCC_541\Debug\LSM6DSRX+LIS2MDL.a(CyBootAsmGnu.o)
 .text          0x00000000        0x0 .\CortexM3\ARM_GCC_541\Debug\LSM6DSRX+LIS2MDL.a(CyFlash.o)
 .data          0x00000000        0x0 .\CortexM3\ARM_GCC_541\Debug\LSM6DSRX+LIS2MDL.a(CyFlash.o)
 .bss           0x00000000        0x0 .\CortexM3\ARM_GCC_541\Debug\LSM6DSRX+LIS2MDL.a(CyFlash.o)
 .text.CySetTempInt
                0x00000000       0x60 .\CortexM3\ARM_GCC_541\Debug\LSM6DSRX+LIS2MDL.a(CyFlash.o)
 .text.CyFlash_Start
                0x00000000       0x54 .\CortexM3\ARM_GCC_541\Debug\LSM6DSRX+LIS2MDL.a(CyFlash.o)
 .text.CyFlash_Stop
                0x00000000       0x24 .\CortexM3\ARM_GCC_541\Debug\LSM6DSRX+LIS2MDL.a(CyFlash.o)
 .text.CyFlash_EraseRow
                0x00000000       0x78 .\CortexM3\ARM_GCC_541\Debug\LSM6DSRX+LIS2MDL.a(CyFlash.o)
 .text.CyFlashGetSpcAlgorithm
                0x00000000       0x4c .\CortexM3\ARM_GCC_541\Debug\LSM6DSRX+LIS2MDL.a(CyFlash.o)
 .text.CySetTemp
                0x00000000       0x14 .\CortexM3\ARM_GCC_541\Debug\LSM6DSRX+LIS2MDL.a(CyFlash.o)
 .text.CySetFlashEEBuffer
                0x00000000       0x20 .\CortexM3\ARM_GCC_541\Debug\LSM6DSRX+LIS2MDL.a(CyFlash.o)
 .text.CyWriteRowFull
                0x00000000       0xf8 .\CortexM3\ARM_GCC_541\Debug\LSM6DSRX+LIS2MDL.a(CyFlash.o)
 .text.CyWriteRowData
                0x00000000       0x14 .\CortexM3\ARM_GCC_541\Debug\LSM6DSRX+LIS2MDL.a(CyFlash.o)
 .text.CyFlash_SetWaitCycles
                0x00000000       0x7c .\CortexM3\ARM_GCC_541\Debug\LSM6DSRX+LIS2MDL.a(CyFlash.o)
 .text.CyEEPROM_Start
                0x00000000       0x54 .\CortexM3\ARM_GCC_541\Debug\LSM6DSRX+LIS2MDL.a(CyFlash.o)
 .text.CyEEPROM_Stop
                0x00000000       0x24 .\CortexM3\ARM_GCC_541\Debug\LSM6DSRX+LIS2MDL.a(CyFlash.o)
 .text.CyEEPROM_ReadReserve
                0x00000000       0x1c .\CortexM3\ARM_GCC_541\Debug\LSM6DSRX+LIS2MDL.a(CyFlash.o)
 .text.CyEEPROM_ReadRelease
                0x00000000       0x10 .\CortexM3\ARM_GCC_541\Debug\LSM6DSRX+LIS2MDL.a(CyFlash.o)
 COMMON         0x00000000        0x2 .\CortexM3\ARM_GCC_541\Debug\LSM6DSRX+LIS2MDL.a(CyFlash.o)
 .text          0x00000000        0x0 .\CortexM3\ARM_GCC_541\Debug\LSM6DSRX+LIS2MDL.a(CySpc.o)
 .data          0x00000000        0x0 .\CortexM3\ARM_GCC_541\Debug\LSM6DSRX+LIS2MDL.a(CySpc.o)
 .bss           0x00000000        0x8 .\CortexM3\ARM_GCC_541\Debug\LSM6DSRX+LIS2MDL.a(CySpc.o)
 .text.CySpcStart
                0x00000000       0x24 .\CortexM3\ARM_GCC_541\Debug\LSM6DSRX+LIS2MDL.a(CySpc.o)
 .text.CySpcStop
                0x00000000       0x24 .\CortexM3\ARM_GCC_541\Debug\LSM6DSRX+LIS2MDL.a(CySpc.o)
 .text.CySpcReadData
                0x00000000       0x34 .\CortexM3\ARM_GCC_541\Debug\LSM6DSRX+LIS2MDL.a(CySpc.o)
 .text.CySpcLoadMultiByte
                0x00000000       0x78 .\CortexM3\ARM_GCC_541\Debug\LSM6DSRX+LIS2MDL.a(CySpc.o)
 .text.CySpcLoadRow
                0x00000000       0x50 .\CortexM3\ARM_GCC_541\Debug\LSM6DSRX+LIS2MDL.a(CySpc.o)
 .text.CySpcLoadRowFull
                0x00000000       0x80 .\CortexM3\ARM_GCC_541\Debug\LSM6DSRX+LIS2MDL.a(CySpc.o)
 .text.CySpcWriteRow
                0x00000000       0x4c .\CortexM3\ARM_GCC_541\Debug\LSM6DSRX+LIS2MDL.a(CySpc.o)
 .text.CySpcEraseSector
                0x00000000       0x3c .\CortexM3\ARM_GCC_541\Debug\LSM6DSRX+LIS2MDL.a(CySpc.o)
 .text.CySpcEraseRow
                0x00000000       0x4c .\CortexM3\ARM_GCC_541\Debug\LSM6DSRX+LIS2MDL.a(CySpc.o)
 .text.CySpcGetTemp
                0x00000000       0x3c .\CortexM3\ARM_GCC_541\Debug\LSM6DSRX+LIS2MDL.a(CySpc.o)
 .text.CySpcLock
                0x00000000       0x4c .\CortexM3\ARM_GCC_541\Debug\LSM6DSRX+LIS2MDL.a(CySpc.o)
 .text.CySpcUnlock
                0x00000000       0x38 .\CortexM3\ARM_GCC_541\Debug\LSM6DSRX+LIS2MDL.a(CySpc.o)
 .text.CySpcGetAlgorithm
                0x00000000       0x28 .\CortexM3\ARM_GCC_541\Debug\LSM6DSRX+LIS2MDL.a(CySpc.o)
 .text          0x00000000        0x0 c:/program files (x86)/cypress/psoc creator/4.4/psoc creator/import/gnu/arm/5.4.1/bin/../lib/gcc/arm-none-eabi/5.4.1/../../../../arm-none-eabi/lib/armv7-m\libg_nano.a(lib_a-errno.o)
 .data          0x00000000        0x0 c:/program files (x86)/cypress/psoc creator/4.4/psoc creator/import/gnu/arm/5.4.1/bin/../lib/gcc/arm-none-eabi/5.4.1/../../../../arm-none-eabi/lib/armv7-m\libg_nano.a(lib_a-errno.o)
 .bss           0x00000000        0x0 c:/program files (x86)/cypress/psoc creator/4.4/psoc creator/import/gnu/arm/5.4.1/bin/../lib/gcc/arm-none-eabi/5.4.1/../../../../arm-none-eabi/lib/armv7-m\libg_nano.a(lib_a-errno.o)
 .text          0x00000000        0x0 c:/program files (x86)/cypress/psoc creator/4.4/psoc creator/import/gnu/arm/5.4.1/bin/../lib/gcc/arm-none-eabi/5.4.1/../../../../arm-none-eabi/lib/armv7-m\libg_nano.a(lib_a-exit.o)
 .data          0x00000000        0x0 c:/program files (x86)/cypress/psoc creator/4.4/psoc creator/import/gnu/arm/5.4.1/bin/../lib/gcc/arm-none-eabi/5.4.1/../../../../arm-none-eabi/lib/armv7-m\libg_nano.a(lib_a-exit.o)
 .bss           0x00000000        0x0 c:/program files (x86)/cypress/psoc creator/4.4/psoc creator/import/gnu/arm/5.4.1/bin/../lib/gcc/arm-none-eabi/5.4.1/../../../../arm-none-eabi/lib/armv7-m\libg_nano.a(lib_a-exit.o)
 .text.exit     0x00000000       0x28 c:/program files (x86)/cypress/psoc creator/4.4/psoc creator/import/gnu/arm/5.4.1/bin/../lib/gcc/arm-none-eabi/5.4.1/../../../../arm-none-eabi/lib/armv7-m\libg_nano.a(lib_a-exit.o)
 .text          0x00000000        0x0 c:/program files (x86)/cypress/psoc creator/4.4/psoc creator/import/gnu/arm/5.4.1/bin/../lib/gcc/arm-none-eabi/5.4.1/../../../../arm-none-eabi/lib/armv7-m\libg_nano.a(lib_a-impure.o)
 .data          0x00000000        0x0 c:/program files (x86)/cypress/psoc creator/4.4/psoc creator/import/gnu/arm/5.4.1/bin/../lib/gcc/arm-none-eabi/5.4.1/../../../../arm-none-eabi/lib/armv7-m\libg_nano.a(lib_a-impure.o)
 .bss           0x00000000        0x0 c:/program files (x86)/cypress/psoc creator/4.4/psoc creator/import/gnu/arm/5.4.1/bin/../lib/gcc/arm-none-eabi/5.4.1/../../../../arm-none-eabi/lib/armv7-m\libg_nano.a(lib_a-impure.o)
 .rodata._global_impure_ptr
                0x00000000        0x4 c:/program files (x86)/cypress/psoc creator/4.4/psoc creator/import/gnu/arm/5.4.1/bin/../lib/gcc/arm-none-eabi/5.4.1/../../../../arm-none-eabi/lib/armv7-m\libg_nano.a(lib_a-impure.o)
 .text          0x00000000        0x0 c:/program files (x86)/cypress/psoc creator/4.4/psoc creator/import/gnu/arm/5.4.1/bin/../lib/gcc/arm-none-eabi/5.4.1/../../../../arm-none-eabi/lib/armv7-m\libg_nano.a(lib_a-init.o)
 .data          0x00000000        0x0 c:/program files (x86)/cypress/psoc creator/4.4/psoc creator/import/gnu/arm/5.4.1/bin/../lib/gcc/arm-none-eabi/5.4.1/../../../../arm-none-eabi/lib/armv7-m\libg_nano.a(lib_a-init.o)
 .bss           0x00000000        0x0 c:/program files (x86)/cypress/psoc creator/4.4/psoc creator/import/gnu/arm/5.4.1/bin/../lib/gcc/arm-none-eabi/5.4.1/../../../../arm-none-eabi/lib/armv7-m\libg_nano.a(lib_a-init.o)
 .text          0x00000000        0x0 c:/program files (x86)/cypress/psoc creator/4.4/psoc creator/import/gnu/arm/5.4.1/bin/../lib/gcc/arm-none-eabi/5.4.1/../../../../arm-none-eabi/lib/armv7-m\libg_nano.a(lib_a-memcpy-stub.o)
 .data          0x00000000        0x0 c:/program files (x86)/cypress/psoc creator/4.4/psoc creator/import/gnu/arm/5.4.1/bin/../lib/gcc/arm-none-eabi/5.4.1/../../../../arm-none-eabi/lib/armv7-m\libg_nano.a(lib_a-memcpy-stub.o)
 .bss           0x00000000        0x0 c:/program files (x86)/cypress/psoc creator/4.4/psoc creator/import/gnu/arm/5.4.1/bin/../lib/gcc/arm-none-eabi/5.4.1/../../../../arm-none-eabi/lib/armv7-m\libg_nano.a(lib_a-memcpy-stub.o)
 .text          0x00000000        0x0 c:/program files (x86)/cypress/psoc creator/4.4/psoc creator/import/gnu/arm/5.4.1/bin/../lib/gcc/arm-none-eabi/5.4.1/../../../../arm-none-eabi/lib/armv7-m\libg_nano.a(lib_a-memset.o)
 .data          0x00000000        0x0 c:/program files (x86)/cypress/psoc creator/4.4/psoc creator/import/gnu/arm/5.4.1/bin/../lib/gcc/arm-none-eabi/5.4.1/../../../../arm-none-eabi/lib/armv7-m\libg_nano.a(lib_a-memset.o)
 .bss           0x00000000        0x0 c:/program files (x86)/cypress/psoc creator/4.4/psoc creator/import/gnu/arm/5.4.1/bin/../lib/gcc/arm-none-eabi/5.4.1/../../../../arm-none-eabi/lib/armv7-m\libg_nano.a(lib_a-memset.o)
 .text          0x00000000        0x0 c:/program files (x86)/cypress/psoc creator/4.4/psoc creator/import/gnu/arm/5.4.1/bin/../lib/gcc/arm-none-eabi/5.4.1/armv7-m/crtend.o
 .data          0x00000000        0x0 c:/program files (x86)/cypress/psoc creator/4.4/psoc creator/import/gnu/arm/5.4.1/bin/../lib/gcc/arm-none-eabi/5.4.1/armv7-m/crtend.o
 .bss           0x00000000        0x0 c:/program files (x86)/cypress/psoc creator/4.4/psoc creator/import/gnu/arm/5.4.1/bin/../lib/gcc/arm-none-eabi/5.4.1/armv7-m/crtend.o
 .text          0x00000000        0x0 c:/program files (x86)/cypress/psoc creator/4.4/psoc creator/import/gnu/arm/5.4.1/bin/../lib/gcc/arm-none-eabi/5.4.1/armv7-m/crtn.o
 .data          0x00000000        0x0 c:/program files (x86)/cypress/psoc creator/4.4/psoc creator/import/gnu/arm/5.4.1/bin/../lib/gcc/arm-none-eabi/5.4.1/armv7-m/crtn.o
 .bss           0x00000000        0x0 c:/program files (x86)/cypress/psoc creator/4.4/psoc creator/import/gnu/arm/5.4.1/bin/../lib/gcc/arm-none-eabi/5.4.1/armv7-m/crtn.o

Memory Configuration

Name             Origin             Length             Attributes
rom              0x00000000         0x00040000         xr
ram              0x1fff8000         0x00010000         xrw
*default*        0x00000000         0xffffffff

Linker script and memory map

LOAD c:/program files (x86)/cypress/psoc creator/4.4/psoc creator/import/gnu/arm/5.4.1/bin/../lib/gcc/arm-none-eabi/5.4.1/armv7-m/crti.o
LOAD c:/program files (x86)/cypress/psoc creator/4.4/psoc creator/import/gnu/arm/5.4.1/bin/../lib/gcc/arm-none-eabi/5.4.1/armv7-m/crtbegin.o
LOAD c:/program files (x86)/cypress/psoc creator/4.4/psoc creator/import/gnu/arm/5.4.1/bin/../lib/gcc/arm-none-eabi/5.4.1/../../../../arm-none-eabi/lib/armv7-m/crt0.o
START GROUP
LOAD .\CortexM3\ARM_GCC_541\Debug\main.o
LOAD .\CortexM3\ARM_GCC_541\Debug\source01.o
LOAD .\CortexM3\ARM_GCC_541\Debug\cyfitter_cfg.o
LOAD .\CortexM3\ARM_GCC_541\Debug\cymetadata.o
LOAD .\CortexM3\ARM_GCC_541\Debug\Cm3Start.o
LOAD .\CortexM3\ARM_GCC_541\Debug\LSM6DSRX+LIS2MDL.a
LOAD C:\Program Files (x86)\Cypress\PSoC Creator\4.4\PSoC Creator\psoc\content\cycomponentlibrary\CyComponentLibrary.cylib\CortexM3\ARM_GCC_541\Debug\CyComponentLibrary.a
END GROUP
START GROUP
LOAD c:/program files (x86)/cypress/psoc creator/4.4/psoc creator/import/gnu/arm/5.4.1/bin/../lib/gcc/arm-none-eabi/5.4.1/armv7-m\libgcc.a
LOAD c:/program files (x86)/cypress/psoc creator/4.4/psoc creator/import/gnu/arm/5.4.1/bin/../lib/gcc/arm-none-eabi/5.4.1/../../../../arm-none-eabi/lib/armv7-m\libg_nano.a
LOAD c:/program files (x86)/cypress/psoc creator/4.4/psoc creator/import/gnu/arm/5.4.1/bin/../lib/gcc/arm-none-eabi/5.4.1/../../../../arm-none-eabi/lib/armv7-m\libc_nano.a
END GROUP
START GROUP
LOAD c:/program files (x86)/cypress/psoc creator/4.4/psoc creator/import/gnu/arm/5.4.1/bin/../lib/gcc/arm-none-eabi/5.4.1/armv7-m\libgcc.a
LOAD c:/program files (x86)/cypress/psoc creator/4.4/psoc creator/import/gnu/arm/5.4.1/bin/../lib/gcc/arm-none-eabi/5.4.1/../../../../arm-none-eabi/lib/armv7-m\libc_nano.a
END GROUP
LOAD c:/program files (x86)/cypress/psoc creator/4.4/psoc creator/import/gnu/arm/5.4.1/bin/../lib/gcc/arm-none-eabi/5.4.1/armv7-m/crtend.o
LOAD c:/program files (x86)/cypress/psoc creator/4.4/psoc creator/import/gnu/arm/5.4.1/bin/../lib/gcc/arm-none-eabi/5.4.1/armv7-m/crtn.o
START GROUP
LOAD c:/program files (x86)/cypress/psoc creator/4.4/psoc creator/import/gnu/arm/5.4.1/bin/../lib/gcc/arm-none-eabi/5.4.1/armv7-m\libgcc.a
LOAD c:/program files (x86)/cypress/psoc creator/4.4/psoc creator/import/gnu/arm/5.4.1/bin/../lib/gcc/arm-none-eabi/5.4.1/../../../../arm-none-eabi/lib/armv7-m\libc.a
LOAD c:/program files (x86)/cypress/psoc creator/4.4/psoc creator/import/gnu/arm/5.4.1/bin/../lib/gcc/arm-none-eabi/5.4.1/../../../../arm-none-eabi/lib/armv7-m\libnosys.a
END GROUP
                0x00000000                CY_APPL_ORIGIN = 0x0
                0x00000100                CY_FLASH_ROW_SIZE = 0x100
                0x00000020                CY_ECC_ROW_SIZE = 0x20
                0x00000000                CY_EE_IN_BTLDR = 0x0
                0x00000000                CY_APPL_LOADABLE = 0x0
                0x00000800                CY_EE_SIZE = 0x800
                0x00000001                CY_APPL_NUM = 0x1
                0x00000001                CY_APPL_MAX = 0x1
                0x00000040                CY_METADATA_SIZE = 0x40
                0x00000000                CY_APPL_LOADABLE = 0x0
                0x00000000                CY_CHECKSUM_EXCLUDE_SIZE = ALIGN (0x0, CY_FLASH_ROW_SIZE)
                [!provide]                PROVIDE (__cy_heap_start, _end)
                0x00000001                PROVIDE (__cy_region_num, ((__cy_regions_end - __cy_regions) / 0x10))
                0x20008000                PROVIDE (__cy_stack, (ORIGIN (ram) + LENGTH (ram)))
                [!provide]                PROVIDE (__cy_heap_end, (__cy_stack - 0x800))

.cybootloader   0x00000000        0x0
 *(.cybootloader)
                0x00000000                appl1_start = CY_APPL_ORIGIN?CY_APPL_ORIGIN:ALIGN (CY_FLASH_ROW_SIZE)
                0x0001ff00                appl2_start = (appl1_start + ALIGN ((((LENGTH (rom) - appl1_start) - (0x2 * CY_FLASH_ROW_SIZE)) / 0x2), CY_FLASH_ROW_SIZE))
                0x00000000                appl_start = (CY_APPL_NUM == 0x1)?appl1_start:appl2_start
                0x00000000                ecc_offset = ((appl_start / CY_FLASH_ROW_SIZE) * CY_ECC_ROW_SIZE)
                0x00000000                ee_offset = (CY_APPL_LOADABLE && ! (CY_EE_IN_BTLDR))?((CY_EE_SIZE / CY_APPL_MAX) * (CY_APPL_NUM - 0x1)):0x0
                0x00000800                ee_size = (CY_APPL_LOADABLE && ! (CY_EE_IN_BTLDR))?(CY_EE_SIZE / CY_APPL_MAX):CY_EE_SIZE
                [!provide]                PROVIDE (CY_ECC_OFFSET, ecc_offset)

.text           0x00000000      0xa66
 CREATE_OBJECT_SYMBOLS
                0x00000000                PROVIDE (__cy_interrupt_vector, RomVectors)
 *(.romvectors)
 .romvectors    0x00000000       0x10 .\CortexM3\ARM_GCC_541\Debug\Cm3Start.o
                0x00000000                RomVectors
                0x00000001                ASSERT ((. != __cy_interrupt_vector), No interrupt vector)
                0x00000001                ASSERT (CY_APPL_ORIGIN?(SIZEOF (.cybootloader) <= CY_APPL_ORIGIN):0x1, Wrong image location)
                0x00000010                PROVIDE (__cy_reset, Reset)
 *(.text.Reset)
 .text.Reset    0x00000010       0x18 .\CortexM3\ARM_GCC_541\Debug\Cm3Start.o
                0x00000010                Reset
                0x00000001                ASSERT ((. != __cy_reset), No reset code)
 *(.dma_init)
                0x00000001                ASSERT ((((appl_start + .) <= 0x10000) || 0x1), DMA Init must be within the first 64k of flash)
 *(.text .text.* .gnu.linkonce.t.*)
 .text          0x00000028       0x5c c:/program files (x86)/cypress/psoc creator/4.4/psoc creator/import/gnu/arm/5.4.1/bin/../lib/gcc/arm-none-eabi/5.4.1/armv7-m/crtbegin.o
 .text.main     0x00000084      0x188 .\CortexM3\ARM_GCC_541\Debug\main.o
                0x00000084                main
 .text.WriteControlRegisterSPI
                0x0000020c       0x34 .\CortexM3\ARM_GCC_541\Debug\source01.o
                0x0000020c                WriteControlRegisterSPI
 .text.ReadControlRegisterSPI
                0x00000240       0x2c .\CortexM3\ARM_GCC_541\Debug\source01.o
                0x00000240                ReadControlRegisterSPI
 .text.CyClockStartupError
                0x0000026c        0x4 .\CortexM3\ARM_GCC_541\Debug\cyfitter_cfg.o
 .text.cfg_write_bytes32
                0x00000270       0x34 .\CortexM3\ARM_GCC_541\Debug\cyfitter_cfg.o
 .text.AnalogSetDefault
                0x000002a4       0x28 .\CortexM3\ARM_GCC_541\Debug\cyfitter_cfg.o
 .text.CYMEMZERO
                0x000002cc        0xc .\CortexM3\ARM_GCC_541\Debug\cyfitter_cfg.o
 .text.ClockSetup
                0x000002d8       0xd0 .\CortexM3\ARM_GCC_541\Debug\cyfitter_cfg.o
 .text.CYCONFIGCPY
                0x000003a8        0x8 .\CortexM3\ARM_GCC_541\Debug\cyfitter_cfg.o
 .text.cyfitter_cfg
                0x000003b0      0x134 .\CortexM3\ARM_GCC_541\Debug\cyfitter_cfg.o
                0x000003b0                cyfitter_cfg
 .text.IntDefaultHandler
                0x000004e4       0x10 .\CortexM3\ARM_GCC_541\Debug\Cm3Start.o
                0x000004e4                IntDefaultHandler
 .text.Start_c  0x000004f4       0x4c .\CortexM3\ARM_GCC_541\Debug\Cm3Start.o
                0x000004f4                Start_c
 .text.initialize_psoc
                0x00000540       0x68 .\CortexM3\ARM_GCC_541\Debug\Cm3Start.o
                0x00000540                initialize_psoc
 .text.SPI_IMU_Enable
                0x000005a8       0x34 .\CortexM3\ARM_GCC_541\Debug\LSM6DSRX+LIS2MDL.a(SPI_IMU.o)
                0x000005a8                SPI_IMU_Enable
 .text.SPI_IMU_ReadTxStatus
                0x000005dc        0xc .\CortexM3\ARM_GCC_541\Debug\LSM6DSRX+LIS2MDL.a(SPI_IMU.o)
                0x000005dc                SPI_IMU_ReadTxStatus
 .text.SPI_IMU_ReadRxStatus
                0x000005e8        0xc .\CortexM3\ARM_GCC_541\Debug\LSM6DSRX+LIS2MDL.a(SPI_IMU.o)
                0x000005e8                SPI_IMU_ReadRxStatus
 .text.SPI_IMU_WriteTxData
                0x000005f4       0x18 .\CortexM3\ARM_GCC_541\Debug\LSM6DSRX+LIS2MDL.a(SPI_IMU.o)
                0x000005f4                SPI_IMU_WriteTxData
 .text.SPI_IMU_ReadRxData
                0x0000060c        0xc .\CortexM3\ARM_GCC_541\Debug\LSM6DSRX+LIS2MDL.a(SPI_IMU.o)
                0x0000060c                SPI_IMU_ReadRxData
 .text.SPI_IMU_ClearRxBuffer
                0x00000618       0x1c .\CortexM3\ARM_GCC_541\Debug\LSM6DSRX+LIS2MDL.a(SPI_IMU.o)
                0x00000618                SPI_IMU_ClearRxBuffer
 .text.SPI_IMU_ClearTxBuffer
                0x00000634       0x24 .\CortexM3\ARM_GCC_541\Debug\LSM6DSRX+LIS2MDL.a(SPI_IMU.o)
                0x00000634                SPI_IMU_ClearTxBuffer
 .text.SPI_IMU_ClearFIFO
                0x00000658       0x3c .\CortexM3\ARM_GCC_541\Debug\LSM6DSRX+LIS2MDL.a(SPI_IMU.o)
                0x00000658                SPI_IMU_ClearFIFO
 .text.SPI_IMU_Init
                0x00000694       0x2c .\CortexM3\ARM_GCC_541\Debug\LSM6DSRX+LIS2MDL.a(SPI_IMU.o)
                0x00000694                SPI_IMU_Init
 .text.SPI_IMU_Start
                0x000006c0       0x1c .\CortexM3\ARM_GCC_541\Debug\LSM6DSRX+LIS2MDL.a(SPI_IMU.o)
                0x000006c0                SPI_IMU_Start
 .text.SPI_IMU_ReadStatus
                0x000006dc       0x18 .\CortexM3\ARM_GCC_541\Debug\LSM6DSRX+LIS2MDL.a(SPI_IMU.o)
                0x000006dc                SPI_IMU_ReadStatus
 .text.UART_Init
                0x000006f4       0x60 .\CortexM3\ARM_GCC_541\Debug\LSM6DSRX+LIS2MDL.a(UART.o)
                0x000006f4                UART_Init
 .text.UART_Enable
                0x00000754       0x54 .\CortexM3\ARM_GCC_541\Debug\LSM6DSRX+LIS2MDL.a(UART.o)
                0x00000754                UART_Enable
 .text.UART_Start
                0x000007a8       0x1c .\CortexM3\ARM_GCC_541\Debug\LSM6DSRX+LIS2MDL.a(UART.o)
                0x000007a8                UART_Start
 .text.UART_PutChar
                0x000007c4       0x70 .\CortexM3\ARM_GCC_541\Debug\LSM6DSRX+LIS2MDL.a(UART.o)
                0x000007c4                UART_PutChar
 .text.UART_RXISR
                0x00000834       0x98 .\CortexM3\ARM_GCC_541\Debug\LSM6DSRX+LIS2MDL.a(UART_INT.o)
                0x00000834                UART_RXISR
 .text.UART_TXISR
                0x000008cc       0x58 .\CortexM3\ARM_GCC_541\Debug\LSM6DSRX+LIS2MDL.a(UART_INT.o)
                0x000008cc                UART_TXISR
 .text.UART_IntClock_Start
                0x00000924       0x1c .\CortexM3\ARM_GCC_541\Debug\LSM6DSRX+LIS2MDL.a(UART_IntClock.o)
                0x00000924                UART_IntClock_Start
 .text.CyHalt   0x00000940        0x4 .\CortexM3\ARM_GCC_541\Debug\LSM6DSRX+LIS2MDL.a(CyLib.o)
                0x00000940                CyHalt
 .text.CyDelay  0x00000944       0x2c .\CortexM3\ARM_GCC_541\Debug\LSM6DSRX+LIS2MDL.a(CyLib.o)
                0x00000944                CyDelay
 .text.CyIntSetVector
                0x00000970       0x28 .\CortexM3\ARM_GCC_541\Debug\LSM6DSRX+LIS2MDL.a(CyLib.o)
                0x00000970                CyIntSetVector
 .text.CyIntSetPriority
                0x00000998       0x30 .\CortexM3\ARM_GCC_541\Debug\LSM6DSRX+LIS2MDL.a(CyLib.o)
                0x00000998                CyIntSetPriority
 .text          0x000009c8       0x20 .\CortexM3\ARM_GCC_541\Debug\LSM6DSRX+LIS2MDL.a(CyBootAsmGnu.o)
                0x000009c8                CyDelayCycles
                0x000009d8                CyEnterCriticalSection
                0x000009e0                CyExitCriticalSection
 .text.__errno  0x000009e8        0xc c:/program files (x86)/cypress/psoc creator/4.4/psoc creator/import/gnu/arm/5.4.1/bin/../lib/gcc/arm-none-eabi/5.4.1/../../../../arm-none-eabi/lib/armv7-m\libg_nano.a(lib_a-errno.o)
                0x000009e8                __errno
 .text.__libc_init_array
                0x000009f4       0x4c c:/program files (x86)/cypress/psoc creator/4.4/psoc creator/import/gnu/arm/5.4.1/bin/../lib/gcc/arm-none-eabi/5.4.1/../../../../arm-none-eabi/lib/armv7-m\libg_nano.a(lib_a-init.o)
                0x000009f4                __libc_init_array
 .text.memcpy   0x00000a40       0x16 c:/program files (x86)/cypress/psoc creator/4.4/psoc creator/import/gnu/arm/5.4.1/bin/../lib/gcc/arm-none-eabi/5.4.1/../../../../arm-none-eabi/lib/armv7-m\libg_nano.a(lib_a-memcpy-stub.o)
                0x00000a40                memcpy
 .text.memset   0x00000a56       0x10 c:/program files (x86)/cypress/psoc creator/4.4/psoc creator/import/gnu/arm/5.4.1/bin/../lib/gcc/arm-none-eabi/5.4.1/../../../../arm-none-eabi/lib/armv7-m\libg_nano.a(lib_a-memset.o)
                0x00000a56                memset
 *(.plt)
 *(.gnu.warning)
 *(.glue_7t)
 .glue_7t       0x00000a66        0x0 linker stubs
 *(.glue_7)
 .glue_7        0x00000a66        0x0 linker stubs
 *(.vfp11_veneer)
 .vfp11_veneer  0x00000a66        0x0 linker stubs
 *(.bootloader)
 *(.ARM.extab* .gnu.linkonce.armextab.*)
 *(.gcc_except_table)

.v4_bx          0x00000a68        0x0
 .v4_bx         0x00000a68        0x0 linker stubs

.iplt           0x00000a68        0x0
 .iplt          0x00000a68        0x0 c:/program files (x86)/cypress/psoc creator/4.4/psoc creator/import/gnu/arm/5.4.1/bin/../lib/gcc/arm-none-eabi/5.4.1/armv7-m/crtbegin.o

.eh_frame_hdr
 *(.eh_frame_hdr)

.eh_frame       0x00000a68        0x4
 *(.eh_frame)
 .eh_frame      0x00000a68        0x0 c:/program files (x86)/cypress/psoc creator/4.4/psoc creator/import/gnu/arm/5.4.1/bin/../lib/gcc/arm-none-eabi/5.4.1/armv7-m/crtbegin.o
 .eh_frame      0x00000a68        0x4 c:/program files (x86)/cypress/psoc creator/4.4/psoc creator/import/gnu/arm/5.4.1/bin/../lib/gcc/arm-none-eabi/5.4.1/armv7-m/crtend.o
                [!provide]                PROVIDE (__exidx_start, .)

.ARM.exidx
 *(.ARM.exidx* .gnu.linkonce.armexidx.*)
                0x00000a6c                __exidx_end = .

.rodata         0x00000a6c       0x7c
 *(.rodata .rodata.* .gnu.linkonce.r.*)
 .rodata        0x00000a6c       0x42 .\CortexM3\ARM_GCC_541\Debug\cyfitter_cfg.o
 .rodata.str1.1
                0x00000aae        0x2 c:/program files (x86)/cypress/psoc creator/4.4/psoc creator/import/gnu/arm/5.4.1/bin/../lib/gcc/arm-none-eabi/5.4.1/../../../../arm-none-eabi/lib/armv7-m\libg_nano.a(lib_a-impure.o)
                0x00000ab0                . = ALIGN (0x4)
 *(.init)
 .init          0x00000ab0        0x4 c:/program files (x86)/cypress/psoc creator/4.4/psoc creator/import/gnu/arm/5.4.1/bin/../lib/gcc/arm-none-eabi/5.4.1/armv7-m/crti.o
                0x00000ab0                _init
 .init          0x00000ab4        0x8 c:/program files (x86)/cypress/psoc creator/4.4/psoc creator/import/gnu/arm/5.4.1/bin/../lib/gcc/arm-none-eabi/5.4.1/armv7-m/crtn.o
                0x00000abc                . = ALIGN (0x4)
                0x00000abc                __preinit_array_start = .
 *(.preinit_array)
                0x00000abc                __preinit_array_end = .
                0x00000abc                . = ALIGN (0x4)
                0x00000abc                __init_array_start = .
 *(SORT(.init_array.*))
 *(.init_array)
 .init_array    0x00000abc        0x4 c:/program files (x86)/cypress/psoc creator/4.4/psoc creator/import/gnu/arm/5.4.1/bin/../lib/gcc/arm-none-eabi/5.4.1/armv7-m/crtbegin.o
 .init_array    0x00000ac0        0x4 .\CortexM3\ARM_GCC_541\Debug\Cm3Start.o
                0x00000ac4                __init_array_end = .
                0x00000ac4                . = ALIGN (0x4)
 *(.fini)
 .fini          0x00000ac4        0x4 c:/program files (x86)/cypress/psoc creator/4.4/psoc creator/import/gnu/arm/5.4.1/bin/../lib/gcc/arm-none-eabi/5.4.1/armv7-m/crti.o
                0x00000ac4                _fini
 .fini          0x00000ac8        0x8 c:/program files (x86)/cypress/psoc creator/4.4/psoc creator/import/gnu/arm/5.4.1/bin/../lib/gcc/arm-none-eabi/5.4.1/armv7-m/crtn.o
                0x00000ad0                . = ALIGN (0x4)
                0x00000ad0                __fini_array_start = .
 *(.fini_array)
 .fini_array    0x00000ad0        0x4 c:/program files (x86)/cypress/psoc creator/4.4/psoc creator/import/gnu/arm/5.4.1/bin/../lib/gcc/arm-none-eabi/5.4.1/armv7-m/crtbegin.o
 *(SORT(.fini_array.*))
                0x00000ad4                __fini_array_end = .
                0x00000ad4                . = ALIGN (0x4)
 *crtbegin.o(.ctors)
 *(EXCLUDE_FILE(*crtend.o) .ctors)
 *(SORT(.ctors.*))
 *crtend.o(.ctors)
                0x00000ad4                . = ALIGN (0x4)
 *crtbegin.o(.dtors)
 *(EXCLUDE_FILE(*crtend.o) .dtors)
 *(SORT(.dtors.*))
 *crtend.o(.dtors)
                0x00000ad4                . = ALIGN (0x4)
                0x00000ad4                __cy_regions = .
                0x00000ad4        0x4 LONG 0xae8 __cy_region_init_ram
                0x00000ad8        0x4 LONG 0x1fff80c8 __cy_region_start_data
                0x00000adc        0x4 LONG 0x78 __cy_region_init_size_ram
                0x00000ae0        0x4 LONG 0x60 __cy_region_zero_size_ram
                0x00000ae4                __cy_regions_end = .
                0x00000ae8                . = ALIGN (0x8)
 *fill*         0x00000ae4        0x4 
                0x00000ae8                _etext = .

.cy_checksum_exclude
                0x00000ae8        0x0
 *(.cy_checksum_exclude)

.ramvectors     0x1fff8000       0xc0
                0x1fff8000                __cy_region_start_ram = .
 *(.ramvectors)
 .ramvectors    0x1fff8000       0xc0 .\CortexM3\ARM_GCC_541\Debug\Cm3Start.o
                0x1fff8000                CyRamVectors

.noinit         0x1fff80c0        0x1
 *(.noinit)
 .noinit        0x1fff80c0        0x1 .\CortexM3\ARM_GCC_541\Debug\LSM6DSRX+LIS2MDL.a(CyLib.o)
                0x1fff80c0                CyResetStatus

.data           0x1fff80c8       0x78 load address 0x00000ae8
                0x1fff80c8                __cy_region_start_data = .
 *(.jcr)
 .jcr           0x1fff80c8        0x0 c:/program files (x86)/cypress/psoc creator/4.4/psoc creator/import/gnu/arm/5.4.1/bin/../lib/gcc/arm-none-eabi/5.4.1/armv7-m/crtbegin.o
 .jcr           0x1fff80c8        0x4 c:/program files (x86)/cypress/psoc creator/4.4/psoc creator/import/gnu/arm/5.4.1/bin/../lib/gcc/arm-none-eabi/5.4.1/armv7-m/crtend.o
 *(.got.plt)
 *(.got)
 *(.shdata)
 *(.data .data.* .gnu.linkonce.d.*)
 .data          0x1fff80cc       0x10 .\CortexM3\ARM_GCC_541\Debug\LSM6DSRX+LIS2MDL.a(CyLib.o)
                0x1fff80cc                cydelay_32k_ms
                0x1fff80d0                cydelay_freq_khz
                0x1fff80d4                cydelay_freq_mhz
                0x1fff80d8                cydelay_freq_hz
 .data.impure_data
                0x1fff80dc       0x60 c:/program files (x86)/cypress/psoc creator/4.4/psoc creator/import/gnu/arm/5.4.1/bin/../lib/gcc/arm-none-eabi/5.4.1/../../../../arm-none-eabi/lib/armv7-m\libg_nano.a(lib_a-impure.o)
 .data._impure_ptr
                0x1fff813c        0x4 c:/program files (x86)/cypress/psoc creator/4.4/psoc creator/import/gnu/arm/5.4.1/bin/../lib/gcc/arm-none-eabi/5.4.1/../../../../arm-none-eabi/lib/armv7-m\libg_nano.a(lib_a-impure.o)
                0x1fff813c                _impure_ptr
                0x1fff8140                . = ALIGN (0x8)
 *(.ram)
                0x1fff8140                _edata = .

.igot.plt       0x1fff8140        0x0 load address 0x00000b60
 .igot.plt      0x1fff8140        0x0 c:/program files (x86)/cypress/psoc creator/4.4/psoc creator/import/gnu/arm/5.4.1/bin/../lib/gcc/arm-none-eabi/5.4.1/armv7-m/crtbegin.o

.bss            0x1fff8140       0x60 load address 0x00000b60
                0x1fff8140                PROVIDE (__bss_start__, .)
 *(.shbss)
 *(.bss .bss.* .gnu.linkonce.b.*)
 .bss           0x1fff8140       0x1c c:/program files (x86)/cypress/psoc creator/4.4/psoc creator/import/gnu/arm/5.4.1/bin/../lib/gcc/arm-none-eabi/5.4.1/armv7-m/crtbegin.o
 .bss           0x1fff815c        0x1 .\CortexM3\ARM_GCC_541\Debug\LSM6DSRX+LIS2MDL.a(SPI_IMU.o)
                0x1fff815c                SPI_IMU_initVar
 .bss           0x1fff815d        0x9 .\CortexM3\ARM_GCC_541\Debug\LSM6DSRX+LIS2MDL.a(UART.o)
                0x1fff815d                UART_errorStatus
                0x1fff815e                UART_initVar
                0x1fff815f                UART_rxBufferRead
                0x1fff8160                UART_rxBufferWrite
                0x1fff8161                UART_rxBufferLoopDetect
                0x1fff8162                UART_rxBufferOverflow
                0x1fff8163                UART_txBufferRead
                0x1fff8164                UART_txBufferWrite
 *(COMMON)
 *fill*         0x1fff8166        0x2 
 COMMON         0x1fff8168       0x21 .\CortexM3\ARM_GCC_541\Debug\main.o
                0x1fff8168                t
                0x1fff8169                XLDA
                0x1fff816a                p
                0x1fff816b                j
                0x1fff816c                who
                0x1fff816d                n
                0x1fff816e                tempo
                0x1fff8170                o
                0x1fff8171                l
                0x1fff8172                k
                0x1fff8173                r
                0x1fff8174                i
                0x1fff8178                Mag
                0x1fff817e                t1
                0x1fff8180                tempoLSB
                0x1fff8182                t0
                0x1fff8184                s
                0x1fff8185                GDA
                0x1fff8186                m
                0x1fff8187                q
                0x1fff8188                tempoMSB
 *fill*         0x1fff8189        0x3 
 COMMON         0x1fff818c       0x10 .\CortexM3\ARM_GCC_541\Debug\LSM6DSRX+LIS2MDL.a(UART.o)
                0x1fff818c                UART_rxBuffer
                0x1fff8194                UART_txBuffer
                0x1fff81a0                . = ALIGN (0x8)
 *fill*         0x1fff819c        0x4 
 *(.ram.b)
                0x1fff81a0                _end = .
                0x1fff81a0                __end = .
                0x1fff81a0                PROVIDE (end, .)
                0x1fff81a0                PROVIDE (__bss_end__, .)
                0x00000ae8                __cy_region_init_ram = LOADADDR (.data)
                0x00000078                __cy_region_init_size_ram = (_edata - ADDR (.data))
                0x00000060                __cy_region_zero_size_ram = (_end - _edata)

.heap           0x1fff81a0       0x80 load address 0x00000b60
                0x1fff81a0                . = _end
                0x1fff8220                . = (. + 0x80)
 *fill*         0x1fff81a0       0x80 
                0x1fff8220                __cy_heap_limit = .

.stack          0x20007800      0x800
                0x20007800                __cy_stack_limit = .
                0x20008000                . = (. + 0x800)
 *fill*         0x20007800      0x800 
                0x00000001                ASSERT ((__cy_stack_limit >= __cy_heap_limit), region RAM overflowed with stack)
                0x00000000                cy_checksum_exclude_size = (CY_APPL_LOADABLE == 0x1)?SIZEOF (.cy_checksum_exclude):0x0
                0x00000001                ASSERT ((cy_checksum_exclude_size <= CY_CHECKSUM_EXCLUDE_SIZE), CY_BOOT: Section .cy_checksum_exclude size exceedes specified limit.)

.cyloadermeta
 *(.cyloadermeta)

.cyloadablemeta
 *(.cyloadablemeta)

.cyconfigecc    0x80000000      0x640
 *(.cyconfigecc)
 .cyconfigecc   0x80000000      0x640 .\CortexM3\ARM_GCC_541\Debug\cymetadata.o
                0x80000000                cy_meta_configecc

.cycustnvl      0x90000000        0x4
 *(.cycustnvl)
 .cycustnvl     0x90000000        0x4 .\CortexM3\ARM_GCC_541\Debug\cymetadata.o
                0x90000000                cy_meta_custnvl

.cywolatch      0x90100000        0x4
 *(.cywolatch)
 .cywolatch     0x90100000        0x4 .\CortexM3\ARM_GCC_541\Debug\cymetadata.o
                0x90100000                cy_meta_wonvl

.cyeeprom       0x90200000        0x0
 *(.cyeeprom)
                0x00000001                ASSERT ((. <= ((0x90200000 + ee_offset) + ee_size)), .cyeeprom data will not fit in EEPROM)

.cyflashprotect
                0x90400000      0x100
 *(.cyflashprotect)
 .cyflashprotect
                0x90400000      0x100 .\CortexM3\ARM_GCC_541\Debug\cymetadata.o
                0x90400000                cy_meta_flashprotect

.cymeta         0x90500000        0xc
 *(.cymeta)
 .cymeta        0x90500000        0xc .\CortexM3\ARM_GCC_541\Debug\cymetadata.o
                0x90500000                cy_metadata

.rel.dyn        0x00000b60        0x0 load address 0x9050000c
 .rel.iplt      0x00000b60        0x0 c:/program files (x86)/cypress/psoc creator/4.4/psoc creator/import/gnu/arm/5.4.1/bin/../lib/gcc/arm-none-eabi/5.4.1/armv7-m/crtbegin.o

.stab
 *(.stab)

.stabstr
 *(.stabstr)

.debug
 *(.debug)

.line
 *(.line)

.debug_srcinfo
 *(.debug_srcinfo)

.debug_sfnames
 *(.debug_sfnames)

.debug_aranges  0x00000000      0x7d8
 *(.debug_aranges)
 .debug_aranges
                0x00000000       0x20 .\CortexM3\ARM_GCC_541\Debug\main.o
 .debug_aranges
                0x00000020       0x40 .\CortexM3\ARM_GCC_541\Debug\source01.o
 .debug_aranges
                0x00000060       0x58 .\CortexM3\ARM_GCC_541\Debug\cyfitter_cfg.o
 .debug_aranges
                0x000000b8       0x18 .\CortexM3\ARM_GCC_541\Debug\cymetadata.o
 .debug_aranges
                0x000000d0       0x48 .\CortexM3\ARM_GCC_541\Debug\Cm3Start.o
 .debug_aranges
                0x00000118       0xd8 .\CortexM3\ARM_GCC_541\Debug\LSM6DSRX+LIS2MDL.a(SPI_IMU.o)
 .debug_aranges
                0x000001f0       0xf0 .\CortexM3\ARM_GCC_541\Debug\LSM6DSRX+LIS2MDL.a(UART.o)
 .debug_aranges
                0x000002e0       0x28 .\CortexM3\ARM_GCC_541\Debug\LSM6DSRX+LIS2MDL.a(UART_INT.o)
 .debug_aranges
                0x00000308       0x70 .\CortexM3\ARM_GCC_541\Debug\LSM6DSRX+LIS2MDL.a(UART_IntClock.o)
 .debug_aranges
                0x00000378      0x2a0 .\CortexM3\ARM_GCC_541\Debug\LSM6DSRX+LIS2MDL.a(CyLib.o)
 .debug_aranges
                0x00000618       0x98 .\CortexM3\ARM_GCC_541\Debug\LSM6DSRX+LIS2MDL.a(cyPm.o)
 .debug_aranges
                0x000006b0       0x20 .\CortexM3\ARM_GCC_541\Debug\LSM6DSRX+LIS2MDL.a(CyBootAsmGnu.o)
 .debug_aranges
                0x000006d0       0x88 .\CortexM3\ARM_GCC_541\Debug\LSM6DSRX+LIS2MDL.a(CyFlash.o)
 .debug_aranges
                0x00000758       0x80 .\CortexM3\ARM_GCC_541\Debug\LSM6DSRX+LIS2MDL.a(CySpc.o)

.debug_pubnames
 *(.debug_pubnames)

.debug_info     0x00000000     0x507b
 *(.debug_info .gnu.linkonce.wi.*)
 .debug_info    0x00000000      0x506 .\CortexM3\ARM_GCC_541\Debug\main.o
 .debug_info    0x00000506      0x670 .\CortexM3\ARM_GCC_541\Debug\source01.o
 .debug_info    0x00000b76      0x5df .\CortexM3\ARM_GCC_541\Debug\cyfitter_cfg.o
 .debug_info    0x00001155      0x138 .\CortexM3\ARM_GCC_541\Debug\cymetadata.o
 .debug_info    0x0000128d      0x3bb .\CortexM3\ARM_GCC_541\Debug\Cm3Start.o
 .debug_info    0x00001648      0x493 .\CortexM3\ARM_GCC_541\Debug\LSM6DSRX+LIS2MDL.a(SPI_IMU.o)
 .debug_info    0x00001adb      0x7ae .\CortexM3\ARM_GCC_541\Debug\LSM6DSRX+LIS2MDL.a(UART.o)
 .debug_info    0x00002289      0x186 .\CortexM3\ARM_GCC_541\Debug\LSM6DSRX+LIS2MDL.a(UART_INT.o)
 .debug_info    0x0000240f      0x283 .\CortexM3\ARM_GCC_541\Debug\LSM6DSRX+LIS2MDL.a(UART_IntClock.o)
 .debug_info    0x00002692     0x1374 .\CortexM3\ARM_GCC_541\Debug\LSM6DSRX+LIS2MDL.a(CyLib.o)
 .debug_info    0x00003a06      0xa2a .\CortexM3\ARM_GCC_541\Debug\LSM6DSRX+LIS2MDL.a(cyPm.o)
 .debug_info    0x00004430       0xae .\CortexM3\ARM_GCC_541\Debug\LSM6DSRX+LIS2MDL.a(CyBootAsmGnu.o)
 .debug_info    0x000044de      0x64d .\CortexM3\ARM_GCC_541\Debug\LSM6DSRX+LIS2MDL.a(CyFlash.o)
 .debug_info    0x00004b2b      0x550 .\CortexM3\ARM_GCC_541\Debug\LSM6DSRX+LIS2MDL.a(CySpc.o)

.debug_abbrev   0x00000000     0x1297
 *(.debug_abbrev)
 .debug_abbrev  0x00000000       0xe2 .\CortexM3\ARM_GCC_541\Debug\main.o
 .debug_abbrev  0x000000e2      0x16b .\CortexM3\ARM_GCC_541\Debug\source01.o
 .debug_abbrev  0x0000024d      0x20d .\CortexM3\ARM_GCC_541\Debug\cyfitter_cfg.o
 .debug_abbrev  0x0000045a       0x77 .\CortexM3\ARM_GCC_541\Debug\cymetadata.o
 .debug_abbrev  0x000004d1      0x1e8 .\CortexM3\ARM_GCC_541\Debug\Cm3Start.o
 .debug_abbrev  0x000006b9      0x146 .\CortexM3\ARM_GCC_541\Debug\LSM6DSRX+LIS2MDL.a(SPI_IMU.o)
 .debug_abbrev  0x000007ff      0x16f .\CortexM3\ARM_GCC_541\Debug\LSM6DSRX+LIS2MDL.a(UART.o)
 .debug_abbrev  0x0000096e       0xa2 .\CortexM3\ARM_GCC_541\Debug\LSM6DSRX+LIS2MDL.a(UART_INT.o)
 .debug_abbrev  0x00000a10      0x139 .\CortexM3\ARM_GCC_541\Debug\LSM6DSRX+LIS2MDL.a(UART_IntClock.o)
 .debug_abbrev  0x00000b49      0x254 .\CortexM3\ARM_GCC_541\Debug\LSM6DSRX+LIS2MDL.a(CyLib.o)
 .debug_abbrev  0x00000d9d      0x1ab .\CortexM3\ARM_GCC_541\Debug\LSM6DSRX+LIS2MDL.a(cyPm.o)
 .debug_abbrev  0x00000f48       0x14 .\CortexM3\ARM_GCC_541\Debug\LSM6DSRX+LIS2MDL.a(CyBootAsmGnu.o)
 .debug_abbrev  0x00000f5c      0x1a7 .\CortexM3\ARM_GCC_541\Debug\LSM6DSRX+LIS2MDL.a(CyFlash.o)
 .debug_abbrev  0x00001103      0x194 .\CortexM3\ARM_GCC_541\Debug\LSM6DSRX+LIS2MDL.a(CySpc.o)

.debug_line     0x00000000     0x2179
 *(.debug_line)
 .debug_line    0x00000000      0x1c7 .\CortexM3\ARM_GCC_541\Debug\main.o
 .debug_line    0x000001c7      0x25a .\CortexM3\ARM_GCC_541\Debug\source01.o
 .debug_line    0x00000421      0x1f9 .\CortexM3\ARM_GCC_541\Debug\cyfitter_cfg.o
 .debug_line    0x0000061a      0x141 .\CortexM3\ARM_GCC_541\Debug\cymetadata.o
 .debug_line    0x0000075b      0x234 .\CortexM3\ARM_GCC_541\Debug\Cm3Start.o
 .debug_line    0x0000098f      0x231 .\CortexM3\ARM_GCC_541\Debug\LSM6DSRX+LIS2MDL.a(SPI_IMU.o)
 .debug_line    0x00000bc0      0x33b .\CortexM3\ARM_GCC_541\Debug\LSM6DSRX+LIS2MDL.a(UART.o)
 .debug_line    0x00000efb       0xa5 .\CortexM3\ARM_GCC_541\Debug\LSM6DSRX+LIS2MDL.a(UART_INT.o)
 .debug_line    0x00000fa0      0x17c .\CortexM3\ARM_GCC_541\Debug\LSM6DSRX+LIS2MDL.a(UART_IntClock.o)
 .debug_line    0x0000111c      0x816 .\CortexM3\ARM_GCC_541\Debug\LSM6DSRX+LIS2MDL.a(CyLib.o)
 .debug_line    0x00001932      0x367 .\CortexM3\ARM_GCC_541\Debug\LSM6DSRX+LIS2MDL.a(cyPm.o)
 .debug_line    0x00001c99       0x66 .\CortexM3\ARM_GCC_541\Debug\LSM6DSRX+LIS2MDL.a(CyBootAsmGnu.o)
 .debug_line    0x00001cff      0x21a .\CortexM3\ARM_GCC_541\Debug\LSM6DSRX+LIS2MDL.a(CyFlash.o)
 .debug_line    0x00001f19      0x260 .\CortexM3\ARM_GCC_541\Debug\LSM6DSRX+LIS2MDL.a(CySpc.o)

.debug_frame    0x00000000     0x14c4
 *(.debug_frame)
 .debug_frame   0x00000000       0x2c .\CortexM3\ARM_GCC_541\Debug\main.o
 .debug_frame   0x0000002c       0xa8 .\CortexM3\ARM_GCC_541\Debug\source01.o
 .debug_frame   0x000000d4       0xe4 .\CortexM3\ARM_GCC_541\Debug\cyfitter_cfg.o
 .debug_frame   0x000001b8       0xb8 .\CortexM3\ARM_GCC_541\Debug\Cm3Start.o
 .debug_frame   0x00000270      0x1e8 .\CortexM3\ARM_GCC_541\Debug\LSM6DSRX+LIS2MDL.a(SPI_IMU.o)
 .debug_frame   0x00000458      0x25c .\CortexM3\ARM_GCC_541\Debug\LSM6DSRX+LIS2MDL.a(UART.o)
 .debug_frame   0x000006b4       0x30 .\CortexM3\ARM_GCC_541\Debug\LSM6DSRX+LIS2MDL.a(UART_INT.o)
 .debug_frame   0x000006e4       0xe0 .\CortexM3\ARM_GCC_541\Debug\LSM6DSRX+LIS2MDL.a(UART_IntClock.o)
 .debug_frame   0x000007c4      0x738 .\CortexM3\ARM_GCC_541\Debug\LSM6DSRX+LIS2MDL.a(CyLib.o)
 .debug_frame   0x00000efc      0x1f8 .\CortexM3\ARM_GCC_541\Debug\LSM6DSRX+LIS2MDL.a(cyPm.o)
 .debug_frame   0x000010f4      0x194 .\CortexM3\ARM_GCC_541\Debug\LSM6DSRX+LIS2MDL.a(CyFlash.o)
 .debug_frame   0x00001288      0x180 .\CortexM3\ARM_GCC_541\Debug\LSM6DSRX+LIS2MDL.a(CySpc.o)
 .debug_frame   0x00001408       0x20 c:/program files (x86)/cypress/psoc creator/4.4/psoc creator/import/gnu/arm/5.4.1/bin/../lib/gcc/arm-none-eabi/5.4.1/../../../../arm-none-eabi/lib/armv7-m\libg_nano.a(lib_a-errno.o)
 .debug_frame   0x00001428       0x28 c:/program files (x86)/cypress/psoc creator/4.4/psoc creator/import/gnu/arm/5.4.1/bin/../lib/gcc/arm-none-eabi/5.4.1/../../../../arm-none-eabi/lib/armv7-m\libg_nano.a(lib_a-exit.o)
 .debug_frame   0x00001450       0x2c c:/program files (x86)/cypress/psoc creator/4.4/psoc creator/import/gnu/arm/5.4.1/bin/../lib/gcc/arm-none-eabi/5.4.1/../../../../arm-none-eabi/lib/armv7-m\libg_nano.a(lib_a-init.o)
 .debug_frame   0x0000147c       0x28 c:/program files (x86)/cypress/psoc creator/4.4/psoc creator/import/gnu/arm/5.4.1/bin/../lib/gcc/arm-none-eabi/5.4.1/../../../../arm-none-eabi/lib/armv7-m\libg_nano.a(lib_a-memcpy-stub.o)
 .debug_frame   0x000014a4       0x20 c:/program files (x86)/cypress/psoc creator/4.4/psoc creator/import/gnu/arm/5.4.1/bin/../lib/gcc/arm-none-eabi/5.4.1/../../../../arm-none-eabi/lib/armv7-m\libg_nano.a(lib_a-memset.o)

.debug_str      0x00000000     0x1bb6
 *(.debug_str)
 .debug_str     0x00000000      0x25d .\CortexM3\ARM_GCC_541\Debug\main.o
                                0x2a5 (size before relaxing)
 .debug_str     0x0000025d       0xd7 .\CortexM3\ARM_GCC_541\Debug\source01.o
                                0x321 (size before relaxing)
 .debug_str     0x00000334      0x1af .\CortexM3\ARM_GCC_541\Debug\cyfitter_cfg.o
                                0x362 (size before relaxing)
 .debug_str     0x000004e3       0x7f .\CortexM3\ARM_GCC_541\Debug\cymetadata.o
                                0x202 (size before relaxing)
 .debug_str     0x00000562      0x144 .\CortexM3\ARM_GCC_541\Debug\Cm3Start.o
                                0x328 (size before relaxing)
 .debug_str     0x000006a6      0x20c .\CortexM3\ARM_GCC_541\Debug\LSM6DSRX+LIS2MDL.a(SPI_IMU.o)
                                0x457 (size before relaxing)
 .debug_str     0x000008b2      0x373 .\CortexM3\ARM_GCC_541\Debug\LSM6DSRX+LIS2MDL.a(UART.o)
                                0x5b6 (size before relaxing)
 .debug_str     0x00000c25       0x5e .\CortexM3\ARM_GCC_541\Debug\LSM6DSRX+LIS2MDL.a(UART_INT.o)
                                0x2a7 (size before relaxing)
 .debug_str     0x00000c83      0x189 .\CortexM3\ARM_GCC_541\Debug\LSM6DSRX+LIS2MDL.a(UART_IntClock.o)
                                0x354 (size before relaxing)
 .debug_str     0x00000e0c      0x7e5 .\CortexM3\ARM_GCC_541\Debug\LSM6DSRX+LIS2MDL.a(CyLib.o)
                                0xa65 (size before relaxing)
 .debug_str     0x000015f1      0x365 .\CortexM3\ARM_GCC_541\Debug\LSM6DSRX+LIS2MDL.a(cyPm.o)
                                0x751 (size before relaxing)
 .debug_str     0x00001956      0x1b4 .\CortexM3\ARM_GCC_541\Debug\LSM6DSRX+LIS2MDL.a(CyFlash.o)
                                0x3de (size before relaxing)
 .debug_str     0x00001b0a       0xac .\CortexM3\ARM_GCC_541\Debug\LSM6DSRX+LIS2MDL.a(CySpc.o)
                                0x356 (size before relaxing)

.debug_loc      0x00000000     0x21cc
 *(.debug_loc)
 .debug_loc     0x00000000      0x1ab .\CortexM3\ARM_GCC_541\Debug\source01.o
 .debug_loc     0x000001ab      0x25a .\CortexM3\ARM_GCC_541\Debug\cyfitter_cfg.o
 .debug_loc     0x00000405      0x144 .\CortexM3\ARM_GCC_541\Debug\Cm3Start.o
 .debug_loc     0x00000549       0xfe .\CortexM3\ARM_GCC_541\Debug\LSM6DSRX+LIS2MDL.a(SPI_IMU.o)
 .debug_loc     0x00000647      0x36c .\CortexM3\ARM_GCC_541\Debug\LSM6DSRX+LIS2MDL.a(UART.o)
 .debug_loc     0x000009b3       0x45 .\CortexM3\ARM_GCC_541\Debug\LSM6DSRX+LIS2MDL.a(UART_INT.o)
 .debug_loc     0x000009f8      0x128 .\CortexM3\ARM_GCC_541\Debug\LSM6DSRX+LIS2MDL.a(UART_IntClock.o)
 .debug_loc     0x00000b20      0xa11 .\CortexM3\ARM_GCC_541\Debug\LSM6DSRX+LIS2MDL.a(CyLib.o)
 .debug_loc     0x00001531      0x1e4 .\CortexM3\ARM_GCC_541\Debug\LSM6DSRX+LIS2MDL.a(cyPm.o)
 .debug_loc     0x00001715      0x3b2 .\CortexM3\ARM_GCC_541\Debug\LSM6DSRX+LIS2MDL.a(CyFlash.o)
 .debug_loc     0x00001ac7      0x705 .\CortexM3\ARM_GCC_541\Debug\LSM6DSRX+LIS2MDL.a(CySpc.o)

.debug_macinfo
 *(.debug_macinfo)

.debug_ranges   0x00000000      0x6e0
 *(.debug_ranges)
 .debug_ranges  0x00000000       0x10 .\CortexM3\ARM_GCC_541\Debug\main.o
 .debug_ranges  0x00000010       0x30 .\CortexM3\ARM_GCC_541\Debug\source01.o
 .debug_ranges  0x00000040       0x48 .\CortexM3\ARM_GCC_541\Debug\cyfitter_cfg.o
 .debug_ranges  0x00000088       0x38 .\CortexM3\ARM_GCC_541\Debug\Cm3Start.o
 .debug_ranges  0x000000c0       0xc8 .\CortexM3\ARM_GCC_541\Debug\LSM6DSRX+LIS2MDL.a(SPI_IMU.o)
 .debug_ranges  0x00000188       0xe0 .\CortexM3\ARM_GCC_541\Debug\LSM6DSRX+LIS2MDL.a(UART.o)
 .debug_ranges  0x00000268       0x18 .\CortexM3\ARM_GCC_541\Debug\LSM6DSRX+LIS2MDL.a(UART_INT.o)
 .debug_ranges  0x00000280       0x60 .\CortexM3\ARM_GCC_541\Debug\LSM6DSRX+LIS2MDL.a(UART_IntClock.o)
 .debug_ranges  0x000002e0      0x290 .\CortexM3\ARM_GCC_541\Debug\LSM6DSRX+LIS2MDL.a(CyLib.o)
 .debug_ranges  0x00000570       0x88 .\CortexM3\ARM_GCC_541\Debug\LSM6DSRX+LIS2MDL.a(cyPm.o)
 .debug_ranges  0x000005f8       0x78 .\CortexM3\ARM_GCC_541\Debug\LSM6DSRX+LIS2MDL.a(CyFlash.o)
 .debug_ranges  0x00000670       0x70 .\CortexM3\ARM_GCC_541\Debug\LSM6DSRX+LIS2MDL.a(CySpc.o)

.comment        0x00000000       0x6e
 .comment       0x00000000       0x6e .\CortexM3\ARM_GCC_541\Debug\main.o
                                 0x6f (size before relaxing)
 .comment       0x0000006e       0x6f .\CortexM3\ARM_GCC_541\Debug\source01.o
 .comment       0x0000006e       0x6f .\CortexM3\ARM_GCC_541\Debug\cyfitter_cfg.o
 .comment       0x0000006e       0x6f .\CortexM3\ARM_GCC_541\Debug\cymetadata.o
 .comment       0x0000006e       0x6f .\CortexM3\ARM_GCC_541\Debug\Cm3Start.o
 .comment       0x0000006e       0x6f .\CortexM3\ARM_GCC_541\Debug\LSM6DSRX+LIS2MDL.a(SPI_IMU.o)
 .comment       0x0000006e       0x6f .\CortexM3\ARM_GCC_541\Debug\LSM6DSRX+LIS2MDL.a(UART.o)
 .comment       0x0000006e       0x6f .\CortexM3\ARM_GCC_541\Debug\LSM6DSRX+LIS2MDL.a(UART_INT.o)
 .comment       0x0000006e       0x6f .\CortexM3\ARM_GCC_541\Debug\LSM6DSRX+LIS2MDL.a(UART_IntClock.o)
 .comment       0x0000006e       0x6f .\CortexM3\ARM_GCC_541\Debug\LSM6DSRX+LIS2MDL.a(CyLib.o)
 .comment       0x0000006e       0x6f .\CortexM3\ARM_GCC_541\Debug\LSM6DSRX+LIS2MDL.a(cyPm.o)
 .comment       0x0000006e       0x6f .\CortexM3\ARM_GCC_541\Debug\LSM6DSRX+LIS2MDL.a(CyFlash.o)
 .comment       0x0000006e       0x6f .\CortexM3\ARM_GCC_541\Debug\LSM6DSRX+LIS2MDL.a(CySpc.o)

.debug_weaknames
 *(.debug_weaknames)

.debug_funcnames
 *(.debug_funcnames)

.debug_typenames
 *(.debug_typenames)

.debug_varnames
 *(.debug_varnames)

.note.gnu.arm.ident
 *(.note.gnu.arm.ident)

.ARM.attributes
                0x00000000       0x29
 *(.ARM.attributes)
 .ARM.attributes
                0x00000000       0x1d c:/program files (x86)/cypress/psoc creator/4.4/psoc creator/import/gnu/arm/5.4.1/bin/../lib/gcc/arm-none-eabi/5.4.1/armv7-m/crti.o
 .ARM.attributes
                0x0000001d       0x2d c:/program files (x86)/cypress/psoc creator/4.4/psoc creator/import/gnu/arm/5.4.1/bin/../lib/gcc/arm-none-eabi/5.4.1/armv7-m/crtbegin.o
 .ARM.attributes
                0x0000004a       0x1b c:/program files (x86)/cypress/psoc creator/4.4/psoc creator/import/gnu/arm/5.4.1/bin/../lib/gcc/arm-none-eabi/5.4.1/../../../../arm-none-eabi/lib/armv7-m/crt0.o
 .ARM.attributes
                0x00000065       0x33 .\CortexM3\ARM_GCC_541\Debug\main.o
 .ARM.attributes
                0x00000098       0x33 .\CortexM3\ARM_GCC_541\Debug\source01.o
 .ARM.attributes
                0x000000cb       0x33 .\CortexM3\ARM_GCC_541\Debug\cyfitter_cfg.o
 .ARM.attributes
                0x000000fe       0x33 .\CortexM3\ARM_GCC_541\Debug\cymetadata.o
 .ARM.attributes
                0x00000131       0x33 .\CortexM3\ARM_GCC_541\Debug\Cm3Start.o
 .ARM.attributes
                0x00000164       0x33 .\CortexM3\ARM_GCC_541\Debug\LSM6DSRX+LIS2MDL.a(SPI_IMU.o)
 .ARM.attributes
                0x00000197       0x33 .\CortexM3\ARM_GCC_541\Debug\LSM6DSRX+LIS2MDL.a(UART.o)
 .ARM.attributes
                0x000001ca       0x33 .\CortexM3\ARM_GCC_541\Debug\LSM6DSRX+LIS2MDL.a(UART_INT.o)
 .ARM.attributes
                0x000001fd       0x33 .\CortexM3\ARM_GCC_541\Debug\LSM6DSRX+LIS2MDL.a(UART_IntClock.o)
 .ARM.attributes
                0x00000230       0x33 .\CortexM3\ARM_GCC_541\Debug\LSM6DSRX+LIS2MDL.a(CyLib.o)
 .ARM.attributes
                0x00000263       0x33 .\CortexM3\ARM_GCC_541\Debug\LSM6DSRX+LIS2MDL.a(cyPm.o)
 .ARM.attributes
                0x00000296       0x21 .\CortexM3\ARM_GCC_541\Debug\LSM6DSRX+LIS2MDL.a(CyBootAsmGnu.o)
 .ARM.attributes
                0x000002b7       0x33 .\CortexM3\ARM_GCC_541\Debug\LSM6DSRX+LIS2MDL.a(CyFlash.o)
 .ARM.attributes
                0x000002ea       0x33 .\CortexM3\ARM_GCC_541\Debug\LSM6DSRX+LIS2MDL.a(CySpc.o)
 .ARM.attributes
                0x0000031d       0x2d c:/program files (x86)/cypress/psoc creator/4.4/psoc creator/import/gnu/arm/5.4.1/bin/../lib/gcc/arm-none-eabi/5.4.1/../../../../arm-none-eabi/lib/armv7-m\libg_nano.a(lib_a-errno.o)
 .ARM.attributes
                0x0000034a       0x2d c:/program files (x86)/cypress/psoc creator/4.4/psoc creator/import/gnu/arm/5.4.1/bin/../lib/gcc/arm-none-eabi/5.4.1/../../../../arm-none-eabi/lib/armv7-m\libg_nano.a(lib_a-exit.o)
 .ARM.attributes
                0x00000377       0x2d c:/program files (x86)/cypress/psoc creator/4.4/psoc creator/import/gnu/arm/5.4.1/bin/../lib/gcc/arm-none-eabi/5.4.1/../../../../arm-none-eabi/lib/armv7-m\libg_nano.a(lib_a-impure.o)
 .ARM.attributes
                0x000003a4       0x2d c:/program files (x86)/cypress/psoc creator/4.4/psoc creator/import/gnu/arm/5.4.1/bin/../lib/gcc/arm-none-eabi/5.4.1/../../../../arm-none-eabi/lib/armv7-m\libg_nano.a(lib_a-init.o)
 .ARM.attributes
                0x000003d1       0x2d c:/program files (x86)/cypress/psoc creator/4.4/psoc creator/import/gnu/arm/5.4.1/bin/../lib/gcc/arm-none-eabi/5.4.1/../../../../arm-none-eabi/lib/armv7-m\libg_nano.a(lib_a-memcpy-stub.o)
 .ARM.attributes
                0x000003fe       0x2d c:/program files (x86)/cypress/psoc creator/4.4/psoc creator/import/gnu/arm/5.4.1/bin/../lib/gcc/arm-none-eabi/5.4.1/../../../../arm-none-eabi/lib/armv7-m\libg_nano.a(lib_a-memset.o)
 .ARM.attributes
                0x0000042b       0x2d c:/program files (x86)/cypress/psoc creator/4.4/psoc creator/import/gnu/arm/5.4.1/bin/../lib/gcc/arm-none-eabi/5.4.1/armv7-m/crtend.o
 .ARM.attributes
                0x00000458       0x1d c:/program files (x86)/cypress/psoc creator/4.4/psoc creator/import/gnu/arm/5.4.1/bin/../lib/gcc/arm-none-eabi/5.4.1/armv7-m/crtn.o

/DISCARD/
 *(.note.GNU-stack)
OUTPUT(C:\Users\mgnocco\Documents\ControlloDiVersione\LSM6DSR_LIS2MDL\NewDesign\LSM6DSRX+LIS2MDL.cydsn\CortexM3\ARM_GCC_541\Debug\LSM6DSRX+LIS2MDL.elf elf32-littlearm)
