Archive member included to satisfy reference by file (symbol)

.\CortexM3\ARM_GCC_541\Release\Design02.a(SPI_IMU.o)
                              .\CortexM3\ARM_GCC_541\Release\main.o (SPI_IMU_Enable)
.\CortexM3\ARM_GCC_541\Release\Design02.a(CyLib.o)
                              .\CortexM3\ARM_GCC_541\Release\Cm3Start.o (CyHalt)
.\CortexM3\ARM_GCC_541\Release\Design02.a(cyPm.o)
                              .\CortexM3\ARM_GCC_541\Release\Design02.a(CyLib.o) (CyPmReadStatus)
.\CortexM3\ARM_GCC_541\Release\Design02.a(UART.o)
                              .\CortexM3\ARM_GCC_541\Release\main.o (UART_Start)
.\CortexM3\ARM_GCC_541\Release\Design02.a(UART_INT.o)
                              .\CortexM3\ARM_GCC_541\Release\Design02.a(UART.o) (UART_RXISR)
.\CortexM3\ARM_GCC_541\Release\Design02.a(UART_IntClock.o)
                              .\CortexM3\ARM_GCC_541\Release\Design02.a(UART.o) (UART_IntClock_Start)
.\CortexM3\ARM_GCC_541\Release\Design02.a(isr_Acc.o)
                              .\CortexM3\ARM_GCC_541\Release\main.o (isr_Acc_StartEx)
.\CortexM3\ARM_GCC_541\Release\Design02.a(LED.o)
                              .\CortexM3\ARM_GCC_541\Release\main.o (LED_Write)
.\CortexM3\ARM_GCC_541\Release\Design02.a(Acc.o)
                              .\CortexM3\ARM_GCC_541\Release\main.o (Acc_ClearInterrupt)
.\CortexM3\ARM_GCC_541\Release\Design02.a(CyBootAsmGnu.o)
                              .\CortexM3\ARM_GCC_541\Release\cyfitter_cfg.o (CyDelayCycles)
.\CortexM3\ARM_GCC_541\Release\Design02.a(CyFlash.o)
                              .\CortexM3\ARM_GCC_541\Release\Design02.a(cyPm.o) (CyFlash_SetWaitCycles)
.\CortexM3\ARM_GCC_541\Release\Design02.a(CySpc.o)
                              .\CortexM3\ARM_GCC_541\Release\Design02.a(CyFlash.o) (CySpcStart)
c:/program files (x86)/cypress/psoc creator/4.4/psoc creator/import/gnu/arm/5.4.1/bin/../lib/gcc/arm-none-eabi/5.4.1/../../../../arm-none-eabi/lib/armv7-m\libg_nano.a(lib_a-errno.o)
                              .\CortexM3\ARM_GCC_541\Release\Cm3Start.o (__errno)
c:/program files (x86)/cypress/psoc creator/4.4/psoc creator/import/gnu/arm/5.4.1/bin/../lib/gcc/arm-none-eabi/5.4.1/../../../../arm-none-eabi/lib/armv7-m\libg_nano.a(lib_a-exit.o)
                              c:/program files (x86)/cypress/psoc creator/4.4/psoc creator/import/gnu/arm/5.4.1/bin/../lib/gcc/arm-none-eabi/5.4.1/../../../../arm-none-eabi/lib/armv7-m/crt0.o (exit)
c:/program files (x86)/cypress/psoc creator/4.4/psoc creator/import/gnu/arm/5.4.1/bin/../lib/gcc/arm-none-eabi/5.4.1/../../../../arm-none-eabi/lib/armv7-m\libg_nano.a(lib_a-impure.o)
                              c:/program files (x86)/cypress/psoc creator/4.4/psoc creator/import/gnu/arm/5.4.1/bin/../lib/gcc/arm-none-eabi/5.4.1/../../../../arm-none-eabi/lib/armv7-m\libg_nano.a(lib_a-exit.o) (_global_impure_ptr)
c:/program files (x86)/cypress/psoc creator/4.4/psoc creator/import/gnu/arm/5.4.1/bin/../lib/gcc/arm-none-eabi/5.4.1/../../../../arm-none-eabi/lib/armv7-m\libg_nano.a(lib_a-init.o)
                              c:/program files (x86)/cypress/psoc creator/4.4/psoc creator/import/gnu/arm/5.4.1/bin/../lib/gcc/arm-none-eabi/5.4.1/../../../../arm-none-eabi/lib/armv7-m/crt0.o (__libc_init_array)
c:/program files (x86)/cypress/psoc creator/4.4/psoc creator/import/gnu/arm/5.4.1/bin/../lib/gcc/arm-none-eabi/5.4.1/../../../../arm-none-eabi/lib/armv7-m\libg_nano.a(lib_a-memset.o)
                              c:/program files (x86)/cypress/psoc creator/4.4/psoc creator/import/gnu/arm/5.4.1/bin/../lib/gcc/arm-none-eabi/5.4.1/../../../../arm-none-eabi/lib/armv7-m/crt0.o (memset)

Allocating common symbols
Common symbol       size              file

XLDA                0x1               .\CortexM3\ARM_GCC_541\Release\main.o
j                   0x1               .\CortexM3\ARM_GCC_541\Release\main.o
who                 0x1               .\CortexM3\ARM_GCC_541\Release\main.o
tempo               0xc8              .\CortexM3\ARM_GCC_541\Release\main.o
o                   0x4               .\CortexM3\ARM_GCC_541\Release\main.o
Temp                0x2               .\CortexM3\ARM_GCC_541\Release\main.o
l                   0x1               .\CortexM3\ARM_GCC_541\Release\main.o
IMU_ack             0x4               .\CortexM3\ARM_GCC_541\Release\main.o
SENS_HUB_ENDOP      0x1               .\CortexM3\ARM_GCC_541\Release\main.o
SPI_IMU_swStatusTx  0x1               .\CortexM3\ARM_GCC_541\Release\Design02.a(SPI_IMU.o)
i                   0x1               .\CortexM3\ARM_GCC_541\Release\main.o
UART_rxBuffer       0x8               .\CortexM3\ARM_GCC_541\Release\Design02.a(UART.o)
Accel               0x6               .\CortexM3\ARM_GCC_541\Release\main.o
Mag                 0x6               .\CortexM3\ARM_GCC_541\Release\main.o
t1                  0x2               .\CortexM3\ARM_GCC_541\Release\main.o
t0                  0x2               .\CortexM3\ARM_GCC_541\Release\main.o
SPI_IMU_swStatusRx  0x1               .\CortexM3\ARM_GCC_541\Release\Design02.a(SPI_IMU.o)
GDA                 0x1               .\CortexM3\ARM_GCC_541\Release\main.o
Gyro                0x6               .\CortexM3\ARM_GCC_541\Release\main.o
dieTemperature      0x2               .\CortexM3\ARM_GCC_541\Release\Design02.a(CyFlash.o)
UART_txBuffer       0x8               .\CortexM3\ARM_GCC_541\Release\Design02.a(UART.o)

Discarded input sections

 .text          0x00000000        0x0 c:/program files (x86)/cypress/psoc creator/4.4/psoc creator/import/gnu/arm/5.4.1/bin/../lib/gcc/arm-none-eabi/5.4.1/armv7-m/crti.o
 .data          0x00000000        0x0 c:/program files (x86)/cypress/psoc creator/4.4/psoc creator/import/gnu/arm/5.4.1/bin/../lib/gcc/arm-none-eabi/5.4.1/armv7-m/crti.o
 .bss           0x00000000        0x0 c:/program files (x86)/cypress/psoc creator/4.4/psoc creator/import/gnu/arm/5.4.1/bin/../lib/gcc/arm-none-eabi/5.4.1/armv7-m/crti.o
 .data          0x00000000        0x4 c:/program files (x86)/cypress/psoc creator/4.4/psoc creator/import/gnu/arm/5.4.1/bin/../lib/gcc/arm-none-eabi/5.4.1/armv7-m/crtbegin.o
 .text          0x00000000       0x74 c:/program files (x86)/cypress/psoc creator/4.4/psoc creator/import/gnu/arm/5.4.1/bin/../lib/gcc/arm-none-eabi/5.4.1/../../../../arm-none-eabi/lib/armv7-m/crt0.o
 .data          0x00000000        0x0 c:/program files (x86)/cypress/psoc creator/4.4/psoc creator/import/gnu/arm/5.4.1/bin/../lib/gcc/arm-none-eabi/5.4.1/../../../../arm-none-eabi/lib/armv7-m/crt0.o
 .bss           0x00000000        0x0 c:/program files (x86)/cypress/psoc creator/4.4/psoc creator/import/gnu/arm/5.4.1/bin/../lib/gcc/arm-none-eabi/5.4.1/../../../../arm-none-eabi/lib/armv7-m/crt0.o
 .ARM.extab     0x00000000        0x0 c:/program files (x86)/cypress/psoc creator/4.4/psoc creator/import/gnu/arm/5.4.1/bin/../lib/gcc/arm-none-eabi/5.4.1/../../../../arm-none-eabi/lib/armv7-m/crt0.o
 .ARM.exidx     0x00000000        0x8 c:/program files (x86)/cypress/psoc creator/4.4/psoc creator/import/gnu/arm/5.4.1/bin/../lib/gcc/arm-none-eabi/5.4.1/../../../../arm-none-eabi/lib/armv7-m/crt0.o
 .text          0x00000000        0x0 .\CortexM3\ARM_GCC_541\Release\main.o
 .data          0x00000000        0x0 .\CortexM3\ARM_GCC_541\Release\main.o
 .bss           0x00000000        0x1 .\CortexM3\ARM_GCC_541\Release\main.o
 .text          0x00000000        0x0 .\CortexM3\ARM_GCC_541\Release\source01.o
 .data          0x00000000        0x0 .\CortexM3\ARM_GCC_541\Release\source01.o
 .bss           0x00000000        0x0 .\CortexM3\ARM_GCC_541\Release\source01.o
 .text          0x00000000        0x0 .\CortexM3\ARM_GCC_541\Release\interrupts.o
 .data          0x00000000        0x0 .\CortexM3\ARM_GCC_541\Release\interrupts.o
 .bss           0x00000000        0x0 .\CortexM3\ARM_GCC_541\Release\interrupts.o
 .text          0x00000000        0x0 .\CortexM3\ARM_GCC_541\Release\cyfitter_cfg.o
 .data          0x00000000        0x0 .\CortexM3\ARM_GCC_541\Release\cyfitter_cfg.o
 .bss           0x00000000        0x0 .\CortexM3\ARM_GCC_541\Release\cyfitter_cfg.o
 .text.SetAnalogRoutingPumps
                0x00000000       0x10 .\CortexM3\ARM_GCC_541\Release\cyfitter_cfg.o
 .text          0x00000000        0x0 .\CortexM3\ARM_GCC_541\Release\cymetadata.o
 .data          0x00000000        0x0 .\CortexM3\ARM_GCC_541\Release\cymetadata.o
 .bss           0x00000000        0x0 .\CortexM3\ARM_GCC_541\Release\cymetadata.o
 .text          0x00000000        0x0 .\CortexM3\ARM_GCC_541\Release\Cm3Start.o
 .data          0x00000000        0x4 .\CortexM3\ARM_GCC_541\Release\Cm3Start.o
 .bss           0x00000000        0x0 .\CortexM3\ARM_GCC_541\Release\Cm3Start.o
 .text._exit    0x00000000        0xa .\CortexM3\ARM_GCC_541\Release\Cm3Start.o
 .text._sbrk    0x00000000       0x2c .\CortexM3\ARM_GCC_541\Release\Cm3Start.o
 .text          0x00000000        0x0 .\CortexM3\ARM_GCC_541\Release\Design02.a(SPI_IMU.o)
 .data          0x00000000        0x0 .\CortexM3\ARM_GCC_541\Release\Design02.a(SPI_IMU.o)
 .text.SPI_IMU_Stop
                0x00000000       0x28 .\CortexM3\ARM_GCC_541\Release\Design02.a(SPI_IMU.o)
 .text.SPI_IMU_EnableTxInt
                0x00000000        0x2 .\CortexM3\ARM_GCC_541\Release\Design02.a(SPI_IMU.o)
 .text.SPI_IMU_EnableRxInt
                0x00000000        0x2 .\CortexM3\ARM_GCC_541\Release\Design02.a(SPI_IMU.o)
 .text.SPI_IMU_DisableTxInt
                0x00000000        0x2 .\CortexM3\ARM_GCC_541\Release\Design02.a(SPI_IMU.o)
 .text.SPI_IMU_DisableRxInt
                0x00000000        0x2 .\CortexM3\ARM_GCC_541\Release\Design02.a(SPI_IMU.o)
 .text.SPI_IMU_SetTxInterruptMode
                0x00000000        0xc .\CortexM3\ARM_GCC_541\Release\Design02.a(SPI_IMU.o)
 .text.SPI_IMU_SetRxInterruptMode
                0x00000000        0xc .\CortexM3\ARM_GCC_541\Release\Design02.a(SPI_IMU.o)
 .text.SPI_IMU_ReadTxStatus
                0x00000000        0xc .\CortexM3\ARM_GCC_541\Release\Design02.a(SPI_IMU.o)
 .text.SPI_IMU_ReadRxStatus
                0x00000000        0xc .\CortexM3\ARM_GCC_541\Release\Design02.a(SPI_IMU.o)
 .text.SPI_IMU_GetRxBufferSize
                0x00000000       0x10 .\CortexM3\ARM_GCC_541\Release\Design02.a(SPI_IMU.o)
 .text.SPI_IMU_GetTxBufferSize
                0x00000000       0x20 .\CortexM3\ARM_GCC_541\Release\Design02.a(SPI_IMU.o)
 .text.SPI_IMU_PutArray
                0x00000000       0x16 .\CortexM3\ARM_GCC_541\Release\Design02.a(SPI_IMU.o)
 .text.SPI_IMU_EnableInt
                0x00000000        0x2 .\CortexM3\ARM_GCC_541\Release\Design02.a(SPI_IMU.o)
 .text.SPI_IMU_DisableInt
                0x00000000        0x2 .\CortexM3\ARM_GCC_541\Release\Design02.a(SPI_IMU.o)
 .text.SPI_IMU_SetInterruptMode
                0x00000000       0x14 .\CortexM3\ARM_GCC_541\Release\Design02.a(SPI_IMU.o)
 COMMON         0x00000000        0x2 .\CortexM3\ARM_GCC_541\Release\Design02.a(SPI_IMU.o)
 .text          0x00000000        0x0 .\CortexM3\ARM_GCC_541\Release\Design02.a(CyLib.o)
 .bss           0x00000000       0x1c .\CortexM3\ARM_GCC_541\Release\Design02.a(CyLib.o)
 .text.CyIMO_SetTrimValue
                0x00000000       0xb8 .\CortexM3\ARM_GCC_541\Release\Design02.a(CyLib.o)
 .text.CyBusClk_Internal_SetDivider
                0x00000000       0x44 .\CortexM3\ARM_GCC_541\Release\Design02.a(CyLib.o)
 .text.CyPLL_OUT_Stop
                0x00000000       0x10 .\CortexM3\ARM_GCC_541\Release\Design02.a(CyLib.o)
 .text.CyPLL_OUT_SetPQ
                0x00000000       0x34 .\CortexM3\ARM_GCC_541\Release\Design02.a(CyLib.o)
 .text.CyPLL_OUT_SetSource
                0x00000000       0x14 .\CortexM3\ARM_GCC_541\Release\Design02.a(CyLib.o)
 .text.CyIMO_Stop
                0x00000000       0x18 .\CortexM3\ARM_GCC_541\Release\Design02.a(CyLib.o)
 .text.CyIMO_SetSource
                0x00000000       0x40 .\CortexM3\ARM_GCC_541\Release\Design02.a(CyLib.o)
 .text.CyIMO_EnableDoubler
                0x00000000       0x10 .\CortexM3\ARM_GCC_541\Release\Design02.a(CyLib.o)
 .text.CyIMO_DisableDoubler
                0x00000000       0x10 .\CortexM3\ARM_GCC_541\Release\Design02.a(CyLib.o)
 .text.CyIMO_SetFreq
                0x00000000       0xcc .\CortexM3\ARM_GCC_541\Release\Design02.a(CyLib.o)
 .text.CyMasterClk_SetSource
                0x00000000       0x18 .\CortexM3\ARM_GCC_541\Release\Design02.a(CyLib.o)
 .text.CyMasterClk_SetDivider
                0x00000000        0xc .\CortexM3\ARM_GCC_541\Release\Design02.a(CyLib.o)
 .text.CyBusClk_SetDivider
                0x00000000       0x70 .\CortexM3\ARM_GCC_541\Release\Design02.a(CyLib.o)
 .text.CyUsbClk_SetSource
                0x00000000       0x18 .\CortexM3\ARM_GCC_541\Release\Design02.a(CyLib.o)
 .text.CyILO_Start1K
                0x00000000       0x10 .\CortexM3\ARM_GCC_541\Release\Design02.a(CyLib.o)
 .text.CyILO_Stop1K
                0x00000000       0x10 .\CortexM3\ARM_GCC_541\Release\Design02.a(CyLib.o)
 .text.CyILO_Start100K
                0x00000000       0x10 .\CortexM3\ARM_GCC_541\Release\Design02.a(CyLib.o)
 .text.CyILO_Stop100K
                0x00000000       0x10 .\CortexM3\ARM_GCC_541\Release\Design02.a(CyLib.o)
 .text.CyPLL_OUT_Start
                0x00000000       0x74 .\CortexM3\ARM_GCC_541\Release\Design02.a(CyLib.o)
 .text.CyIMO_Start
                0x00000000       0x5c .\CortexM3\ARM_GCC_541\Release\Design02.a(CyLib.o)
 .text.CyILO_Enable33K
                0x00000000       0x10 .\CortexM3\ARM_GCC_541\Release\Design02.a(CyLib.o)
 .text.CyILO_Disable33K
                0x00000000       0x10 .\CortexM3\ARM_GCC_541\Release\Design02.a(CyLib.o)
 .text.CyILO_SetSource
                0x00000000       0x16 .\CortexM3\ARM_GCC_541\Release\Design02.a(CyLib.o)
 .text.CyILO_SetPowerMode
                0x00000000       0x20 .\CortexM3\ARM_GCC_541\Release\Design02.a(CyLib.o)
 .text.CyXTAL_32KHZ_Stop
                0x00000000       0x30 .\CortexM3\ARM_GCC_541\Release\Design02.a(CyLib.o)
 .text.CyXTAL_32KHZ_ReadStatus
                0x00000000       0x10 .\CortexM3\ARM_GCC_541\Release\Design02.a(CyLib.o)
 .text.CyXTAL_Start
                0x00000000       0xa0 .\CortexM3\ARM_GCC_541\Release\Design02.a(CyLib.o)
 .text.CyXTAL_Stop
                0x00000000       0x10 .\CortexM3\ARM_GCC_541\Release\Design02.a(CyLib.o)
 .text.CyXTAL_EnableErrStatus
                0x00000000       0x10 .\CortexM3\ARM_GCC_541\Release\Design02.a(CyLib.o)
 .text.CyXTAL_DisableErrStatus
                0x00000000       0x10 .\CortexM3\ARM_GCC_541\Release\Design02.a(CyLib.o)
 .text.CyXTAL_ReadStatus
                0x00000000        0xc .\CortexM3\ARM_GCC_541\Release\Design02.a(CyLib.o)
 .text.CyXTAL_EnableFaultRecovery
                0x00000000       0x10 .\CortexM3\ARM_GCC_541\Release\Design02.a(CyLib.o)
 .text.CyXTAL_DisableFaultRecovery
                0x00000000       0x10 .\CortexM3\ARM_GCC_541\Release\Design02.a(CyLib.o)
 .text.CyXTAL_SetStartup
                0x00000000       0x18 .\CortexM3\ARM_GCC_541\Release\Design02.a(CyLib.o)
 .text.CyXTAL_SetFbVoltage
                0x00000000       0x18 .\CortexM3\ARM_GCC_541\Release\Design02.a(CyLib.o)
 .text.CyXTAL_SetWdVoltage
                0x00000000       0x18 .\CortexM3\ARM_GCC_541\Release\Design02.a(CyLib.o)
 .text.CyHalt   0x00000000        0x4 .\CortexM3\ARM_GCC_541\Release\Design02.a(CyLib.o)
 .text.CySoftwareReset
                0x00000000       0x10 .\CortexM3\ARM_GCC_541\Release\Design02.a(CyLib.o)
 .text.CyDelayUs
                0x00000000       0x10 .\CortexM3\ARM_GCC_541\Release\Design02.a(CyLib.o)
 .text.CyXTAL_32KHZ_SetPowerMode
                0x00000000       0x6c .\CortexM3\ARM_GCC_541\Release\Design02.a(CyLib.o)
 .text.CyXTAL_32KHZ_Start
                0x00000000       0x6c .\CortexM3\ARM_GCC_541\Release\Design02.a(CyLib.o)
 .text.CyDelayFreq
                0x00000000       0x40 .\CortexM3\ARM_GCC_541\Release\Design02.a(CyLib.o)
 .text.CyWdtStart
                0x00000000       0x40 .\CortexM3\ARM_GCC_541\Release\Design02.a(CyLib.o)
 .text.CyWdtClear
                0x00000000        0xc .\CortexM3\ARM_GCC_541\Release\Design02.a(CyLib.o)
 .text.CyVdStickyStatus
                0x00000000       0x2c .\CortexM3\ARM_GCC_541\Release\Design02.a(CyLib.o)
 .text.CyVdLvDigitEnable
                0x00000000       0x84 .\CortexM3\ARM_GCC_541\Release\Design02.a(CyLib.o)
 .text.CyVdLvAnalogEnable
                0x00000000       0x80 .\CortexM3\ARM_GCC_541\Release\Design02.a(CyLib.o)
 .text.CyVdLvDigitDisable
                0x00000000       0x2c .\CortexM3\ARM_GCC_541\Release\Design02.a(CyLib.o)
 .text.CyVdLvAnalogDisable
                0x00000000       0x24 .\CortexM3\ARM_GCC_541\Release\Design02.a(CyLib.o)
 .text.CyVdHvAnalogEnable
                0x00000000       0x58 .\CortexM3\ARM_GCC_541\Release\Design02.a(CyLib.o)
 .text.CyVdHvAnalogDisable
                0x00000000       0x1c .\CortexM3\ARM_GCC_541\Release\Design02.a(CyLib.o)
 .text.CyVdRealTimeStatus
                0x00000000       0x1c .\CortexM3\ARM_GCC_541\Release\Design02.a(CyLib.o)
 .text.CyDisableInts
                0x00000000       0x1c .\CortexM3\ARM_GCC_541\Release\Design02.a(CyLib.o)
 .text.CyEnableInts
                0x00000000       0x18 .\CortexM3\ARM_GCC_541\Release\Design02.a(CyLib.o)
 .text.CyFlushCache
                0x00000000       0x44 .\CortexM3\ARM_GCC_541\Release\Design02.a(CyLib.o)
 .text.CyIntSetSysVector
                0x00000000       0x18 .\CortexM3\ARM_GCC_541\Release\Design02.a(CyLib.o)
 .text.CyIntGetSysVector
                0x00000000       0x14 .\CortexM3\ARM_GCC_541\Release\Design02.a(CyLib.o)
 .text.CyIntGetVector
                0x00000000       0x14 .\CortexM3\ARM_GCC_541\Release\Design02.a(CyLib.o)
 .text.CyIntGetPriority
                0x00000000       0x12 .\CortexM3\ARM_GCC_541\Release\Design02.a(CyLib.o)
 .text.CyIntGetState
                0x00000000       0x18 .\CortexM3\ARM_GCC_541\Release\Design02.a(CyLib.o)
 .text.CySysTickInit
                0x00000000       0x58 .\CortexM3\ARM_GCC_541\Release\Design02.a(CyLib.o)
 .text.CySysTickStop
                0x00000000       0x10 .\CortexM3\ARM_GCC_541\Release\Design02.a(CyLib.o)
 .text.CySysTickEnableInterrupt
                0x00000000       0x10 .\CortexM3\ARM_GCC_541\Release\Design02.a(CyLib.o)
 .text.CySysTickEnable
                0x00000000       0x18 .\CortexM3\ARM_GCC_541\Release\Design02.a(CyLib.o)
 .text.CySysTickStart
                0x00000000       0x1c .\CortexM3\ARM_GCC_541\Release\Design02.a(CyLib.o)
 .text.CySysTickDisableInterrupt
                0x00000000       0x10 .\CortexM3\ARM_GCC_541\Release\Design02.a(CyLib.o)
 .text.CySysTickSetReload
                0x00000000       0x10 .\CortexM3\ARM_GCC_541\Release\Design02.a(CyLib.o)
 .text.CySysTickGetReload
                0x00000000       0x10 .\CortexM3\ARM_GCC_541\Release\Design02.a(CyLib.o)
 .text.CySysTickGetValue
                0x00000000       0x10 .\CortexM3\ARM_GCC_541\Release\Design02.a(CyLib.o)
 .text.CySysTickSetClockSource
                0x00000000       0x18 .\CortexM3\ARM_GCC_541\Release\Design02.a(CyLib.o)
 .text.CySysTickGetClockSource
                0x00000000       0x10 .\CortexM3\ARM_GCC_541\Release\Design02.a(CyLib.o)
 .text.CySysTickGetCountFlag
                0x00000000       0x10 .\CortexM3\ARM_GCC_541\Release\Design02.a(CyLib.o)
 .text.CySysTickServiceCallbacks
                0x00000000       0x24 .\CortexM3\ARM_GCC_541\Release\Design02.a(CyLib.o)
 .text.CySysTickClear
                0x00000000        0xc .\CortexM3\ARM_GCC_541\Release\Design02.a(CyLib.o)
 .text.CySysTickSetCallback
                0x00000000       0x10 .\CortexM3\ARM_GCC_541\Release\Design02.a(CyLib.o)
 .text.CySysTickGetCallback
                0x00000000       0x10 .\CortexM3\ARM_GCC_541\Release\Design02.a(CyLib.o)
 .text.CyGetUniqueId
                0x00000000       0x70 .\CortexM3\ARM_GCC_541\Release\Design02.a(CyLib.o)
 .text          0x00000000        0x0 .\CortexM3\ARM_GCC_541\Release\Design02.a(cyPm.o)
 .data          0x00000000        0x0 .\CortexM3\ARM_GCC_541\Release\Design02.a(cyPm.o)
 .bss           0x00000000       0x43 .\CortexM3\ARM_GCC_541\Release\Design02.a(cyPm.o)
 .text.CyPmHibSlpSaveSet
                0x00000000      0x1c4 .\CortexM3\ARM_GCC_541\Release\Design02.a(cyPm.o)
 .text.CyPmHibSlpRestore
                0x00000000       0xc0 .\CortexM3\ARM_GCC_541\Release\Design02.a(cyPm.o)
 .text.CyPmSaveClocks
                0x00000000      0x1e0 .\CortexM3\ARM_GCC_541\Release\Design02.a(cyPm.o)
 .text.CyPmRestoreClocks
                0x00000000      0x214 .\CortexM3\ARM_GCC_541\Release\Design02.a(cyPm.o)
 .text.CyPmAltAct
                0x00000000       0x60 .\CortexM3\ARM_GCC_541\Release\Design02.a(cyPm.o)
 .text.CyPmSleep
                0x00000000       0xe4 .\CortexM3\ARM_GCC_541\Release\Design02.a(cyPm.o)
 .text.CyPmHibernateEx
                0x00000000      0x290 .\CortexM3\ARM_GCC_541\Release\Design02.a(cyPm.o)
 .text.CyPmHibernate
                0x00000000        0x6 .\CortexM3\ARM_GCC_541\Release\Design02.a(cyPm.o)
 .text.CyPmReadStatus
                0x00000000       0x30 .\CortexM3\ARM_GCC_541\Release\Design02.a(cyPm.o)
 .text.CyPmCtwSetInterval
                0x00000000       0x50 .\CortexM3\ARM_GCC_541\Release\Design02.a(cyPm.o)
 .text.CyPmOppsSet
                0x00000000       0x2c .\CortexM3\ARM_GCC_541\Release\Design02.a(cyPm.o)
 .text.CyPmFtwSetInterval
                0x00000000       0x50 .\CortexM3\ARM_GCC_541\Release\Design02.a(cyPm.o)
 .rodata        0x00000000        0xe .\CortexM3\ARM_GCC_541\Release\Design02.a(cyPm.o)
 .text          0x00000000        0x0 .\CortexM3\ARM_GCC_541\Release\Design02.a(UART.o)
 .data          0x00000000        0x0 .\CortexM3\ARM_GCC_541\Release\Design02.a(UART.o)
 .text.UART_Stop
                0x00000000       0x50 .\CortexM3\ARM_GCC_541\Release\Design02.a(UART.o)
 .text.UART_ReadControlRegister
                0x00000000        0x4 .\CortexM3\ARM_GCC_541\Release\Design02.a(UART.o)
 .text.UART_WriteControlRegister
                0x00000000        0x2 .\CortexM3\ARM_GCC_541\Release\Design02.a(UART.o)
 .text.UART_SetRxInterruptMode
                0x00000000        0xc .\CortexM3\ARM_GCC_541\Release\Design02.a(UART.o)
 .text.UART_ReadRxData
                0x00000000       0x58 .\CortexM3\ARM_GCC_541\Release\Design02.a(UART.o)
 .text.UART_ReadRxStatus
                0x00000000       0x20 .\CortexM3\ARM_GCC_541\Release\Design02.a(UART.o)
 .text.UART_GetChar
                0x00000000       0x74 .\CortexM3\ARM_GCC_541\Release\Design02.a(UART.o)
 .text.UART_GetByte
                0x00000000       0x2c .\CortexM3\ARM_GCC_541\Release\Design02.a(UART.o)
 .text.UART_GetRxBufferSize
                0x00000000       0x4c .\CortexM3\ARM_GCC_541\Release\Design02.a(UART.o)
 .text.UART_ClearRxBuffer
                0x00000000       0x44 .\CortexM3\ARM_GCC_541\Release\Design02.a(UART.o)
 .text.UART_SetRxAddressMode
                0x00000000        0x2 .\CortexM3\ARM_GCC_541\Release\Design02.a(UART.o)
 .text.UART_SetRxAddress1
                0x00000000        0xc .\CortexM3\ARM_GCC_541\Release\Design02.a(UART.o)
 .text.UART_SetRxAddress2
                0x00000000        0xc .\CortexM3\ARM_GCC_541\Release\Design02.a(UART.o)
 .text.UART_SetTxInterruptMode
                0x00000000        0xc .\CortexM3\ARM_GCC_541\Release\Design02.a(UART.o)
 .text.UART_WriteTxData
                0x00000000       0x58 .\CortexM3\ARM_GCC_541\Release\Design02.a(UART.o)
 .text.UART_ReadTxStatus
                0x00000000        0xc .\CortexM3\ARM_GCC_541\Release\Design02.a(UART.o)
 .text.UART_PutString
                0x00000000       0x20 .\CortexM3\ARM_GCC_541\Release\Design02.a(UART.o)
 .text.UART_PutArray
                0x00000000       0x24 .\CortexM3\ARM_GCC_541\Release\Design02.a(UART.o)
 .text.UART_PutCRLF
                0x00000000       0x24 .\CortexM3\ARM_GCC_541\Release\Design02.a(UART.o)
 .text.UART_GetTxBufferSize
                0x00000000       0x38 .\CortexM3\ARM_GCC_541\Release\Design02.a(UART.o)
 .text.UART_ClearTxBuffer
                0x00000000       0x40 .\CortexM3\ARM_GCC_541\Release\Design02.a(UART.o)
 .text.UART_SendBreak
                0x00000000       0x58 .\CortexM3\ARM_GCC_541\Release\Design02.a(UART.o)
 .text.UART_SetTxAddressMode
                0x00000000        0x2 .\CortexM3\ARM_GCC_541\Release\Design02.a(UART.o)
 .text          0x00000000        0x0 .\CortexM3\ARM_GCC_541\Release\Design02.a(UART_INT.o)
 .data          0x00000000        0x0 .\CortexM3\ARM_GCC_541\Release\Design02.a(UART_INT.o)
 .bss           0x00000000        0x0 .\CortexM3\ARM_GCC_541\Release\Design02.a(UART_INT.o)
 .text          0x00000000        0x0 .\CortexM3\ARM_GCC_541\Release\Design02.a(UART_IntClock.o)
 .data          0x00000000        0x0 .\CortexM3\ARM_GCC_541\Release\Design02.a(UART_IntClock.o)
 .bss           0x00000000        0x0 .\CortexM3\ARM_GCC_541\Release\Design02.a(UART_IntClock.o)
 .text.UART_IntClock_Stop
                0x00000000       0x18 .\CortexM3\ARM_GCC_541\Release\Design02.a(UART_IntClock.o)
 .text.UART_IntClock_StopBlock
                0x00000000       0x6c .\CortexM3\ARM_GCC_541\Release\Design02.a(UART_IntClock.o)
 .text.UART_IntClock_StandbyPower
                0x00000000       0x18 .\CortexM3\ARM_GCC_541\Release\Design02.a(UART_IntClock.o)
 .text.UART_IntClock_SetDividerRegister
                0x00000000       0xcc .\CortexM3\ARM_GCC_541\Release\Design02.a(UART_IntClock.o)
 .text.UART_IntClock_GetDividerRegister
                0x00000000        0xc .\CortexM3\ARM_GCC_541\Release\Design02.a(UART_IntClock.o)
 .text.UART_IntClock_SetModeRegister
                0x00000000       0x14 .\CortexM3\ARM_GCC_541\Release\Design02.a(UART_IntClock.o)
 .text.UART_IntClock_ClearModeRegister
                0x00000000       0x14 .\CortexM3\ARM_GCC_541\Release\Design02.a(UART_IntClock.o)
 .text.UART_IntClock_GetModeRegister
                0x00000000       0x10 .\CortexM3\ARM_GCC_541\Release\Design02.a(UART_IntClock.o)
 .text.UART_IntClock_SetSourceRegister
                0x00000000       0x50 .\CortexM3\ARM_GCC_541\Release\Design02.a(UART_IntClock.o)
 .text.UART_IntClock_GetSourceRegister
                0x00000000       0x10 .\CortexM3\ARM_GCC_541\Release\Design02.a(UART_IntClock.o)
 .text          0x00000000        0x0 .\CortexM3\ARM_GCC_541\Release\Design02.a(isr_Acc.o)
 .data          0x00000000        0x0 .\CortexM3\ARM_GCC_541\Release\Design02.a(isr_Acc.o)
 .bss           0x00000000        0x0 .\CortexM3\ARM_GCC_541\Release\Design02.a(isr_Acc.o)
 .text.isr_Acc_Interrupt
                0x00000000        0x2 .\CortexM3\ARM_GCC_541\Release\Design02.a(isr_Acc.o)
 .text.isr_Acc_Start
                0x00000000       0x2c .\CortexM3\ARM_GCC_541\Release\Design02.a(isr_Acc.o)
 .text.isr_Acc_Stop
                0x00000000       0x1c .\CortexM3\ARM_GCC_541\Release\Design02.a(isr_Acc.o)
 .text.isr_Acc_SetVector
                0x00000000        0xc .\CortexM3\ARM_GCC_541\Release\Design02.a(isr_Acc.o)
 .text.isr_Acc_GetVector
                0x00000000        0xc .\CortexM3\ARM_GCC_541\Release\Design02.a(isr_Acc.o)
 .text.isr_Acc_SetPriority
                0x00000000       0x10 .\CortexM3\ARM_GCC_541\Release\Design02.a(isr_Acc.o)
 .text.isr_Acc_GetPriority
                0x00000000        0xc .\CortexM3\ARM_GCC_541\Release\Design02.a(isr_Acc.o)
 .text.isr_Acc_Enable
                0x00000000        0xc .\CortexM3\ARM_GCC_541\Release\Design02.a(isr_Acc.o)
 .text.isr_Acc_GetState
                0x00000000       0x10 .\CortexM3\ARM_GCC_541\Release\Design02.a(isr_Acc.o)
 .text.isr_Acc_Disable
                0x00000000        0xc .\CortexM3\ARM_GCC_541\Release\Design02.a(isr_Acc.o)
 .text.isr_Acc_SetPending
                0x00000000        0xc .\CortexM3\ARM_GCC_541\Release\Design02.a(isr_Acc.o)
 .text.isr_Acc_ClearPending
                0x00000000        0xc .\CortexM3\ARM_GCC_541\Release\Design02.a(isr_Acc.o)
 .text          0x00000000        0x0 .\CortexM3\ARM_GCC_541\Release\Design02.a(LED.o)
 .data          0x00000000        0x0 .\CortexM3\ARM_GCC_541\Release\Design02.a(LED.o)
 .bss           0x00000000        0x0 .\CortexM3\ARM_GCC_541\Release\Design02.a(LED.o)
 .text.LED_SetDriveMode
                0x00000000       0x18 .\CortexM3\ARM_GCC_541\Release\Design02.a(LED.o)
 .text.LED_Read
                0x00000000       0x10 .\CortexM3\ARM_GCC_541\Release\Design02.a(LED.o)
 .text.LED_ReadDataReg
                0x00000000       0x10 .\CortexM3\ARM_GCC_541\Release\Design02.a(LED.o)
 .text          0x00000000        0x0 .\CortexM3\ARM_GCC_541\Release\Design02.a(Acc.o)
 .data          0x00000000        0x0 .\CortexM3\ARM_GCC_541\Release\Design02.a(Acc.o)
 .bss           0x00000000        0x0 .\CortexM3\ARM_GCC_541\Release\Design02.a(Acc.o)
 .text.Acc_Write
                0x00000000       0x18 .\CortexM3\ARM_GCC_541\Release\Design02.a(Acc.o)
 .text.Acc_SetDriveMode
                0x00000000       0x18 .\CortexM3\ARM_GCC_541\Release\Design02.a(Acc.o)
 .text.Acc_Read
                0x00000000        0xc .\CortexM3\ARM_GCC_541\Release\Design02.a(Acc.o)
 .text.Acc_ReadDataReg
                0x00000000        0xc .\CortexM3\ARM_GCC_541\Release\Design02.a(Acc.o)
 .text.Acc_SetInterruptMode
                0x00000000       0x10 .\CortexM3\ARM_GCC_541\Release\Design02.a(Acc.o)
 .data          0x00000000        0x0 .\CortexM3\ARM_GCC_541\Release\Design02.a(CyBootAsmGnu.o)
 .bss           0x00000000        0x0 .\CortexM3\ARM_GCC_541\Release\Design02.a(CyBootAsmGnu.o)
 .text          0x00000000        0x0 .\CortexM3\ARM_GCC_541\Release\Design02.a(CyFlash.o)
 .data          0x00000000        0x0 .\CortexM3\ARM_GCC_541\Release\Design02.a(CyFlash.o)
 .bss           0x00000000        0x0 .\CortexM3\ARM_GCC_541\Release\Design02.a(CyFlash.o)
 .text.CyFlash_Start
                0x00000000       0x50 .\CortexM3\ARM_GCC_541\Release\Design02.a(CyFlash.o)
 .text.CyFlash_Stop
                0x00000000       0x24 .\CortexM3\ARM_GCC_541\Release\Design02.a(CyFlash.o)
 .text.CyFlash_EraseRow
                0x00000000       0x70 .\CortexM3\ARM_GCC_541\Release\Design02.a(CyFlash.o)
 .text.CyFlashGetSpcAlgorithm
                0x00000000       0x48 .\CortexM3\ARM_GCC_541\Release\Design02.a(CyFlash.o)
 .text.CySetTemp
                0x00000000       0x5c .\CortexM3\ARM_GCC_541\Release\Design02.a(CyFlash.o)
 .text.CySetFlashEEBuffer
                0x00000000       0x22 .\CortexM3\ARM_GCC_541\Release\Design02.a(CyFlash.o)
 .text.CyWriteRowFull
                0x00000000       0xcc .\CortexM3\ARM_GCC_541\Release\Design02.a(CyFlash.o)
 .text.CyWriteRowData
                0x00000000        0xe .\CortexM3\ARM_GCC_541\Release\Design02.a(CyFlash.o)
 .text.CyFlash_SetWaitCycles
                0x00000000       0x6c .\CortexM3\ARM_GCC_541\Release\Design02.a(CyFlash.o)
 .text.CyEEPROM_Start
                0x00000000       0x50 .\CortexM3\ARM_GCC_541\Release\Design02.a(CyFlash.o)
 .text.CyEEPROM_Stop
                0x00000000       0x24 .\CortexM3\ARM_GCC_541\Release\Design02.a(CyFlash.o)
 .text.CyEEPROM_ReadReserve
                0x00000000       0x18 .\CortexM3\ARM_GCC_541\Release\Design02.a(CyFlash.o)
 .text.CyEEPROM_ReadRelease
                0x00000000       0x10 .\CortexM3\ARM_GCC_541\Release\Design02.a(CyFlash.o)
 COMMON         0x00000000        0x2 .\CortexM3\ARM_GCC_541\Release\Design02.a(CyFlash.o)
 .text          0x00000000        0x0 .\CortexM3\ARM_GCC_541\Release\Design02.a(CySpc.o)
 .data          0x00000000        0x0 .\CortexM3\ARM_GCC_541\Release\Design02.a(CySpc.o)
 .bss           0x00000000        0x8 .\CortexM3\ARM_GCC_541\Release\Design02.a(CySpc.o)
 .text.CySpcStart
                0x00000000       0x24 .\CortexM3\ARM_GCC_541\Release\Design02.a(CySpc.o)
 .text.CySpcStop
                0x00000000       0x24 .\CortexM3\ARM_GCC_541\Release\Design02.a(CySpc.o)
 .text.CySpcReadData
                0x00000000       0x3c .\CortexM3\ARM_GCC_541\Release\Design02.a(CySpc.o)
 .text.CySpcLoadMultiByte
                0x00000000       0x6c .\CortexM3\ARM_GCC_541\Release\Design02.a(CySpc.o)
 .text.CySpcLoadRow
                0x00000000       0x48 .\CortexM3\ARM_GCC_541\Release\Design02.a(CySpc.o)
 .text.CySpcLoadRowFull
                0x00000000       0x6c .\CortexM3\ARM_GCC_541\Release\Design02.a(CySpc.o)
 .text.CySpcWriteRow
                0x00000000       0x40 .\CortexM3\ARM_GCC_541\Release\Design02.a(CySpc.o)
 .text.CySpcEraseSector
                0x00000000       0x38 .\CortexM3\ARM_GCC_541\Release\Design02.a(CySpc.o)
 .text.CySpcEraseRow
                0x00000000       0x40 .\CortexM3\ARM_GCC_541\Release\Design02.a(CySpc.o)
 .text.CySpcGetTemp
                0x00000000       0x34 .\CortexM3\ARM_GCC_541\Release\Design02.a(CySpc.o)
 .text.CySpcLock
                0x00000000       0x40 .\CortexM3\ARM_GCC_541\Release\Design02.a(CySpc.o)
 .text.CySpcUnlock
                0x00000000       0x34 .\CortexM3\ARM_GCC_541\Release\Design02.a(CySpc.o)
 .text.CySpcGetAlgorithm
                0x00000000       0x28 .\CortexM3\ARM_GCC_541\Release\Design02.a(CySpc.o)
 .text          0x00000000        0x0 c:/program files (x86)/cypress/psoc creator/4.4/psoc creator/import/gnu/arm/5.4.1/bin/../lib/gcc/arm-none-eabi/5.4.1/../../../../arm-none-eabi/lib/armv7-m\libg_nano.a(lib_a-errno.o)
 .data          0x00000000        0x0 c:/program files (x86)/cypress/psoc creator/4.4/psoc creator/import/gnu/arm/5.4.1/bin/../lib/gcc/arm-none-eabi/5.4.1/../../../../arm-none-eabi/lib/armv7-m\libg_nano.a(lib_a-errno.o)
 .bss           0x00000000        0x0 c:/program files (x86)/cypress/psoc creator/4.4/psoc creator/import/gnu/arm/5.4.1/bin/../lib/gcc/arm-none-eabi/5.4.1/../../../../arm-none-eabi/lib/armv7-m\libg_nano.a(lib_a-errno.o)
 .text          0x00000000        0x0 c:/program files (x86)/cypress/psoc creator/4.4/psoc creator/import/gnu/arm/5.4.1/bin/../lib/gcc/arm-none-eabi/5.4.1/../../../../arm-none-eabi/lib/armv7-m\libg_nano.a(lib_a-exit.o)
 .data          0x00000000        0x0 c:/program files (x86)/cypress/psoc creator/4.4/psoc creator/import/gnu/arm/5.4.1/bin/../lib/gcc/arm-none-eabi/5.4.1/../../../../arm-none-eabi/lib/armv7-m\libg_nano.a(lib_a-exit.o)
 .bss           0x00000000        0x0 c:/program files (x86)/cypress/psoc creator/4.4/psoc creator/import/gnu/arm/5.4.1/bin/../lib/gcc/arm-none-eabi/5.4.1/../../../../arm-none-eabi/lib/armv7-m\libg_nano.a(lib_a-exit.o)
 .text.exit     0x00000000       0x28 c:/program files (x86)/cypress/psoc creator/4.4/psoc creator/import/gnu/arm/5.4.1/bin/../lib/gcc/arm-none-eabi/5.4.1/../../../../arm-none-eabi/lib/armv7-m\libg_nano.a(lib_a-exit.o)
 .text          0x00000000        0x0 c:/program files (x86)/cypress/psoc creator/4.4/psoc creator/import/gnu/arm/5.4.1/bin/../lib/gcc/arm-none-eabi/5.4.1/../../../../arm-none-eabi/lib/armv7-m\libg_nano.a(lib_a-impure.o)
 .data          0x00000000        0x0 c:/program files (x86)/cypress/psoc creator/4.4/psoc creator/import/gnu/arm/5.4.1/bin/../lib/gcc/arm-none-eabi/5.4.1/../../../../arm-none-eabi/lib/armv7-m\libg_nano.a(lib_a-impure.o)
 .bss           0x00000000        0x0 c:/program files (x86)/cypress/psoc creator/4.4/psoc creator/import/gnu/arm/5.4.1/bin/../lib/gcc/arm-none-eabi/5.4.1/../../../../arm-none-eabi/lib/armv7-m\libg_nano.a(lib_a-impure.o)
 .rodata._global_impure_ptr
                0x00000000        0x4 c:/program files (x86)/cypress/psoc creator/4.4/psoc creator/import/gnu/arm/5.4.1/bin/../lib/gcc/arm-none-eabi/5.4.1/../../../../arm-none-eabi/lib/armv7-m\libg_nano.a(lib_a-impure.o)
 .text          0x00000000        0x0 c:/program files (x86)/cypress/psoc creator/4.4/psoc creator/import/gnu/arm/5.4.1/bin/../lib/gcc/arm-none-eabi/5.4.1/../../../../arm-none-eabi/lib/armv7-m\libg_nano.a(lib_a-init.o)
 .data          0x00000000        0x0 c:/program files (x86)/cypress/psoc creator/4.4/psoc creator/import/gnu/arm/5.4.1/bin/../lib/gcc/arm-none-eabi/5.4.1/../../../../arm-none-eabi/lib/armv7-m\libg_nano.a(lib_a-init.o)
 .bss           0x00000000        0x0 c:/program files (x86)/cypress/psoc creator/4.4/psoc creator/import/gnu/arm/5.4.1/bin/../lib/gcc/arm-none-eabi/5.4.1/../../../../arm-none-eabi/lib/armv7-m\libg_nano.a(lib_a-init.o)
 .text          0x00000000        0x0 c:/program files (x86)/cypress/psoc creator/4.4/psoc creator/import/gnu/arm/5.4.1/bin/../lib/gcc/arm-none-eabi/5.4.1/../../../../arm-none-eabi/lib/armv7-m\libg_nano.a(lib_a-memset.o)
 .data          0x00000000        0x0 c:/program files (x86)/cypress/psoc creator/4.4/psoc creator/import/gnu/arm/5.4.1/bin/../lib/gcc/arm-none-eabi/5.4.1/../../../../arm-none-eabi/lib/armv7-m\libg_nano.a(lib_a-memset.o)
 .bss           0x00000000        0x0 c:/program files (x86)/cypress/psoc creator/4.4/psoc creator/import/gnu/arm/5.4.1/bin/../lib/gcc/arm-none-eabi/5.4.1/../../../../arm-none-eabi/lib/armv7-m\libg_nano.a(lib_a-memset.o)
 .text          0x00000000        0x0 c:/program files (x86)/cypress/psoc creator/4.4/psoc creator/import/gnu/arm/5.4.1/bin/../lib/gcc/arm-none-eabi/5.4.1/armv7-m/crtend.o
 .data          0x00000000        0x0 c:/program files (x86)/cypress/psoc creator/4.4/psoc creator/import/gnu/arm/5.4.1/bin/../lib/gcc/arm-none-eabi/5.4.1/armv7-m/crtend.o
 .bss           0x00000000        0x0 c:/program files (x86)/cypress/psoc creator/4.4/psoc creator/import/gnu/arm/5.4.1/bin/../lib/gcc/arm-none-eabi/5.4.1/armv7-m/crtend.o
 .text          0x00000000        0x0 c:/program files (x86)/cypress/psoc creator/4.4/psoc creator/import/gnu/arm/5.4.1/bin/../lib/gcc/arm-none-eabi/5.4.1/armv7-m/crtn.o
 .data          0x00000000        0x0 c:/program files (x86)/cypress/psoc creator/4.4/psoc creator/import/gnu/arm/5.4.1/bin/../lib/gcc/arm-none-eabi/5.4.1/armv7-m/crtn.o
 .bss           0x00000000        0x0 c:/program files (x86)/cypress/psoc creator/4.4/psoc creator/import/gnu/arm/5.4.1/bin/../lib/gcc/arm-none-eabi/5.4.1/armv7-m/crtn.o

Memory Configuration

Name             Origin             Length             Attributes
rom              0x00000000         0x00040000         xr
ram              0x1fff8000         0x00010000         xrw
*default*        0x00000000         0xffffffff

Linker script and memory map

LOAD c:/program files (x86)/cypress/psoc creator/4.4/psoc creator/import/gnu/arm/5.4.1/bin/../lib/gcc/arm-none-eabi/5.4.1/armv7-m/crti.o
LOAD c:/program files (x86)/cypress/psoc creator/4.4/psoc creator/import/gnu/arm/5.4.1/bin/../lib/gcc/arm-none-eabi/5.4.1/armv7-m/crtbegin.o
LOAD c:/program files (x86)/cypress/psoc creator/4.4/psoc creator/import/gnu/arm/5.4.1/bin/../lib/gcc/arm-none-eabi/5.4.1/../../../../arm-none-eabi/lib/armv7-m/crt0.o
START GROUP
LOAD .\CortexM3\ARM_GCC_541\Release\main.o
LOAD .\CortexM3\ARM_GCC_541\Release\source01.o
LOAD .\CortexM3\ARM_GCC_541\Release\interrupts.o
LOAD .\CortexM3\ARM_GCC_541\Release\cyfitter_cfg.o
LOAD .\CortexM3\ARM_GCC_541\Release\cymetadata.o
LOAD .\CortexM3\ARM_GCC_541\Release\Cm3Start.o
LOAD .\CortexM3\ARM_GCC_541\Release\Design02.a
LOAD C:\Program Files (x86)\Cypress\PSoC Creator\4.4\PSoC Creator\psoc\content\cycomponentlibrary\CyComponentLibrary.cylib\CortexM3\ARM_GCC_541\Release\CyComponentLibrary.a
END GROUP
START GROUP
LOAD c:/program files (x86)/cypress/psoc creator/4.4/psoc creator/import/gnu/arm/5.4.1/bin/../lib/gcc/arm-none-eabi/5.4.1/armv7-m\libgcc.a
LOAD c:/program files (x86)/cypress/psoc creator/4.4/psoc creator/import/gnu/arm/5.4.1/bin/../lib/gcc/arm-none-eabi/5.4.1/../../../../arm-none-eabi/lib/armv7-m\libg_nano.a
LOAD c:/program files (x86)/cypress/psoc creator/4.4/psoc creator/import/gnu/arm/5.4.1/bin/../lib/gcc/arm-none-eabi/5.4.1/../../../../arm-none-eabi/lib/armv7-m\libc_nano.a
END GROUP
START GROUP
LOAD c:/program files (x86)/cypress/psoc creator/4.4/psoc creator/import/gnu/arm/5.4.1/bin/../lib/gcc/arm-none-eabi/5.4.1/armv7-m\libgcc.a
LOAD c:/program files (x86)/cypress/psoc creator/4.4/psoc creator/import/gnu/arm/5.4.1/bin/../lib/gcc/arm-none-eabi/5.4.1/../../../../arm-none-eabi/lib/armv7-m\libc_nano.a
END GROUP
LOAD c:/program files (x86)/cypress/psoc creator/4.4/psoc creator/import/gnu/arm/5.4.1/bin/../lib/gcc/arm-none-eabi/5.4.1/armv7-m/crtend.o
LOAD c:/program files (x86)/cypress/psoc creator/4.4/psoc creator/import/gnu/arm/5.4.1/bin/../lib/gcc/arm-none-eabi/5.4.1/armv7-m/crtn.o
START GROUP
LOAD c:/program files (x86)/cypress/psoc creator/4.4/psoc creator/import/gnu/arm/5.4.1/bin/../lib/gcc/arm-none-eabi/5.4.1/armv7-m\libgcc.a
LOAD c:/program files (x86)/cypress/psoc creator/4.4/psoc creator/import/gnu/arm/5.4.1/bin/../lib/gcc/arm-none-eabi/5.4.1/../../../../arm-none-eabi/lib/armv7-m\libc.a
LOAD c:/program files (x86)/cypress/psoc creator/4.4/psoc creator/import/gnu/arm/5.4.1/bin/../lib/gcc/arm-none-eabi/5.4.1/../../../../arm-none-eabi/lib/armv7-m\libnosys.a
END GROUP
                0x00000000                CY_APPL_ORIGIN = 0x0
                0x00000100                CY_FLASH_ROW_SIZE = 0x100
                0x00000020                CY_ECC_ROW_SIZE = 0x20
                0x00000000                CY_EE_IN_BTLDR = 0x0
                0x00000000                CY_APPL_LOADABLE = 0x0
                0x00000800                CY_EE_SIZE = 0x800
                0x00000001                CY_APPL_NUM = 0x1
                0x00000001                CY_APPL_MAX = 0x1
                0x00000040                CY_METADATA_SIZE = 0x40
                0x00000000                CY_APPL_LOADABLE = 0x0
                0x00000000                CY_CHECKSUM_EXCLUDE_SIZE = ALIGN (0x0, CY_FLASH_ROW_SIZE)
                [!provide]                PROVIDE (__cy_heap_start, _end)
                0x00000001                PROVIDE (__cy_region_num, ((__cy_regions_end - __cy_regions) / 0x10))
                0x20008000                PROVIDE (__cy_stack, (ORIGIN (ram) + LENGTH (ram)))
                [!provide]                PROVIDE (__cy_heap_end, (__cy_stack - 0x800))

.cybootloader   0x00000000        0x0
 *(.cybootloader)
                0x00000000                appl1_start = CY_APPL_ORIGIN?CY_APPL_ORIGIN:ALIGN (CY_FLASH_ROW_SIZE)
                0x0001ff00                appl2_start = (appl1_start + ALIGN ((((LENGTH (rom) - appl1_start) - (0x2 * CY_FLASH_ROW_SIZE)) / 0x2), CY_FLASH_ROW_SIZE))
                0x00000000                appl_start = (CY_APPL_NUM == 0x1)?appl1_start:appl2_start
                0x00000000                ecc_offset = ((appl_start / CY_FLASH_ROW_SIZE) * CY_ECC_ROW_SIZE)
                0x00000000                ee_offset = (CY_APPL_LOADABLE && ! (CY_EE_IN_BTLDR))?((CY_EE_SIZE / CY_APPL_MAX) * (CY_APPL_NUM - 0x1)):0x0
                0x00000800                ee_size = (CY_APPL_LOADABLE && ! (CY_EE_IN_BTLDR))?(CY_EE_SIZE / CY_APPL_MAX):CY_EE_SIZE
                [!provide]                PROVIDE (CY_ECC_OFFSET, ecc_offset)

.text           0x00000000      0x8b0
 CREATE_OBJECT_SYMBOLS
                0x00000000                PROVIDE (__cy_interrupt_vector, RomVectors)
 *(.romvectors)
 .romvectors    0x00000000       0x10 .\CortexM3\ARM_GCC_541\Release\Cm3Start.o
                0x00000000                RomVectors
                0x00000001                ASSERT ((. != __cy_interrupt_vector), No interrupt vector)
                0x00000001                ASSERT (CY_APPL_ORIGIN?(SIZEOF (.cybootloader) <= CY_APPL_ORIGIN):0x1, Wrong image location)
                0x00000010                PROVIDE (__cy_reset, Reset)
 *(.text.Reset)
 .text.Reset    0x00000010       0x18 .\CortexM3\ARM_GCC_541\Release\Cm3Start.o
                0x00000010                Reset
                0x00000001                ASSERT ((. != __cy_reset), No reset code)
 *(.dma_init)
                0x00000001                ASSERT ((((appl_start + .) <= 0x10000) || 0x1), DMA Init must be within the first 64k of flash)
 *(.text .text.* .gnu.linkonce.t.*)
 .text          0x00000028       0x5c c:/program files (x86)/cypress/psoc creator/4.4/psoc creator/import/gnu/arm/5.4.1/bin/../lib/gcc/arm-none-eabi/5.4.1/armv7-m/crtbegin.o
 .text.isr_Acc_Handler
                0x00000084       0x34 .\CortexM3\ARM_GCC_541\Release\main.o
                0x00000084                isr_Acc_Handler
 .text.startup.main
                0x000000b8       0x60 .\CortexM3\ARM_GCC_541\Release\main.o
                0x000000b8                main
 .text.WriteControlRegisterSPI
                0x00000118       0x30 .\CortexM3\ARM_GCC_541\Release\source01.o
                0x00000118                WriteControlRegisterSPI
 .text.ReadControlRegisterSPI
                0x00000148       0x28 .\CortexM3\ARM_GCC_541\Release\source01.o
                0x00000148                ReadControlRegisterSPI
 .text.cyfitter_cfg
                0x00000170      0x1ec .\CortexM3\ARM_GCC_541\Release\cyfitter_cfg.o
                0x00000170                cyfitter_cfg
 .text.IntDefaultHandler
                0x0000035c       0x10 .\CortexM3\ARM_GCC_541\Release\Cm3Start.o
                0x0000035c                IntDefaultHandler
 .text.Start_c  0x0000036c       0x50 .\CortexM3\ARM_GCC_541\Release\Cm3Start.o
                0x0000036c                Start_c
 .text.startup.initialize_psoc
                0x000003bc       0x68 .\CortexM3\ARM_GCC_541\Release\Cm3Start.o
                0x000003bc                initialize_psoc
 .text.SPI_IMU_Enable
                0x00000424       0x30 .\CortexM3\ARM_GCC_541\Release\Design02.a(SPI_IMU.o)
                0x00000424                SPI_IMU_Enable
 .text.SPI_IMU_WriteTxData
                0x00000454       0x18 .\CortexM3\ARM_GCC_541\Release\Design02.a(SPI_IMU.o)
                0x00000454                SPI_IMU_WriteTxData
 .text.SPI_IMU_ReadRxData
                0x0000046c        0xc .\CortexM3\ARM_GCC_541\Release\Design02.a(SPI_IMU.o)
                0x0000046c                SPI_IMU_ReadRxData
 .text.SPI_IMU_ClearRxBuffer
                0x00000478       0x18 .\CortexM3\ARM_GCC_541\Release\Design02.a(SPI_IMU.o)
                0x00000478                SPI_IMU_ClearRxBuffer
 .text.SPI_IMU_ClearTxBuffer
                0x00000490       0x24 .\CortexM3\ARM_GCC_541\Release\Design02.a(SPI_IMU.o)
                0x00000490                SPI_IMU_ClearTxBuffer
 .text.SPI_IMU_ClearFIFO
                0x000004b4       0x3c .\CortexM3\ARM_GCC_541\Release\Design02.a(SPI_IMU.o)
                0x000004b4                SPI_IMU_ClearFIFO
 .text.SPI_IMU_Init
                0x000004f0       0x30 .\CortexM3\ARM_GCC_541\Release\Design02.a(SPI_IMU.o)
                0x000004f0                SPI_IMU_Init
 .text.SPI_IMU_Start
                0x00000520       0x1c .\CortexM3\ARM_GCC_541\Release\Design02.a(SPI_IMU.o)
                0x00000520                SPI_IMU_Start
 .text.SPI_IMU_ReadStatus
                0x0000053c       0x14 .\CortexM3\ARM_GCC_541\Release\Design02.a(SPI_IMU.o)
                0x0000053c                SPI_IMU_ReadStatus
 .text.CyDelay  0x00000550       0x2c .\CortexM3\ARM_GCC_541\Release\Design02.a(CyLib.o)
                0x00000550                CyDelay
 .text.CyIntSetVector
                0x0000057c       0x1c .\CortexM3\ARM_GCC_541\Release\Design02.a(CyLib.o)
                0x0000057c                CyIntSetVector
 .text.CyIntSetPriority
                0x00000598       0x14 .\CortexM3\ARM_GCC_541\Release\Design02.a(CyLib.o)
                0x00000598                CyIntSetPriority
 .text.UART_Init
                0x000005ac       0x5c .\CortexM3\ARM_GCC_541\Release\Design02.a(UART.o)
                0x000005ac                UART_Init
 .text.UART_Enable
                0x00000608       0x54 .\CortexM3\ARM_GCC_541\Release\Design02.a(UART.o)
                0x00000608                UART_Enable
 .text.UART_Start
                0x0000065c       0x1c .\CortexM3\ARM_GCC_541\Release\Design02.a(UART.o)
                0x0000065c                UART_Start
 .text.UART_PutChar
                0x00000678       0x64 .\CortexM3\ARM_GCC_541\Release\Design02.a(UART.o)
                0x00000678                UART_PutChar
 .text.UART_RXISR
                0x000006dc       0x98 .\CortexM3\ARM_GCC_541\Release\Design02.a(UART_INT.o)
                0x000006dc                UART_RXISR
 .text.UART_TXISR
                0x00000774       0x50 .\CortexM3\ARM_GCC_541\Release\Design02.a(UART_INT.o)
                0x00000774                UART_TXISR
 .text.UART_IntClock_Start
                0x000007c4       0x18 .\CortexM3\ARM_GCC_541\Release\Design02.a(UART_IntClock.o)
                0x000007c4                UART_IntClock_Start
 .text.isr_Acc_StartEx
                0x000007dc       0x24 .\CortexM3\ARM_GCC_541\Release\Design02.a(isr_Acc.o)
                0x000007dc                isr_Acc_StartEx
 .text.LED_Write
                0x00000800       0x18 .\CortexM3\ARM_GCC_541\Release\Design02.a(LED.o)
                0x00000800                LED_Write
 .text.Acc_ClearInterrupt
                0x00000818        0xc .\CortexM3\ARM_GCC_541\Release\Design02.a(Acc.o)
                0x00000818                Acc_ClearInterrupt
 *fill*         0x00000824        0x4 
 .text          0x00000828       0x20 .\CortexM3\ARM_GCC_541\Release\Design02.a(CyBootAsmGnu.o)
                0x00000828                CyDelayCycles
                0x00000838                CyEnterCriticalSection
                0x00000840                CyExitCriticalSection
 .text.__errno  0x00000848        0xc c:/program files (x86)/cypress/psoc creator/4.4/psoc creator/import/gnu/arm/5.4.1/bin/../lib/gcc/arm-none-eabi/5.4.1/../../../../arm-none-eabi/lib/armv7-m\libg_nano.a(lib_a-errno.o)
                0x00000848                __errno
 .text.__libc_init_array
                0x00000854       0x4c c:/program files (x86)/cypress/psoc creator/4.4/psoc creator/import/gnu/arm/5.4.1/bin/../lib/gcc/arm-none-eabi/5.4.1/../../../../arm-none-eabi/lib/armv7-m\libg_nano.a(lib_a-init.o)
                0x00000854                __libc_init_array
 .text.memset   0x000008a0       0x10 c:/program files (x86)/cypress/psoc creator/4.4/psoc creator/import/gnu/arm/5.4.1/bin/../lib/gcc/arm-none-eabi/5.4.1/../../../../arm-none-eabi/lib/armv7-m\libg_nano.a(lib_a-memset.o)
                0x000008a0                memset
 *(.plt)
 *(.gnu.warning)
 *(.glue_7t)
 .glue_7t       0x000008b0        0x0 linker stubs
 *(.glue_7)
 .glue_7        0x000008b0        0x0 linker stubs
 *(.vfp11_veneer)
 .vfp11_veneer  0x000008b0        0x0 linker stubs
 *(.bootloader)
 *(.ARM.extab* .gnu.linkonce.armextab.*)
 *(.gcc_except_table)

.v4_bx          0x000008b0        0x0
 .v4_bx         0x000008b0        0x0 linker stubs

.iplt           0x000008b0        0x0
 .iplt          0x000008b0        0x0 c:/program files (x86)/cypress/psoc creator/4.4/psoc creator/import/gnu/arm/5.4.1/bin/../lib/gcc/arm-none-eabi/5.4.1/armv7-m/crtbegin.o

.eh_frame_hdr
 *(.eh_frame_hdr)

.eh_frame       0x000008b0        0x4
 *(.eh_frame)
 .eh_frame      0x000008b0        0x0 c:/program files (x86)/cypress/psoc creator/4.4/psoc creator/import/gnu/arm/5.4.1/bin/../lib/gcc/arm-none-eabi/5.4.1/armv7-m/crtbegin.o
 .eh_frame      0x000008b0        0x4 c:/program files (x86)/cypress/psoc creator/4.4/psoc creator/import/gnu/arm/5.4.1/bin/../lib/gcc/arm-none-eabi/5.4.1/armv7-m/crtend.o
                [!provide]                PROVIDE (__exidx_start, .)

.ARM.exidx
 *(.ARM.exidx* .gnu.linkonce.armexidx.*)
                0x000008b4                __exidx_end = .

.rodata         0x000008b4       0x64
 *(.rodata .rodata.* .gnu.linkonce.r.*)
 .rodata        0x000008b4       0x2a .\CortexM3\ARM_GCC_541\Release\cyfitter_cfg.o
 .rodata.str1.1
                0x000008de        0x2 c:/program files (x86)/cypress/psoc creator/4.4/psoc creator/import/gnu/arm/5.4.1/bin/../lib/gcc/arm-none-eabi/5.4.1/../../../../arm-none-eabi/lib/armv7-m\libg_nano.a(lib_a-impure.o)
                0x000008e0                . = ALIGN (0x4)
 *(.init)
 .init          0x000008e0        0x4 c:/program files (x86)/cypress/psoc creator/4.4/psoc creator/import/gnu/arm/5.4.1/bin/../lib/gcc/arm-none-eabi/5.4.1/armv7-m/crti.o
                0x000008e0                _init
 .init          0x000008e4        0x8 c:/program files (x86)/cypress/psoc creator/4.4/psoc creator/import/gnu/arm/5.4.1/bin/../lib/gcc/arm-none-eabi/5.4.1/armv7-m/crtn.o
                0x000008ec                . = ALIGN (0x4)
                0x000008ec                __preinit_array_start = .
 *(.preinit_array)
                0x000008ec                __preinit_array_end = .
                0x000008ec                . = ALIGN (0x4)
                0x000008ec                __init_array_start = .
 *(SORT(.init_array.*))
 *(.init_array)
 .init_array    0x000008ec        0x4 c:/program files (x86)/cypress/psoc creator/4.4/psoc creator/import/gnu/arm/5.4.1/bin/../lib/gcc/arm-none-eabi/5.4.1/armv7-m/crtbegin.o
 .init_array    0x000008f0        0x4 .\CortexM3\ARM_GCC_541\Release\Cm3Start.o
                0x000008f4                __init_array_end = .
                0x000008f4                . = ALIGN (0x4)
 *(.fini)
 .fini          0x000008f4        0x4 c:/program files (x86)/cypress/psoc creator/4.4/psoc creator/import/gnu/arm/5.4.1/bin/../lib/gcc/arm-none-eabi/5.4.1/armv7-m/crti.o
                0x000008f4                _fini
 .fini          0x000008f8        0x8 c:/program files (x86)/cypress/psoc creator/4.4/psoc creator/import/gnu/arm/5.4.1/bin/../lib/gcc/arm-none-eabi/5.4.1/armv7-m/crtn.o
                0x00000900                . = ALIGN (0x4)
                0x00000900                __fini_array_start = .
 *(.fini_array)
 .fini_array    0x00000900        0x4 c:/program files (x86)/cypress/psoc creator/4.4/psoc creator/import/gnu/arm/5.4.1/bin/../lib/gcc/arm-none-eabi/5.4.1/armv7-m/crtbegin.o
 *(SORT(.fini_array.*))
                0x00000904                __fini_array_end = .
                0x00000904                . = ALIGN (0x4)
 *crtbegin.o(.ctors)
 *(EXCLUDE_FILE(*crtend.o) .ctors)
 *(SORT(.ctors.*))
 *crtend.o(.ctors)
                0x00000904                . = ALIGN (0x4)
 *crtbegin.o(.dtors)
 *(EXCLUDE_FILE(*crtend.o) .dtors)
 *(SORT(.dtors.*))
 *crtend.o(.dtors)
                0x00000904                . = ALIGN (0x4)
                0x00000904                __cy_regions = .
                0x00000904        0x4 LONG 0x918 __cy_region_init_ram
                0x00000908        0x4 LONG 0x1fff80c8 __cy_region_start_data
                0x0000090c        0x4 LONG 0x78 __cy_region_init_size_ram
                0x00000910        0x4 LONG 0x130 __cy_region_zero_size_ram
                0x00000914                __cy_regions_end = .
                0x00000918                . = ALIGN (0x8)
 *fill*         0x00000914        0x4 
                0x00000918                _etext = .

.cy_checksum_exclude
                0x00000918        0x0
 *(.cy_checksum_exclude)

.ramvectors     0x1fff8000       0xc0
                0x1fff8000                __cy_region_start_ram = .
 *(.ramvectors)
 .ramvectors    0x1fff8000       0xc0 .\CortexM3\ARM_GCC_541\Release\Cm3Start.o
                0x1fff8000                CyRamVectors

.noinit         0x1fff80c0        0x1
 *(.noinit)
 .noinit        0x1fff80c0        0x1 .\CortexM3\ARM_GCC_541\Release\Design02.a(CyLib.o)
                0x1fff80c0                CyResetStatus

.data           0x1fff80c8       0x78 load address 0x00000918
                0x1fff80c8                __cy_region_start_data = .
 *(.jcr)
 .jcr           0x1fff80c8        0x0 c:/program files (x86)/cypress/psoc creator/4.4/psoc creator/import/gnu/arm/5.4.1/bin/../lib/gcc/arm-none-eabi/5.4.1/armv7-m/crtbegin.o
 .jcr           0x1fff80c8        0x4 c:/program files (x86)/cypress/psoc creator/4.4/psoc creator/import/gnu/arm/5.4.1/bin/../lib/gcc/arm-none-eabi/5.4.1/armv7-m/crtend.o
 *(.got.plt)
 *(.got)
 *(.shdata)
 *(.data .data.* .gnu.linkonce.d.*)
 .data          0x1fff80cc       0x10 .\CortexM3\ARM_GCC_541\Release\Design02.a(CyLib.o)
                0x1fff80cc                cydelay_32k_ms
                0x1fff80d0                cydelay_freq_khz
                0x1fff80d4                cydelay_freq_mhz
                0x1fff80d8                cydelay_freq_hz
 .data.impure_data
                0x1fff80dc       0x60 c:/program files (x86)/cypress/psoc creator/4.4/psoc creator/import/gnu/arm/5.4.1/bin/../lib/gcc/arm-none-eabi/5.4.1/../../../../arm-none-eabi/lib/armv7-m\libg_nano.a(lib_a-impure.o)
 .data._impure_ptr
                0x1fff813c        0x4 c:/program files (x86)/cypress/psoc creator/4.4/psoc creator/import/gnu/arm/5.4.1/bin/../lib/gcc/arm-none-eabi/5.4.1/../../../../arm-none-eabi/lib/armv7-m\libg_nano.a(lib_a-impure.o)
                0x1fff813c                _impure_ptr
                0x1fff8140                . = ALIGN (0x8)
 *(.ram)
                0x1fff8140                _edata = .

.igot.plt       0x1fff8140        0x0 load address 0x00000990
 .igot.plt      0x1fff8140        0x0 c:/program files (x86)/cypress/psoc creator/4.4/psoc creator/import/gnu/arm/5.4.1/bin/../lib/gcc/arm-none-eabi/5.4.1/armv7-m/crtbegin.o

.bss            0x1fff8140      0x130 load address 0x00000990
                0x1fff8140                PROVIDE (__bss_start__, .)
 *(.shbss)
 *(.bss .bss.* .gnu.linkonce.b.*)
 .bss           0x1fff8140       0x1c c:/program files (x86)/cypress/psoc creator/4.4/psoc creator/import/gnu/arm/5.4.1/bin/../lib/gcc/arm-none-eabi/5.4.1/armv7-m/crtbegin.o
 .bss           0x1fff815c        0x1 .\CortexM3\ARM_GCC_541\Release\Design02.a(SPI_IMU.o)
                0x1fff815c                SPI_IMU_initVar
 .bss           0x1fff815d        0x9 .\CortexM3\ARM_GCC_541\Release\Design02.a(UART.o)
                0x1fff815d                UART_errorStatus
                0x1fff815e                UART_initVar
                0x1fff815f                UART_rxBufferRead
                0x1fff8160                UART_rxBufferWrite
                0x1fff8161                UART_rxBufferLoopDetect
                0x1fff8162                UART_rxBufferOverflow
                0x1fff8163                UART_txBufferRead
                0x1fff8164                UART_txBufferWrite
 *(COMMON)
 *fill*         0x1fff8166        0x2 
 COMMON         0x1fff8168       0xf1 .\CortexM3\ARM_GCC_541\Release\main.o
                0x1fff8168                XLDA
                0x1fff8169                j
                0x1fff816a                who
                0x1fff816c                tempo
                0x1fff8234                o
                0x1fff8238                Temp
                0x1fff823a                l
                0x1fff823c                IMU_ack
                0x1fff8240                SENS_HUB_ENDOP
                0x1fff8241                i
                0x1fff8242                Accel
                0x1fff8248                Mag
                0x1fff824e                t1
                0x1fff8250                t0
                0x1fff8252                GDA
                0x1fff8253                Gyro
 COMMON         0x1fff8259       0x10 .\CortexM3\ARM_GCC_541\Release\Design02.a(UART.o)
                0x1fff8259                UART_rxBuffer
                0x1fff8261                UART_txBuffer
                0x1fff8270                . = ALIGN (0x8)
 *fill*         0x1fff8269        0x7 
 *(.ram.b)
                0x1fff8270                _end = .
                0x1fff8270                __end = .
                0x1fff8270                PROVIDE (end, .)
                0x1fff8270                PROVIDE (__bss_end__, .)
                0x00000918                __cy_region_init_ram = LOADADDR (.data)
                0x00000078                __cy_region_init_size_ram = (_edata - ADDR (.data))
                0x00000130                __cy_region_zero_size_ram = (_end - _edata)

.heap           0x1fff8270       0x80 load address 0x00000990
                0x1fff8270                . = _end
                0x1fff82f0                . = (. + 0x80)
 *fill*         0x1fff8270       0x80 
                0x1fff82f0                __cy_heap_limit = .

.stack          0x20007800      0x800
                0x20007800                __cy_stack_limit = .
                0x20008000                . = (. + 0x800)
 *fill*         0x20007800      0x800 
                0x00000001                ASSERT ((__cy_stack_limit >= __cy_heap_limit), region RAM overflowed with stack)
                0x00000000                cy_checksum_exclude_size = (CY_APPL_LOADABLE == 0x1)?SIZEOF (.cy_checksum_exclude):0x0
                0x00000001                ASSERT ((cy_checksum_exclude_size <= CY_CHECKSUM_EXCLUDE_SIZE), CY_BOOT: Section .cy_checksum_exclude size exceedes specified limit.)

.cyloadermeta
 *(.cyloadermeta)

.cyloadablemeta
 *(.cyloadablemeta)

.cyconfigecc    0x80000000      0x5dc
 *(.cyconfigecc)
 .cyconfigecc   0x80000000      0x5dc .\CortexM3\ARM_GCC_541\Release\cymetadata.o
                0x80000000                cy_meta_configecc

.cycustnvl      0x90000000        0x4
 *(.cycustnvl)
 .cycustnvl     0x90000000        0x4 .\CortexM3\ARM_GCC_541\Release\cymetadata.o
                0x90000000                cy_meta_custnvl

.cywolatch      0x90100000        0x4
 *(.cywolatch)
 .cywolatch     0x90100000        0x4 .\CortexM3\ARM_GCC_541\Release\cymetadata.o
                0x90100000                cy_meta_wonvl

.cyeeprom       0x90200000        0x0
 *(.cyeeprom)
                0x00000001                ASSERT ((. <= ((0x90200000 + ee_offset) + ee_size)), .cyeeprom data will not fit in EEPROM)

.cyflashprotect
                0x90400000      0x100
 *(.cyflashprotect)
 .cyflashprotect
                0x90400000      0x100 .\CortexM3\ARM_GCC_541\Release\cymetadata.o
                0x90400000                cy_meta_flashprotect

.cymeta         0x90500000        0xc
 *(.cymeta)
 .cymeta        0x90500000        0xc .\CortexM3\ARM_GCC_541\Release\cymetadata.o
                0x90500000                cy_metadata

.rel.dyn        0x00000990        0x0 load address 0x9050000c
 .rel.iplt      0x00000990        0x0 c:/program files (x86)/cypress/psoc creator/4.4/psoc creator/import/gnu/arm/5.4.1/bin/../lib/gcc/arm-none-eabi/5.4.1/armv7-m/crtbegin.o

.stab
 *(.stab)

.stabstr
 *(.stabstr)

.debug
 *(.debug)

.line
 *(.line)

.debug_srcinfo
 *(.debug_srcinfo)

.debug_sfnames
 *(.debug_sfnames)

.debug_aranges  0x00000000      0x848
 *(.debug_aranges)
 .debug_aranges
                0x00000000       0x28 .\CortexM3\ARM_GCC_541\Release\main.o
 .debug_aranges
                0x00000028       0x28 .\CortexM3\ARM_GCC_541\Release\source01.o
 .debug_aranges
                0x00000050       0x18 .\CortexM3\ARM_GCC_541\Release\interrupts.o
 .debug_aranges
                0x00000068       0x28 .\CortexM3\ARM_GCC_541\Release\cyfitter_cfg.o
 .debug_aranges
                0x00000090       0x18 .\CortexM3\ARM_GCC_541\Release\cymetadata.o
 .debug_aranges
                0x000000a8       0x48 .\CortexM3\ARM_GCC_541\Release\Cm3Start.o
 .debug_aranges
                0x000000f0       0xb0 .\CortexM3\ARM_GCC_541\Release\Design02.a(SPI_IMU.o)
 .debug_aranges
                0x000001a0      0x298 .\CortexM3\ARM_GCC_541\Release\Design02.a(CyLib.o)
 .debug_aranges
                0x00000438       0x78 .\CortexM3\ARM_GCC_541\Release\Design02.a(cyPm.o)
 .debug_aranges
                0x000004b0       0xe0 .\CortexM3\ARM_GCC_541\Release\Design02.a(UART.o)
 .debug_aranges
                0x00000590       0x28 .\CortexM3\ARM_GCC_541\Release\Design02.a(UART_INT.o)
 .debug_aranges
                0x000005b8       0x70 .\CortexM3\ARM_GCC_541\Release\Design02.a(UART_IntClock.o)
 .debug_aranges
                0x00000628       0x80 .\CortexM3\ARM_GCC_541\Release\Design02.a(isr_Acc.o)
 .debug_aranges
                0x000006a8       0x38 .\CortexM3\ARM_GCC_541\Release\Design02.a(LED.o)
 .debug_aranges
                0x000006e0       0x48 .\CortexM3\ARM_GCC_541\Release\Design02.a(Acc.o)
 .debug_aranges
                0x00000728       0x20 .\CortexM3\ARM_GCC_541\Release\Design02.a(CyBootAsmGnu.o)
 .debug_aranges
                0x00000748       0x80 .\CortexM3\ARM_GCC_541\Release\Design02.a(CyFlash.o)
 .debug_aranges
                0x000007c8       0x80 .\CortexM3\ARM_GCC_541\Release\Design02.a(CySpc.o)

.debug_pubnames
 *(.debug_pubnames)

.debug_info     0x00000000     0x50c3
 *(.debug_info .gnu.linkonce.wi.*)
 .debug_info    0x00000000      0x435 .\CortexM3\ARM_GCC_541\Release\main.o
 .debug_info    0x00000435      0x1fa .\CortexM3\ARM_GCC_541\Release\source01.o
 .debug_info    0x0000062f       0xae .\CortexM3\ARM_GCC_541\Release\interrupts.o
 .debug_info    0x000006dd      0x508 .\CortexM3\ARM_GCC_541\Release\cyfitter_cfg.o
 .debug_info    0x00000be5      0x137 .\CortexM3\ARM_GCC_541\Release\cymetadata.o
 .debug_info    0x00000d1c      0x3b7 .\CortexM3\ARM_GCC_541\Release\Cm3Start.o
 .debug_info    0x000010d3      0x4b5 .\CortexM3\ARM_GCC_541\Release\Design02.a(SPI_IMU.o)
 .debug_info    0x00001588     0x1343 .\CortexM3\ARM_GCC_541\Release\Design02.a(CyLib.o)
 .debug_info    0x000028cb      0x97e .\CortexM3\ARM_GCC_541\Release\Design02.a(cyPm.o)
 .debug_info    0x00003249      0x766 .\CortexM3\ARM_GCC_541\Release\Design02.a(UART.o)
 .debug_info    0x000039af      0x186 .\CortexM3\ARM_GCC_541\Release\Design02.a(UART_INT.o)
 .debug_info    0x00003b35      0x29d .\CortexM3\ARM_GCC_541\Release\Design02.a(UART_IntClock.o)
 .debug_info    0x00003dd2      0x385 .\CortexM3\ARM_GCC_541\Release\Design02.a(isr_Acc.o)
 .debug_info    0x00004157      0x121 .\CortexM3\ARM_GCC_541\Release\Design02.a(LED.o)
 .debug_info    0x00004278      0x174 .\CortexM3\ARM_GCC_541\Release\Design02.a(Acc.o)
 .debug_info    0x000043ec       0xc7 .\CortexM3\ARM_GCC_541\Release\Design02.a(CyBootAsmGnu.o)
 .debug_info    0x000044b3      0x6c0 .\CortexM3\ARM_GCC_541\Release\Design02.a(CyFlash.o)
 .debug_info    0x00004b73      0x550 .\CortexM3\ARM_GCC_541\Release\Design02.a(CySpc.o)

.debug_abbrev   0x00000000     0x190b
 *(.debug_abbrev)
 .debug_abbrev  0x00000000      0x115 .\CortexM3\ARM_GCC_541\Release\main.o
 .debug_abbrev  0x00000115      0x113 .\CortexM3\ARM_GCC_541\Release\source01.o
 .debug_abbrev  0x00000228       0x4b .\CortexM3\ARM_GCC_541\Release\interrupts.o
 .debug_abbrev  0x00000273      0x20e .\CortexM3\ARM_GCC_541\Release\cyfitter_cfg.o
 .debug_abbrev  0x00000481       0x77 .\CortexM3\ARM_GCC_541\Release\cymetadata.o
 .debug_abbrev  0x000004f8      0x1f4 .\CortexM3\ARM_GCC_541\Release\Cm3Start.o
 .debug_abbrev  0x000006ec      0x1e4 .\CortexM3\ARM_GCC_541\Release\Design02.a(SPI_IMU.o)
 .debug_abbrev  0x000008d0      0x390 .\CortexM3\ARM_GCC_541\Release\Design02.a(CyLib.o)
 .debug_abbrev  0x00000c60      0x1d5 .\CortexM3\ARM_GCC_541\Release\Design02.a(cyPm.o)
 .debug_abbrev  0x00000e35      0x1c4 .\CortexM3\ARM_GCC_541\Release\Design02.a(UART.o)
 .debug_abbrev  0x00000ff9       0xa2 .\CortexM3\ARM_GCC_541\Release\Design02.a(UART_INT.o)
 .debug_abbrev  0x0000109b      0x144 .\CortexM3\ARM_GCC_541\Release\Design02.a(UART_IntClock.o)
 .debug_abbrev  0x000011df      0x212 .\CortexM3\ARM_GCC_541\Release\Design02.a(isr_Acc.o)
 .debug_abbrev  0x000013f1       0x90 .\CortexM3\ARM_GCC_541\Release\Design02.a(LED.o)
 .debug_abbrev  0x00001481       0x9f .\CortexM3\ARM_GCC_541\Release\Design02.a(Acc.o)
 .debug_abbrev  0x00001520       0x14 .\CortexM3\ARM_GCC_541\Release\Design02.a(CyBootAsmGnu.o)
 .debug_abbrev  0x00001534      0x235 .\CortexM3\ARM_GCC_541\Release\Design02.a(CyFlash.o)
 .debug_abbrev  0x00001769      0x1a2 .\CortexM3\ARM_GCC_541\Release\Design02.a(CySpc.o)

.debug_line     0x00000000     0x249a
 *(.debug_line)
 .debug_line    0x00000000      0x1db .\CortexM3\ARM_GCC_541\Release\main.o
 .debug_line    0x000001db      0x1a4 .\CortexM3\ARM_GCC_541\Release\source01.o
 .debug_line    0x0000037f      0x13f .\CortexM3\ARM_GCC_541\Release\interrupts.o
 .debug_line    0x000004be      0x1ae .\CortexM3\ARM_GCC_541\Release\cyfitter_cfg.o
 .debug_line    0x0000066c      0x141 .\CortexM3\ARM_GCC_541\Release\cymetadata.o
 .debug_line    0x000007ad      0x21f .\CortexM3\ARM_GCC_541\Release\Cm3Start.o
 .debug_line    0x000009cc      0x205 .\CortexM3\ARM_GCC_541\Release\Design02.a(SPI_IMU.o)
 .debug_line    0x00000bd1      0x7fc .\CortexM3\ARM_GCC_541\Release\Design02.a(CyLib.o)
 .debug_line    0x000013cd      0x3be .\CortexM3\ARM_GCC_541\Release\Design02.a(cyPm.o)
 .debug_line    0x0000178b      0x347 .\CortexM3\ARM_GCC_541\Release\Design02.a(UART.o)
 .debug_line    0x00001ad2       0xc1 .\CortexM3\ARM_GCC_541\Release\Design02.a(UART_INT.o)
 .debug_line    0x00001b93      0x1b4 .\CortexM3\ARM_GCC_541\Release\Design02.a(UART_IntClock.o)
 .debug_line    0x00001d47      0x157 .\CortexM3\ARM_GCC_541\Release\Design02.a(isr_Acc.o)
 .debug_line    0x00001e9e       0x92 .\CortexM3\ARM_GCC_541\Release\Design02.a(LED.o)
 .debug_line    0x00001f30       0xb4 .\CortexM3\ARM_GCC_541\Release\Design02.a(Acc.o)
 .debug_line    0x00001fe4       0x66 .\CortexM3\ARM_GCC_541\Release\Design02.a(CyBootAsmGnu.o)
 .debug_line    0x0000204a      0x204 .\CortexM3\ARM_GCC_541\Release\Design02.a(CyFlash.o)
 .debug_line    0x0000224e      0x24c .\CortexM3\ARM_GCC_541\Release\Design02.a(CySpc.o)

.debug_frame    0x00000000     0x1544
 *(.debug_frame)
 .debug_frame   0x00000000       0x4c .\CortexM3\ARM_GCC_541\Release\main.o
 .debug_frame   0x0000004c       0x50 .\CortexM3\ARM_GCC_541\Release\source01.o
 .debug_frame   0x0000009c       0x48 .\CortexM3\ARM_GCC_541\Release\cyfitter_cfg.o
 .debug_frame   0x000000e4       0xb8 .\CortexM3\ARM_GCC_541\Release\Cm3Start.o
 .debug_frame   0x0000019c      0x1f8 .\CortexM3\ARM_GCC_541\Release\Design02.a(SPI_IMU.o)
 .debug_frame   0x00000394      0x6f8 .\CortexM3\ARM_GCC_541\Release\Design02.a(CyLib.o)
 .debug_frame   0x00000a8c      0x1c8 .\CortexM3\ARM_GCC_541\Release\Design02.a(cyPm.o)
 .debug_frame   0x00000c54      0x26c .\CortexM3\ARM_GCC_541\Release\Design02.a(UART.o)
 .debug_frame   0x00000ec0       0x5c .\CortexM3\ARM_GCC_541\Release\Design02.a(UART_INT.o)
 .debug_frame   0x00000f1c       0xe0 .\CortexM3\ARM_GCC_541\Release\Design02.a(UART_IntClock.o)
 .debug_frame   0x00000ffc       0xe0 .\CortexM3\ARM_GCC_541\Release\Design02.a(isr_Acc.o)
 .debug_frame   0x000010dc       0x50 .\CortexM3\ARM_GCC_541\Release\Design02.a(LED.o)
 .debug_frame   0x0000112c       0x70 .\CortexM3\ARM_GCC_541\Release\Design02.a(Acc.o)
 .debug_frame   0x0000119c      0x184 .\CortexM3\ARM_GCC_541\Release\Design02.a(CyFlash.o)
 .debug_frame   0x00001320      0x190 .\CortexM3\ARM_GCC_541\Release\Design02.a(CySpc.o)
 .debug_frame   0x000014b0       0x20 c:/program files (x86)/cypress/psoc creator/4.4/psoc creator/import/gnu/arm/5.4.1/bin/../lib/gcc/arm-none-eabi/5.4.1/../../../../arm-none-eabi/lib/armv7-m\libg_nano.a(lib_a-errno.o)
 .debug_frame   0x000014d0       0x28 c:/program files (x86)/cypress/psoc creator/4.4/psoc creator/import/gnu/arm/5.4.1/bin/../lib/gcc/arm-none-eabi/5.4.1/../../../../arm-none-eabi/lib/armv7-m\libg_nano.a(lib_a-exit.o)
 .debug_frame   0x000014f8       0x2c c:/program files (x86)/cypress/psoc creator/4.4/psoc creator/import/gnu/arm/5.4.1/bin/../lib/gcc/arm-none-eabi/5.4.1/../../../../arm-none-eabi/lib/armv7-m\libg_nano.a(lib_a-init.o)
 .debug_frame   0x00001524       0x20 c:/program files (x86)/cypress/psoc creator/4.4/psoc creator/import/gnu/arm/5.4.1/bin/../lib/gcc/arm-none-eabi/5.4.1/../../../../arm-none-eabi/lib/armv7-m\libg_nano.a(lib_a-memset.o)

.debug_str      0x00000000     0x1ce2
 *(.debug_str)
 .debug_str     0x00000000      0x2cc .\CortexM3\ARM_GCC_541\Release\main.o
                                0x319 (size before relaxing)
 .debug_str     0x000002cc       0x50 .\CortexM3\ARM_GCC_541\Release\source01.o
                                0x29c (size before relaxing)
 .debug_str     0x0000031c        0xd .\CortexM3\ARM_GCC_541\Release\interrupts.o
                                0x1de (size before relaxing)
 .debug_str     0x00000329      0x173 .\CortexM3\ARM_GCC_541\Release\cyfitter_cfg.o
                                0x33f (size before relaxing)
 .debug_str     0x0000049c       0x7f .\CortexM3\ARM_GCC_541\Release\cymetadata.o
                                0x21b (size before relaxing)
 .debug_str     0x0000051b      0x144 .\CortexM3\ARM_GCC_541\Release\Cm3Start.o
                                0x341 (size before relaxing)
 .debug_str     0x0000065f      0x1fa .\CortexM3\ARM_GCC_541\Release\Design02.a(SPI_IMU.o)
                                0x45e (size before relaxing)
 .debug_str     0x00000859      0x815 .\CortexM3\ARM_GCC_541\Release\Design02.a(CyLib.o)
                                0xa7e (size before relaxing)
 .debug_str     0x0000106e      0x365 .\CortexM3\ARM_GCC_541\Release\Design02.a(cyPm.o)
                                0x763 (size before relaxing)
 .debug_str     0x000013d3      0x31b .\CortexM3\ARM_GCC_541\Release\Design02.a(UART.o)
                                0x597 (size before relaxing)
 .debug_str     0x000016ee       0x5e .\CortexM3\ARM_GCC_541\Release\Design02.a(UART_INT.o)
                                0x2c0 (size before relaxing)
 .debug_str     0x0000174c      0x183 .\CortexM3\ARM_GCC_541\Release\Design02.a(UART_IntClock.o)
                                0x36d (size before relaxing)
 .debug_str     0x000018cf       0xf2 .\CortexM3\ARM_GCC_541\Release\Design02.a(isr_Acc.o)
                                0x2f9 (size before relaxing)
 .debug_str     0x000019c1       0x52 .\CortexM3\ARM_GCC_541\Release\Design02.a(LED.o)
                                0x20f (size before relaxing)
 .debug_str     0x00001a13       0x6f .\CortexM3\ARM_GCC_541\Release\Design02.a(Acc.o)
                                0x247 (size before relaxing)
 .debug_str     0x00001a82      0x1b4 .\CortexM3\ARM_GCC_541\Release\Design02.a(CyFlash.o)
                                0x3f0 (size before relaxing)
 .debug_str     0x00001c36       0xac .\CortexM3\ARM_GCC_541\Release\Design02.a(CySpc.o)
                                0x36f (size before relaxing)

.debug_loc      0x00000000     0x23b9
 *(.debug_loc)
 .debug_loc     0x00000000       0x63 .\CortexM3\ARM_GCC_541\Release\source01.o
 .debug_loc     0x00000063      0x30f .\CortexM3\ARM_GCC_541\Release\cyfitter_cfg.o
 .debug_loc     0x00000372      0x1af .\CortexM3\ARM_GCC_541\Release\Cm3Start.o
 .debug_loc     0x00000521      0x122 .\CortexM3\ARM_GCC_541\Release\Design02.a(SPI_IMU.o)
 .debug_loc     0x00000643      0xa20 .\CortexM3\ARM_GCC_541\Release\Design02.a(CyLib.o)
 .debug_loc     0x00001063      0x1d6 .\CortexM3\ARM_GCC_541\Release\Design02.a(cyPm.o)
 .debug_loc     0x00001239      0x371 .\CortexM3\ARM_GCC_541\Release\Design02.a(UART.o)
 .debug_loc     0x000015aa       0x51 .\CortexM3\ARM_GCC_541\Release\Design02.a(UART_INT.o)
 .debug_loc     0x000015fb       0xa6 .\CortexM3\ARM_GCC_541\Release\Design02.a(UART_IntClock.o)
 .debug_loc     0x000016a1       0xf3 .\CortexM3\ARM_GCC_541\Release\Design02.a(isr_Acc.o)
 .debug_loc     0x00001794       0x5a .\CortexM3\ARM_GCC_541\Release\Design02.a(LED.o)
 .debug_loc     0x000017ee       0x7b .\CortexM3\ARM_GCC_541\Release\Design02.a(Acc.o)
 .debug_loc     0x00001869      0x4b7 .\CortexM3\ARM_GCC_541\Release\Design02.a(CyFlash.o)
 .debug_loc     0x00001d20      0x699 .\CortexM3\ARM_GCC_541\Release\Design02.a(CySpc.o)

.debug_macinfo
 *(.debug_macinfo)

.debug_ranges   0x00000000      0x920
 *(.debug_ranges)
 .debug_ranges  0x00000000       0x18 .\CortexM3\ARM_GCC_541\Release\main.o
 .debug_ranges  0x00000018       0x18 .\CortexM3\ARM_GCC_541\Release\source01.o
 .debug_ranges  0x00000030       0xf0 .\CortexM3\ARM_GCC_541\Release\cyfitter_cfg.o
 .debug_ranges  0x00000120       0x50 .\CortexM3\ARM_GCC_541\Release\Cm3Start.o
 .debug_ranges  0x00000170       0xb8 .\CortexM3\ARM_GCC_541\Release\Design02.a(SPI_IMU.o)
 .debug_ranges  0x00000228      0x2b8 .\CortexM3\ARM_GCC_541\Release\Design02.a(CyLib.o)
 .debug_ranges  0x000004e0       0x90 .\CortexM3\ARM_GCC_541\Release\Design02.a(cyPm.o)
 .debug_ranges  0x00000570       0xe8 .\CortexM3\ARM_GCC_541\Release\Design02.a(UART.o)
 .debug_ranges  0x00000658       0x18 .\CortexM3\ARM_GCC_541\Release\Design02.a(UART_INT.o)
 .debug_ranges  0x00000670       0xb8 .\CortexM3\ARM_GCC_541\Release\Design02.a(UART_IntClock.o)
 .debug_ranges  0x00000728       0xa0 .\CortexM3\ARM_GCC_541\Release\Design02.a(isr_Acc.o)
 .debug_ranges  0x000007c8       0x28 .\CortexM3\ARM_GCC_541\Release\Design02.a(LED.o)
 .debug_ranges  0x000007f0       0x38 .\CortexM3\ARM_GCC_541\Release\Design02.a(Acc.o)
 .debug_ranges  0x00000828       0x88 .\CortexM3\ARM_GCC_541\Release\Design02.a(CyFlash.o)
 .debug_ranges  0x000008b0       0x70 .\CortexM3\ARM_GCC_541\Release\Design02.a(CySpc.o)

.comment        0x00000000       0x6e
 .comment       0x00000000       0x6e .\CortexM3\ARM_GCC_541\Release\main.o
                                 0x6f (size before relaxing)
 .comment       0x0000006e       0x6f .\CortexM3\ARM_GCC_541\Release\source01.o
 .comment       0x0000006e       0x6f .\CortexM3\ARM_GCC_541\Release\interrupts.o
 .comment       0x0000006e       0x6f .\CortexM3\ARM_GCC_541\Release\cyfitter_cfg.o
 .comment       0x0000006e       0x6f .\CortexM3\ARM_GCC_541\Release\cymetadata.o
 .comment       0x0000006e       0x6f .\CortexM3\ARM_GCC_541\Release\Cm3Start.o
 .comment       0x0000006e       0x6f .\CortexM3\ARM_GCC_541\Release\Design02.a(SPI_IMU.o)
 .comment       0x0000006e       0x6f .\CortexM3\ARM_GCC_541\Release\Design02.a(CyLib.o)
 .comment       0x0000006e       0x6f .\CortexM3\ARM_GCC_541\Release\Design02.a(cyPm.o)
 .comment       0x0000006e       0x6f .\CortexM3\ARM_GCC_541\Release\Design02.a(UART.o)
 .comment       0x0000006e       0x6f .\CortexM3\ARM_GCC_541\Release\Design02.a(UART_INT.o)
 .comment       0x0000006e       0x6f .\CortexM3\ARM_GCC_541\Release\Design02.a(UART_IntClock.o)
 .comment       0x0000006e       0x6f .\CortexM3\ARM_GCC_541\Release\Design02.a(isr_Acc.o)
 .comment       0x0000006e       0x6f .\CortexM3\ARM_GCC_541\Release\Design02.a(LED.o)
 .comment       0x0000006e       0x6f .\CortexM3\ARM_GCC_541\Release\Design02.a(Acc.o)
 .comment       0x0000006e       0x6f .\CortexM3\ARM_GCC_541\Release\Design02.a(CyFlash.o)
 .comment       0x0000006e       0x6f .\CortexM3\ARM_GCC_541\Release\Design02.a(CySpc.o)

.debug_weaknames
 *(.debug_weaknames)

.debug_funcnames
 *(.debug_funcnames)

.debug_typenames
 *(.debug_typenames)

.debug_varnames
 *(.debug_varnames)

.note.gnu.arm.ident
 *(.note.gnu.arm.ident)

.ARM.attributes
                0x00000000       0x29
 *(.ARM.attributes)
 .ARM.attributes
                0x00000000       0x1d c:/program files (x86)/cypress/psoc creator/4.4/psoc creator/import/gnu/arm/5.4.1/bin/../lib/gcc/arm-none-eabi/5.4.1/armv7-m/crti.o
 .ARM.attributes
                0x0000001d       0x2d c:/program files (x86)/cypress/psoc creator/4.4/psoc creator/import/gnu/arm/5.4.1/bin/../lib/gcc/arm-none-eabi/5.4.1/armv7-m/crtbegin.o
 .ARM.attributes
                0x0000004a       0x1b c:/program files (x86)/cypress/psoc creator/4.4/psoc creator/import/gnu/arm/5.4.1/bin/../lib/gcc/arm-none-eabi/5.4.1/../../../../arm-none-eabi/lib/armv7-m/crt0.o
 .ARM.attributes
                0x00000065       0x33 .\CortexM3\ARM_GCC_541\Release\main.o
 .ARM.attributes
                0x00000098       0x33 .\CortexM3\ARM_GCC_541\Release\source01.o
 .ARM.attributes
                0x000000cb       0x33 .\CortexM3\ARM_GCC_541\Release\interrupts.o
 .ARM.attributes
                0x000000fe       0x33 .\CortexM3\ARM_GCC_541\Release\cyfitter_cfg.o
 .ARM.attributes
                0x00000131       0x33 .\CortexM3\ARM_GCC_541\Release\cymetadata.o
 .ARM.attributes
                0x00000164       0x33 .\CortexM3\ARM_GCC_541\Release\Cm3Start.o
 .ARM.attributes
                0x00000197       0x33 .\CortexM3\ARM_GCC_541\Release\Design02.a(SPI_IMU.o)
 .ARM.attributes
                0x000001ca       0x33 .\CortexM3\ARM_GCC_541\Release\Design02.a(CyLib.o)
 .ARM.attributes
                0x000001fd       0x33 .\CortexM3\ARM_GCC_541\Release\Design02.a(cyPm.o)
 .ARM.attributes
                0x00000230       0x33 .\CortexM3\ARM_GCC_541\Release\Design02.a(UART.o)
 .ARM.attributes
                0x00000263       0x33 .\CortexM3\ARM_GCC_541\Release\Design02.a(UART_INT.o)
 .ARM.attributes
                0x00000296       0x33 .\CortexM3\ARM_GCC_541\Release\Design02.a(UART_IntClock.o)
 .ARM.attributes
                0x000002c9       0x33 .\CortexM3\ARM_GCC_541\Release\Design02.a(isr_Acc.o)
 .ARM.attributes
                0x000002fc       0x33 .\CortexM3\ARM_GCC_541\Release\Design02.a(LED.o)
 .ARM.attributes
                0x0000032f       0x33 .\CortexM3\ARM_GCC_541\Release\Design02.a(Acc.o)
 .ARM.attributes
                0x00000362       0x21 .\CortexM3\ARM_GCC_541\Release\Design02.a(CyBootAsmGnu.o)
 .ARM.attributes
                0x00000383       0x33 .\CortexM3\ARM_GCC_541\Release\Design02.a(CyFlash.o)
 .ARM.attributes
                0x000003b6       0x33 .\CortexM3\ARM_GCC_541\Release\Design02.a(CySpc.o)
 .ARM.attributes
                0x000003e9       0x2d c:/program files (x86)/cypress/psoc creator/4.4/psoc creator/import/gnu/arm/5.4.1/bin/../lib/gcc/arm-none-eabi/5.4.1/../../../../arm-none-eabi/lib/armv7-m\libg_nano.a(lib_a-errno.o)
 .ARM.attributes
                0x00000416       0x2d c:/program files (x86)/cypress/psoc creator/4.4/psoc creator/import/gnu/arm/5.4.1/bin/../lib/gcc/arm-none-eabi/5.4.1/../../../../arm-none-eabi/lib/armv7-m\libg_nano.a(lib_a-exit.o)
 .ARM.attributes
                0x00000443       0x2d c:/program files (x86)/cypress/psoc creator/4.4/psoc creator/import/gnu/arm/5.4.1/bin/../lib/gcc/arm-none-eabi/5.4.1/../../../../arm-none-eabi/lib/armv7-m\libg_nano.a(lib_a-impure.o)
 .ARM.attributes
                0x00000470       0x2d c:/program files (x86)/cypress/psoc creator/4.4/psoc creator/import/gnu/arm/5.4.1/bin/../lib/gcc/arm-none-eabi/5.4.1/../../../../arm-none-eabi/lib/armv7-m\libg_nano.a(lib_a-init.o)
 .ARM.attributes
                0x0000049d       0x2d c:/program files (x86)/cypress/psoc creator/4.4/psoc creator/import/gnu/arm/5.4.1/bin/../lib/gcc/arm-none-eabi/5.4.1/../../../../arm-none-eabi/lib/armv7-m\libg_nano.a(lib_a-memset.o)
 .ARM.attributes
                0x000004ca       0x2d c:/program files (x86)/cypress/psoc creator/4.4/psoc creator/import/gnu/arm/5.4.1/bin/../lib/gcc/arm-none-eabi/5.4.1/armv7-m/crtend.o
 .ARM.attributes
                0x000004f7       0x1d c:/program files (x86)/cypress/psoc creator/4.4/psoc creator/import/gnu/arm/5.4.1/bin/../lib/gcc/arm-none-eabi/5.4.1/armv7-m/crtn.o

/DISCARD/
 *(.note.GNU-stack)
OUTPUT(C:\Users\mgnocco\Documents\Git\PSoC5\PSoC5_FW_IMU_LSM6DSRX_LIS2MDL\LSM6DSRX +lis2mdl_funziona -NONTOCCARE\Design02.cydsn\CortexM3\ARM_GCC_541\Release\Design02.elf elf32-littlearm)
