Archive member included to satisfy reference by file (symbol)

.\CortexM3\ARM_GCC_541\Release\Design02.a(SPI_IMU.o)
                              .\CortexM3\ARM_GCC_541\Release\main.o (SPI_IMU_Enable)
.\CortexM3\ARM_GCC_541\Release\Design02.a(CyLib.o)
                              .\CortexM3\ARM_GCC_541\Release\Cm3Start.o (CyHalt)
.\CortexM3\ARM_GCC_541\Release\Design02.a(cyPm.o)
                              .\CortexM3\ARM_GCC_541\Release\Design02.a(CyLib.o) (CyPmReadStatus)
.\CortexM3\ARM_GCC_541\Release\Design02.a(PACER_TIMER.o)
                              .\CortexM3\ARM_GCC_541\Release\main.o (PACER_TIMER_Start)
.\CortexM3\ARM_GCC_541\Release\Design02.a(UART.o)
                              .\CortexM3\ARM_GCC_541\Release\source01.o (UART_PutChar)
.\CortexM3\ARM_GCC_541\Release\Design02.a(UART_INT.o)
                              .\CortexM3\ARM_GCC_541\Release\Design02.a(UART.o) (UART_RXISR)
.\CortexM3\ARM_GCC_541\Release\Design02.a(UART_IntClock.o)
                              .\CortexM3\ARM_GCC_541\Release\Design02.a(UART.o) (UART_IntClock_Start)
.\CortexM3\ARM_GCC_541\Release\Design02.a(MY_TIMER.o)
                              .\CortexM3\ARM_GCC_541\Release\main.o (MY_TIMER_Start)
.\CortexM3\ARM_GCC_541\Release\Design02.a(LED.o)
                              .\CortexM3\ARM_GCC_541\Release\main.o (LED_Write)
.\CortexM3\ARM_GCC_541\Release\Design02.a(CyBootAsmGnu.o)
                              .\CortexM3\ARM_GCC_541\Release\cyfitter_cfg.o (CyDelayCycles)
.\CortexM3\ARM_GCC_541\Release\Design02.a(CyFlash.o)
                              .\CortexM3\ARM_GCC_541\Release\Design02.a(cyPm.o) (CyFlash_SetWaitCycles)
.\CortexM3\ARM_GCC_541\Release\Design02.a(CySpc.o)
                              .\CortexM3\ARM_GCC_541\Release\Design02.a(CyFlash.o) (CySpcStart)
c:/program files (x86)/cypress/psoc creator/4.4/psoc creator/import/gnu/arm/5.4.1/bin/../lib/gcc/arm-none-eabi/5.4.1/../../../../arm-none-eabi/lib/armv7-m\libg_nano.a(lib_a-errno.o)
                              .\CortexM3\ARM_GCC_541\Release\Cm3Start.o (__errno)
c:/program files (x86)/cypress/psoc creator/4.4/psoc creator/import/gnu/arm/5.4.1/bin/../lib/gcc/arm-none-eabi/5.4.1/../../../../arm-none-eabi/lib/armv7-m\libg_nano.a(lib_a-exit.o)
                              c:/program files (x86)/cypress/psoc creator/4.4/psoc creator/import/gnu/arm/5.4.1/bin/../lib/gcc/arm-none-eabi/5.4.1/../../../../arm-none-eabi/lib/armv7-m/crt0.o (exit)
c:/program files (x86)/cypress/psoc creator/4.4/psoc creator/import/gnu/arm/5.4.1/bin/../lib/gcc/arm-none-eabi/5.4.1/../../../../arm-none-eabi/lib/armv7-m\libg_nano.a(lib_a-impure.o)
                              c:/program files (x86)/cypress/psoc creator/4.4/psoc creator/import/gnu/arm/5.4.1/bin/../lib/gcc/arm-none-eabi/5.4.1/../../../../arm-none-eabi/lib/armv7-m\libg_nano.a(lib_a-exit.o) (_global_impure_ptr)
c:/program files (x86)/cypress/psoc creator/4.4/psoc creator/import/gnu/arm/5.4.1/bin/../lib/gcc/arm-none-eabi/5.4.1/../../../../arm-none-eabi/lib/armv7-m\libg_nano.a(lib_a-init.o)
                              c:/program files (x86)/cypress/psoc creator/4.4/psoc creator/import/gnu/arm/5.4.1/bin/../lib/gcc/arm-none-eabi/5.4.1/../../../../arm-none-eabi/lib/armv7-m/crt0.o (__libc_init_array)
c:/program files (x86)/cypress/psoc creator/4.4/psoc creator/import/gnu/arm/5.4.1/bin/../lib/gcc/arm-none-eabi/5.4.1/../../../../arm-none-eabi/lib/armv7-m\libg_nano.a(lib_a-memcpy-stub.o)
                              .\CortexM3\ARM_GCC_541\Release\cyfitter_cfg.o (memcpy)
c:/program files (x86)/cypress/psoc creator/4.4/psoc creator/import/gnu/arm/5.4.1/bin/../lib/gcc/arm-none-eabi/5.4.1/../../../../arm-none-eabi/lib/armv7-m\libg_nano.a(lib_a-memset.o)
                              c:/program files (x86)/cypress/psoc creator/4.4/psoc creator/import/gnu/arm/5.4.1/bin/../lib/gcc/arm-none-eabi/5.4.1/../../../../arm-none-eabi/lib/armv7-m/crt0.o (memset)

Allocating common symbols
Common symbol       size              file

XLDA                0x1               .\CortexM3\ARM_GCC_541\Release\main.o
j                   0x1               .\CortexM3\ARM_GCC_541\Release\main.o
who                 0x1               .\CortexM3\ARM_GCC_541\Release\main.o
tempo               0xc8              .\CortexM3\ARM_GCC_541\Release\main.o
o                   0x4               .\CortexM3\ARM_GCC_541\Release\main.o
Temp                0x2               .\CortexM3\ARM_GCC_541\Release\main.o
l                   0x1               .\CortexM3\ARM_GCC_541\Release\main.o
IMU_ack             0x4               .\CortexM3\ARM_GCC_541\Release\main.o
SENS_HUB_ENDOP      0x1               .\CortexM3\ARM_GCC_541\Release\main.o
SPI_IMU_swStatusTx  0x1               .\CortexM3\ARM_GCC_541\Release\Design02.a(SPI_IMU.o)
i                   0x1               .\CortexM3\ARM_GCC_541\Release\main.o
UART_rxBuffer       0x8               .\CortexM3\ARM_GCC_541\Release\Design02.a(UART.o)
Accel               0x6               .\CortexM3\ARM_GCC_541\Release\main.o
Mag                 0x6               .\CortexM3\ARM_GCC_541\Release\main.o
t1                  0x2               .\CortexM3\ARM_GCC_541\Release\main.o
t0                  0x2               .\CortexM3\ARM_GCC_541\Release\main.o
SPI_IMU_swStatusRx  0x1               .\CortexM3\ARM_GCC_541\Release\Design02.a(SPI_IMU.o)
GDA                 0x1               .\CortexM3\ARM_GCC_541\Release\main.o
Gyro                0x6               .\CortexM3\ARM_GCC_541\Release\main.o
dieTemperature      0x2               .\CortexM3\ARM_GCC_541\Release\Design02.a(CyFlash.o)
UART_txBuffer       0x8               .\CortexM3\ARM_GCC_541\Release\Design02.a(UART.o)

Discarded input sections

 .text          0x00000000        0x0 c:/program files (x86)/cypress/psoc creator/4.4/psoc creator/import/gnu/arm/5.4.1/bin/../lib/gcc/arm-none-eabi/5.4.1/armv7-m/crti.o
 .data          0x00000000        0x0 c:/program files (x86)/cypress/psoc creator/4.4/psoc creator/import/gnu/arm/5.4.1/bin/../lib/gcc/arm-none-eabi/5.4.1/armv7-m/crti.o
 .bss           0x00000000        0x0 c:/program files (x86)/cypress/psoc creator/4.4/psoc creator/import/gnu/arm/5.4.1/bin/../lib/gcc/arm-none-eabi/5.4.1/armv7-m/crti.o
 .data          0x00000000        0x4 c:/program files (x86)/cypress/psoc creator/4.4/psoc creator/import/gnu/arm/5.4.1/bin/../lib/gcc/arm-none-eabi/5.4.1/armv7-m/crtbegin.o
 .text          0x00000000       0x74 c:/program files (x86)/cypress/psoc creator/4.4/psoc creator/import/gnu/arm/5.4.1/bin/../lib/gcc/arm-none-eabi/5.4.1/../../../../arm-none-eabi/lib/armv7-m/crt0.o
 .data          0x00000000        0x0 c:/program files (x86)/cypress/psoc creator/4.4/psoc creator/import/gnu/arm/5.4.1/bin/../lib/gcc/arm-none-eabi/5.4.1/../../../../arm-none-eabi/lib/armv7-m/crt0.o
 .bss           0x00000000        0x0 c:/program files (x86)/cypress/psoc creator/4.4/psoc creator/import/gnu/arm/5.4.1/bin/../lib/gcc/arm-none-eabi/5.4.1/../../../../arm-none-eabi/lib/armv7-m/crt0.o
 .ARM.extab     0x00000000        0x0 c:/program files (x86)/cypress/psoc creator/4.4/psoc creator/import/gnu/arm/5.4.1/bin/../lib/gcc/arm-none-eabi/5.4.1/../../../../arm-none-eabi/lib/armv7-m/crt0.o
 .ARM.exidx     0x00000000        0x8 c:/program files (x86)/cypress/psoc creator/4.4/psoc creator/import/gnu/arm/5.4.1/bin/../lib/gcc/arm-none-eabi/5.4.1/../../../../arm-none-eabi/lib/armv7-m/crt0.o
 .text          0x00000000        0x0 .\CortexM3\ARM_GCC_541\Release\main.o
 .data          0x00000000        0x0 .\CortexM3\ARM_GCC_541\Release\main.o
 .bss           0x00000000        0x1 .\CortexM3\ARM_GCC_541\Release\main.o
 .text          0x00000000        0x0 .\CortexM3\ARM_GCC_541\Release\source01.o
 .data          0x00000000        0x0 .\CortexM3\ARM_GCC_541\Release\source01.o
 .bss           0x00000000        0x0 .\CortexM3\ARM_GCC_541\Release\source01.o
 .text.InitIMU  0x00000000       0x12 .\CortexM3\ARM_GCC_541\Release\source01.o
 .text.OneShot_ReadRoutine1
                0x00000000      0x1a2 .\CortexM3\ARM_GCC_541\Release\source01.o
 .text.OneShot_ReadRoutine
                0x00000000       0xae .\CortexM3\ARM_GCC_541\Release\source01.o
 .text.Continuous_ReadRoutine
                0x00000000       0x62 .\CortexM3\ARM_GCC_541\Release\source01.o
 .text.OneShot_WriteRoutine
                0x00000000       0x82 .\CortexM3\ARM_GCC_541\Release\source01.o
 .text.ReadAcc  0x00000000       0x40 .\CortexM3\ARM_GCC_541\Release\source01.o
 .text.ReadGyro
                0x00000000       0x40 .\CortexM3\ARM_GCC_541\Release\source01.o
 .text.ReadTemp
                0x00000000       0x1c .\CortexM3\ARM_GCC_541\Release\source01.o
 .text.ReadIMU  0x00000000       0x78 .\CortexM3\ARM_GCC_541\Release\source01.o
 .text          0x00000000        0x0 .\CortexM3\ARM_GCC_541\Release\interrupts.o
 .data          0x00000000        0x0 .\CortexM3\ARM_GCC_541\Release\interrupts.o
 .bss           0x00000000        0x0 .\CortexM3\ARM_GCC_541\Release\interrupts.o
 .text          0x00000000        0x0 .\CortexM3\ARM_GCC_541\Release\cyfitter_cfg.o
 .data          0x00000000        0x0 .\CortexM3\ARM_GCC_541\Release\cyfitter_cfg.o
 .bss           0x00000000        0x0 .\CortexM3\ARM_GCC_541\Release\cyfitter_cfg.o
 .text.SetAnalogRoutingPumps
                0x00000000       0x10 .\CortexM3\ARM_GCC_541\Release\cyfitter_cfg.o
 .text          0x00000000        0x0 .\CortexM3\ARM_GCC_541\Release\cymetadata.o
 .data          0x00000000        0x0 .\CortexM3\ARM_GCC_541\Release\cymetadata.o
 .bss           0x00000000        0x0 .\CortexM3\ARM_GCC_541\Release\cymetadata.o
 .text          0x00000000        0x0 .\CortexM3\ARM_GCC_541\Release\Cm3Start.o
 .data          0x00000000        0x4 .\CortexM3\ARM_GCC_541\Release\Cm3Start.o
 .bss           0x00000000        0x0 .\CortexM3\ARM_GCC_541\Release\Cm3Start.o
 .text._exit    0x00000000        0xa .\CortexM3\ARM_GCC_541\Release\Cm3Start.o
 .text._sbrk    0x00000000       0x2c .\CortexM3\ARM_GCC_541\Release\Cm3Start.o
 .text          0x00000000        0x0 .\CortexM3\ARM_GCC_541\Release\Design02.a(SPI_IMU.o)
 .data          0x00000000        0x0 .\CortexM3\ARM_GCC_541\Release\Design02.a(SPI_IMU.o)
 .text.SPI_IMU_Stop
                0x00000000       0x2c .\CortexM3\ARM_GCC_541\Release\Design02.a(SPI_IMU.o)
 .text.SPI_IMU_EnableTxInt
                0x00000000        0x2 .\CortexM3\ARM_GCC_541\Release\Design02.a(SPI_IMU.o)
 .text.SPI_IMU_EnableRxInt
                0x00000000        0x2 .\CortexM3\ARM_GCC_541\Release\Design02.a(SPI_IMU.o)
 .text.SPI_IMU_DisableTxInt
                0x00000000        0x2 .\CortexM3\ARM_GCC_541\Release\Design02.a(SPI_IMU.o)
 .text.SPI_IMU_DisableRxInt
                0x00000000        0x2 .\CortexM3\ARM_GCC_541\Release\Design02.a(SPI_IMU.o)
 .text.SPI_IMU_SetTxInterruptMode
                0x00000000        0xc .\CortexM3\ARM_GCC_541\Release\Design02.a(SPI_IMU.o)
 .text.SPI_IMU_SetRxInterruptMode
                0x00000000        0xc .\CortexM3\ARM_GCC_541\Release\Design02.a(SPI_IMU.o)
 .text.SPI_IMU_ReadTxStatus
                0x00000000        0xc .\CortexM3\ARM_GCC_541\Release\Design02.a(SPI_IMU.o)
 .text.SPI_IMU_ReadRxStatus
                0x00000000        0xc .\CortexM3\ARM_GCC_541\Release\Design02.a(SPI_IMU.o)
 .text.SPI_IMU_GetRxBufferSize
                0x00000000       0x10 .\CortexM3\ARM_GCC_541\Release\Design02.a(SPI_IMU.o)
 .text.SPI_IMU_GetTxBufferSize
                0x00000000       0x20 .\CortexM3\ARM_GCC_541\Release\Design02.a(SPI_IMU.o)
 .text.SPI_IMU_PutArray
                0x00000000       0x16 .\CortexM3\ARM_GCC_541\Release\Design02.a(SPI_IMU.o)
 .text.SPI_IMU_EnableInt
                0x00000000        0x2 .\CortexM3\ARM_GCC_541\Release\Design02.a(SPI_IMU.o)
 .text.SPI_IMU_DisableInt
                0x00000000        0x2 .\CortexM3\ARM_GCC_541\Release\Design02.a(SPI_IMU.o)
 .text.SPI_IMU_SetInterruptMode
                0x00000000       0x18 .\CortexM3\ARM_GCC_541\Release\Design02.a(SPI_IMU.o)
 COMMON         0x00000000        0x2 .\CortexM3\ARM_GCC_541\Release\Design02.a(SPI_IMU.o)
 .text          0x00000000        0x0 .\CortexM3\ARM_GCC_541\Release\Design02.a(CyLib.o)
 .bss           0x00000000       0x1c .\CortexM3\ARM_GCC_541\Release\Design02.a(CyLib.o)
 .text.CyIMO_SetTrimValue
                0x00000000       0xb8 .\CortexM3\ARM_GCC_541\Release\Design02.a(CyLib.o)
 .text.CyBusClk_Internal_SetDivider
                0x00000000       0x44 .\CortexM3\ARM_GCC_541\Release\Design02.a(CyLib.o)
 .text.CyPLL_OUT_Stop
                0x00000000       0x10 .\CortexM3\ARM_GCC_541\Release\Design02.a(CyLib.o)
 .text.CyPLL_OUT_SetPQ
                0x00000000       0x34 .\CortexM3\ARM_GCC_541\Release\Design02.a(CyLib.o)
 .text.CyPLL_OUT_SetSource
                0x00000000       0x14 .\CortexM3\ARM_GCC_541\Release\Design02.a(CyLib.o)
 .text.CyIMO_Stop
                0x00000000       0x18 .\CortexM3\ARM_GCC_541\Release\Design02.a(CyLib.o)
 .text.CyIMO_SetSource
                0x00000000       0x40 .\CortexM3\ARM_GCC_541\Release\Design02.a(CyLib.o)
 .text.CyIMO_EnableDoubler
                0x00000000       0x10 .\CortexM3\ARM_GCC_541\Release\Design02.a(CyLib.o)
 .text.CyIMO_DisableDoubler
                0x00000000       0x10 .\CortexM3\ARM_GCC_541\Release\Design02.a(CyLib.o)
 .text.CyIMO_SetFreq
                0x00000000       0xcc .\CortexM3\ARM_GCC_541\Release\Design02.a(CyLib.o)
 .text.CyMasterClk_SetSource
                0x00000000       0x18 .\CortexM3\ARM_GCC_541\Release\Design02.a(CyLib.o)
 .text.CyMasterClk_SetDivider
                0x00000000        0xc .\CortexM3\ARM_GCC_541\Release\Design02.a(CyLib.o)
 .text.CyBusClk_SetDivider
                0x00000000       0x70 .\CortexM3\ARM_GCC_541\Release\Design02.a(CyLib.o)
 .text.CyUsbClk_SetSource
                0x00000000       0x18 .\CortexM3\ARM_GCC_541\Release\Design02.a(CyLib.o)
 .text.CyILO_Start1K
                0x00000000       0x10 .\CortexM3\ARM_GCC_541\Release\Design02.a(CyLib.o)
 .text.CyILO_Stop1K
                0x00000000       0x10 .\CortexM3\ARM_GCC_541\Release\Design02.a(CyLib.o)
 .text.CyILO_Start100K
                0x00000000       0x10 .\CortexM3\ARM_GCC_541\Release\Design02.a(CyLib.o)
 .text.CyILO_Stop100K
                0x00000000       0x10 .\CortexM3\ARM_GCC_541\Release\Design02.a(CyLib.o)
 .text.CyPLL_OUT_Start
                0x00000000       0x74 .\CortexM3\ARM_GCC_541\Release\Design02.a(CyLib.o)
 .text.CyIMO_Start
                0x00000000       0x5c .\CortexM3\ARM_GCC_541\Release\Design02.a(CyLib.o)
 .text.CyILO_Enable33K
                0x00000000       0x10 .\CortexM3\ARM_GCC_541\Release\Design02.a(CyLib.o)
 .text.CyILO_Disable33K
                0x00000000       0x10 .\CortexM3\ARM_GCC_541\Release\Design02.a(CyLib.o)
 .text.CyILO_SetSource
                0x00000000       0x16 .\CortexM3\ARM_GCC_541\Release\Design02.a(CyLib.o)
 .text.CyILO_SetPowerMode
                0x00000000       0x20 .\CortexM3\ARM_GCC_541\Release\Design02.a(CyLib.o)
 .text.CyXTAL_32KHZ_Stop
                0x00000000       0x30 .\CortexM3\ARM_GCC_541\Release\Design02.a(CyLib.o)
 .text.CyXTAL_32KHZ_ReadStatus
                0x00000000       0x10 .\CortexM3\ARM_GCC_541\Release\Design02.a(CyLib.o)
 .text.CyXTAL_Start
                0x00000000       0xa0 .\CortexM3\ARM_GCC_541\Release\Design02.a(CyLib.o)
 .text.CyXTAL_Stop
                0x00000000       0x10 .\CortexM3\ARM_GCC_541\Release\Design02.a(CyLib.o)
 .text.CyXTAL_EnableErrStatus
                0x00000000       0x10 .\CortexM3\ARM_GCC_541\Release\Design02.a(CyLib.o)
 .text.CyXTAL_DisableErrStatus
                0x00000000       0x10 .\CortexM3\ARM_GCC_541\Release\Design02.a(CyLib.o)
 .text.CyXTAL_ReadStatus
                0x00000000        0xc .\CortexM3\ARM_GCC_541\Release\Design02.a(CyLib.o)
 .text.CyXTAL_EnableFaultRecovery
                0x00000000       0x10 .\CortexM3\ARM_GCC_541\Release\Design02.a(CyLib.o)
 .text.CyXTAL_DisableFaultRecovery
                0x00000000       0x10 .\CortexM3\ARM_GCC_541\Release\Design02.a(CyLib.o)
 .text.CyXTAL_SetStartup
                0x00000000       0x18 .\CortexM3\ARM_GCC_541\Release\Design02.a(CyLib.o)
 .text.CyXTAL_SetFbVoltage
                0x00000000       0x18 .\CortexM3\ARM_GCC_541\Release\Design02.a(CyLib.o)
 .text.CyXTAL_SetWdVoltage
                0x00000000       0x18 .\CortexM3\ARM_GCC_541\Release\Design02.a(CyLib.o)
 .text.CyHalt   0x00000000        0x4 .\CortexM3\ARM_GCC_541\Release\Design02.a(CyLib.o)
 .text.CySoftwareReset
                0x00000000       0x10 .\CortexM3\ARM_GCC_541\Release\Design02.a(CyLib.o)
 .text.CyDelayUs
                0x00000000       0x10 .\CortexM3\ARM_GCC_541\Release\Design02.a(CyLib.o)
 .text.CyXTAL_32KHZ_SetPowerMode
                0x00000000       0x6c .\CortexM3\ARM_GCC_541\Release\Design02.a(CyLib.o)
 .text.CyXTAL_32KHZ_Start
                0x00000000       0x6c .\CortexM3\ARM_GCC_541\Release\Design02.a(CyLib.o)
 .text.CyDelayFreq
                0x00000000       0x40 .\CortexM3\ARM_GCC_541\Release\Design02.a(CyLib.o)
 .text.CyWdtStart
                0x00000000       0x40 .\CortexM3\ARM_GCC_541\Release\Design02.a(CyLib.o)
 .text.CyWdtClear
                0x00000000        0xc .\CortexM3\ARM_GCC_541\Release\Design02.a(CyLib.o)
 .text.CyVdStickyStatus
                0x00000000       0x2c .\CortexM3\ARM_GCC_541\Release\Design02.a(CyLib.o)
 .text.CyVdLvDigitEnable
                0x00000000       0x84 .\CortexM3\ARM_GCC_541\Release\Design02.a(CyLib.o)
 .text.CyVdLvAnalogEnable
                0x00000000       0x80 .\CortexM3\ARM_GCC_541\Release\Design02.a(CyLib.o)
 .text.CyVdLvDigitDisable
                0x00000000       0x2c .\CortexM3\ARM_GCC_541\Release\Design02.a(CyLib.o)
 .text.CyVdLvAnalogDisable
                0x00000000       0x24 .\CortexM3\ARM_GCC_541\Release\Design02.a(CyLib.o)
 .text.CyVdHvAnalogEnable
                0x00000000       0x58 .\CortexM3\ARM_GCC_541\Release\Design02.a(CyLib.o)
 .text.CyVdHvAnalogDisable
                0x00000000       0x1c .\CortexM3\ARM_GCC_541\Release\Design02.a(CyLib.o)
 .text.CyVdRealTimeStatus
                0x00000000       0x1c .\CortexM3\ARM_GCC_541\Release\Design02.a(CyLib.o)
 .text.CyDisableInts
                0x00000000       0x1c .\CortexM3\ARM_GCC_541\Release\Design02.a(CyLib.o)
 .text.CyEnableInts
                0x00000000       0x18 .\CortexM3\ARM_GCC_541\Release\Design02.a(CyLib.o)
 .text.CyFlushCache
                0x00000000       0x44 .\CortexM3\ARM_GCC_541\Release\Design02.a(CyLib.o)
 .text.CyIntSetSysVector
                0x00000000       0x18 .\CortexM3\ARM_GCC_541\Release\Design02.a(CyLib.o)
 .text.CyIntGetSysVector
                0x00000000       0x14 .\CortexM3\ARM_GCC_541\Release\Design02.a(CyLib.o)
 .text.CyIntSetVector
                0x00000000       0x1c .\CortexM3\ARM_GCC_541\Release\Design02.a(CyLib.o)
 .text.CyIntGetVector
                0x00000000       0x14 .\CortexM3\ARM_GCC_541\Release\Design02.a(CyLib.o)
 .text.CyIntSetPriority
                0x00000000       0x14 .\CortexM3\ARM_GCC_541\Release\Design02.a(CyLib.o)
 .text.CyIntGetPriority
                0x00000000       0x12 .\CortexM3\ARM_GCC_541\Release\Design02.a(CyLib.o)
 .text.CyIntGetState
                0x00000000       0x18 .\CortexM3\ARM_GCC_541\Release\Design02.a(CyLib.o)
 .text.CySysTickInit
                0x00000000       0x58 .\CortexM3\ARM_GCC_541\Release\Design02.a(CyLib.o)
 .text.CySysTickStop
                0x00000000       0x10 .\CortexM3\ARM_GCC_541\Release\Design02.a(CyLib.o)
 .text.CySysTickEnableInterrupt
                0x00000000       0x10 .\CortexM3\ARM_GCC_541\Release\Design02.a(CyLib.o)
 .text.CySysTickEnable
                0x00000000       0x18 .\CortexM3\ARM_GCC_541\Release\Design02.a(CyLib.o)
 .text.CySysTickStart
                0x00000000       0x1c .\CortexM3\ARM_GCC_541\Release\Design02.a(CyLib.o)
 .text.CySysTickDisableInterrupt
                0x00000000       0x10 .\CortexM3\ARM_GCC_541\Release\Design02.a(CyLib.o)
 .text.CySysTickSetReload
                0x00000000       0x10 .\CortexM3\ARM_GCC_541\Release\Design02.a(CyLib.o)
 .text.CySysTickGetReload
                0x00000000       0x10 .\CortexM3\ARM_GCC_541\Release\Design02.a(CyLib.o)
 .text.CySysTickGetValue
                0x00000000       0x10 .\CortexM3\ARM_GCC_541\Release\Design02.a(CyLib.o)
 .text.CySysTickSetClockSource
                0x00000000       0x18 .\CortexM3\ARM_GCC_541\Release\Design02.a(CyLib.o)
 .text.CySysTickGetClockSource
                0x00000000       0x10 .\CortexM3\ARM_GCC_541\Release\Design02.a(CyLib.o)
 .text.CySysTickGetCountFlag
                0x00000000       0x10 .\CortexM3\ARM_GCC_541\Release\Design02.a(CyLib.o)
 .text.CySysTickServiceCallbacks
                0x00000000       0x24 .\CortexM3\ARM_GCC_541\Release\Design02.a(CyLib.o)
 .text.CySysTickClear
                0x00000000        0xc .\CortexM3\ARM_GCC_541\Release\Design02.a(CyLib.o)
 .text.CySysTickSetCallback
                0x00000000       0x10 .\CortexM3\ARM_GCC_541\Release\Design02.a(CyLib.o)
 .text.CySysTickGetCallback
                0x00000000       0x10 .\CortexM3\ARM_GCC_541\Release\Design02.a(CyLib.o)
 .text.CyGetUniqueId
                0x00000000       0x70 .\CortexM3\ARM_GCC_541\Release\Design02.a(CyLib.o)
 .text          0x00000000        0x0 .\CortexM3\ARM_GCC_541\Release\Design02.a(cyPm.o)
 .data          0x00000000        0x0 .\CortexM3\ARM_GCC_541\Release\Design02.a(cyPm.o)
 .bss           0x00000000       0x43 .\CortexM3\ARM_GCC_541\Release\Design02.a(cyPm.o)
 .text.CyPmHibSlpSaveSet
                0x00000000      0x1c4 .\CortexM3\ARM_GCC_541\Release\Design02.a(cyPm.o)
 .text.CyPmHibSlpRestore
                0x00000000       0xc0 .\CortexM3\ARM_GCC_541\Release\Design02.a(cyPm.o)
 .text.CyPmSaveClocks
                0x00000000      0x1e0 .\CortexM3\ARM_GCC_541\Release\Design02.a(cyPm.o)
 .text.CyPmRestoreClocks
                0x00000000      0x214 .\CortexM3\ARM_GCC_541\Release\Design02.a(cyPm.o)
 .text.CyPmAltAct
                0x00000000       0x60 .\CortexM3\ARM_GCC_541\Release\Design02.a(cyPm.o)
 .text.CyPmSleep
                0x00000000       0xe4 .\CortexM3\ARM_GCC_541\Release\Design02.a(cyPm.o)
 .text.CyPmHibernateEx
                0x00000000      0x290 .\CortexM3\ARM_GCC_541\Release\Design02.a(cyPm.o)
 .text.CyPmHibernate
                0x00000000        0x6 .\CortexM3\ARM_GCC_541\Release\Design02.a(cyPm.o)
 .text.CyPmReadStatus
                0x00000000       0x30 .\CortexM3\ARM_GCC_541\Release\Design02.a(cyPm.o)
 .text.CyPmCtwSetInterval
                0x00000000       0x50 .\CortexM3\ARM_GCC_541\Release\Design02.a(cyPm.o)
 .text.CyPmOppsSet
                0x00000000       0x2c .\CortexM3\ARM_GCC_541\Release\Design02.a(cyPm.o)
 .text.CyPmFtwSetInterval
                0x00000000       0x50 .\CortexM3\ARM_GCC_541\Release\Design02.a(cyPm.o)
 .rodata        0x00000000        0xe .\CortexM3\ARM_GCC_541\Release\Design02.a(cyPm.o)
 .text          0x00000000        0x0 .\CortexM3\ARM_GCC_541\Release\Design02.a(PACER_TIMER.o)
 .data          0x00000000        0x0 .\CortexM3\ARM_GCC_541\Release\Design02.a(PACER_TIMER.o)
 .text.PACER_TIMER_Stop
                0x00000000       0x28 .\CortexM3\ARM_GCC_541\Release\Design02.a(PACER_TIMER.o)
 .text.PACER_TIMER_SetInterruptMode
                0x00000000        0xc .\CortexM3\ARM_GCC_541\Release\Design02.a(PACER_TIMER.o)
 .text.PACER_TIMER_SoftwareCapture
                0x00000000        0xc .\CortexM3\ARM_GCC_541\Release\Design02.a(PACER_TIMER.o)
 .text.PACER_TIMER_ReadStatusRegister
                0x00000000        0xc .\CortexM3\ARM_GCC_541\Release\Design02.a(PACER_TIMER.o)
 .text.PACER_TIMER_ReadControlRegister
                0x00000000        0xc .\CortexM3\ARM_GCC_541\Release\Design02.a(PACER_TIMER.o)
 .text.PACER_TIMER_WriteControlRegister
                0x00000000        0xc .\CortexM3\ARM_GCC_541\Release\Design02.a(PACER_TIMER.o)
 .text.PACER_TIMER_ReadPeriod
                0x00000000        0xc .\CortexM3\ARM_GCC_541\Release\Design02.a(PACER_TIMER.o)
 .text.PACER_TIMER_WritePeriod
                0x00000000        0xc .\CortexM3\ARM_GCC_541\Release\Design02.a(PACER_TIMER.o)
 .text.PACER_TIMER_ReadCapture
                0x00000000        0xc .\CortexM3\ARM_GCC_541\Release\Design02.a(PACER_TIMER.o)
 .text.PACER_TIMER_WriteCounter
                0x00000000        0xc .\CortexM3\ARM_GCC_541\Release\Design02.a(PACER_TIMER.o)
 .text.PACER_TIMER_ReadCounter
                0x00000000       0x14 .\CortexM3\ARM_GCC_541\Release\Design02.a(PACER_TIMER.o)
 .text          0x00000000        0x0 .\CortexM3\ARM_GCC_541\Release\Design02.a(UART.o)
 .data          0x00000000        0x0 .\CortexM3\ARM_GCC_541\Release\Design02.a(UART.o)
 .bss           0x00000000        0x9 .\CortexM3\ARM_GCC_541\Release\Design02.a(UART.o)
 .text.UART_Init
                0x00000000       0x58 .\CortexM3\ARM_GCC_541\Release\Design02.a(UART.o)
 .text.UART_Enable
                0x00000000       0x50 .\CortexM3\ARM_GCC_541\Release\Design02.a(UART.o)
 .text.UART_Start
                0x00000000       0x1c .\CortexM3\ARM_GCC_541\Release\Design02.a(UART.o)
 .text.UART_Stop
                0x00000000       0x50 .\CortexM3\ARM_GCC_541\Release\Design02.a(UART.o)
 .text.UART_ReadControlRegister
                0x00000000        0x4 .\CortexM3\ARM_GCC_541\Release\Design02.a(UART.o)
 .text.UART_WriteControlRegister
                0x00000000        0x2 .\CortexM3\ARM_GCC_541\Release\Design02.a(UART.o)
 .text.UART_SetRxInterruptMode
                0x00000000        0xc .\CortexM3\ARM_GCC_541\Release\Design02.a(UART.o)
 .text.UART_ReadRxData
                0x00000000       0x58 .\CortexM3\ARM_GCC_541\Release\Design02.a(UART.o)
 .text.UART_ReadRxStatus
                0x00000000       0x20 .\CortexM3\ARM_GCC_541\Release\Design02.a(UART.o)
 .text.UART_GetChar
                0x00000000       0x74 .\CortexM3\ARM_GCC_541\Release\Design02.a(UART.o)
 .text.UART_GetByte
                0x00000000       0x2c .\CortexM3\ARM_GCC_541\Release\Design02.a(UART.o)
 .text.UART_GetRxBufferSize
                0x00000000       0x4c .\CortexM3\ARM_GCC_541\Release\Design02.a(UART.o)
 .text.UART_ClearRxBuffer
                0x00000000       0x44 .\CortexM3\ARM_GCC_541\Release\Design02.a(UART.o)
 .text.UART_SetRxAddressMode
                0x00000000        0x2 .\CortexM3\ARM_GCC_541\Release\Design02.a(UART.o)
 .text.UART_SetRxAddress1
                0x00000000        0xc .\CortexM3\ARM_GCC_541\Release\Design02.a(UART.o)
 .text.UART_SetRxAddress2
                0x00000000        0xc .\CortexM3\ARM_GCC_541\Release\Design02.a(UART.o)
 .text.UART_SetTxInterruptMode
                0x00000000        0xc .\CortexM3\ARM_GCC_541\Release\Design02.a(UART.o)
 .text.UART_WriteTxData
                0x00000000       0x58 .\CortexM3\ARM_GCC_541\Release\Design02.a(UART.o)
 .text.UART_ReadTxStatus
                0x00000000        0xc .\CortexM3\ARM_GCC_541\Release\Design02.a(UART.o)
 .text.UART_PutChar
                0x00000000       0x64 .\CortexM3\ARM_GCC_541\Release\Design02.a(UART.o)
 .text.UART_PutString
                0x00000000       0x20 .\CortexM3\ARM_GCC_541\Release\Design02.a(UART.o)
 .text.UART_PutArray
                0x00000000       0x24 .\CortexM3\ARM_GCC_541\Release\Design02.a(UART.o)
 .text.UART_PutCRLF
                0x00000000       0x24 .\CortexM3\ARM_GCC_541\Release\Design02.a(UART.o)
 .text.UART_GetTxBufferSize
                0x00000000       0x38 .\CortexM3\ARM_GCC_541\Release\Design02.a(UART.o)
 .text.UART_ClearTxBuffer
                0x00000000       0x40 .\CortexM3\ARM_GCC_541\Release\Design02.a(UART.o)
 .text.UART_SendBreak
                0x00000000       0x58 .\CortexM3\ARM_GCC_541\Release\Design02.a(UART.o)
 .text.UART_SetTxAddressMode
                0x00000000        0x2 .\CortexM3\ARM_GCC_541\Release\Design02.a(UART.o)
 COMMON         0x00000000       0x10 .\CortexM3\ARM_GCC_541\Release\Design02.a(UART.o)
 .text          0x00000000        0x0 .\CortexM3\ARM_GCC_541\Release\Design02.a(UART_INT.o)
 .data          0x00000000        0x0 .\CortexM3\ARM_GCC_541\Release\Design02.a(UART_INT.o)
 .bss           0x00000000        0x0 .\CortexM3\ARM_GCC_541\Release\Design02.a(UART_INT.o)
 .text.UART_RXISR
                0x00000000       0x98 .\CortexM3\ARM_GCC_541\Release\Design02.a(UART_INT.o)
 .text.UART_TXISR
                0x00000000       0x50 .\CortexM3\ARM_GCC_541\Release\Design02.a(UART_INT.o)
 .text          0x00000000        0x0 .\CortexM3\ARM_GCC_541\Release\Design02.a(UART_IntClock.o)
 .data          0x00000000        0x0 .\CortexM3\ARM_GCC_541\Release\Design02.a(UART_IntClock.o)
 .bss           0x00000000        0x0 .\CortexM3\ARM_GCC_541\Release\Design02.a(UART_IntClock.o)
 .text.UART_IntClock_Start
                0x00000000       0x18 .\CortexM3\ARM_GCC_541\Release\Design02.a(UART_IntClock.o)
 .text.UART_IntClock_Stop
                0x00000000       0x18 .\CortexM3\ARM_GCC_541\Release\Design02.a(UART_IntClock.o)
 .text.UART_IntClock_StopBlock
                0x00000000       0x6c .\CortexM3\ARM_GCC_541\Release\Design02.a(UART_IntClock.o)
 .text.UART_IntClock_StandbyPower
                0x00000000       0x18 .\CortexM3\ARM_GCC_541\Release\Design02.a(UART_IntClock.o)
 .text.UART_IntClock_SetDividerRegister
                0x00000000       0xcc .\CortexM3\ARM_GCC_541\Release\Design02.a(UART_IntClock.o)
 .text.UART_IntClock_GetDividerRegister
                0x00000000        0xc .\CortexM3\ARM_GCC_541\Release\Design02.a(UART_IntClock.o)
 .text.UART_IntClock_SetModeRegister
                0x00000000       0x14 .\CortexM3\ARM_GCC_541\Release\Design02.a(UART_IntClock.o)
 .text.UART_IntClock_ClearModeRegister
                0x00000000       0x14 .\CortexM3\ARM_GCC_541\Release\Design02.a(UART_IntClock.o)
 .text.UART_IntClock_GetModeRegister
                0x00000000       0x10 .\CortexM3\ARM_GCC_541\Release\Design02.a(UART_IntClock.o)
 .text.UART_IntClock_SetSourceRegister
                0x00000000       0x50 .\CortexM3\ARM_GCC_541\Release\Design02.a(UART_IntClock.o)
 .text.UART_IntClock_GetSourceRegister
                0x00000000       0x10 .\CortexM3\ARM_GCC_541\Release\Design02.a(UART_IntClock.o)
 .text          0x00000000        0x0 .\CortexM3\ARM_GCC_541\Release\Design02.a(MY_TIMER.o)
 .data          0x00000000        0x0 .\CortexM3\ARM_GCC_541\Release\Design02.a(MY_TIMER.o)
 .text.MY_TIMER_Stop
                0x00000000       0x28 .\CortexM3\ARM_GCC_541\Release\Design02.a(MY_TIMER.o)
 .text.MY_TIMER_SetInterruptMode
                0x00000000        0xc .\CortexM3\ARM_GCC_541\Release\Design02.a(MY_TIMER.o)
 .text.MY_TIMER_SoftwareCapture
                0x00000000        0xc .\CortexM3\ARM_GCC_541\Release\Design02.a(MY_TIMER.o)
 .text.MY_TIMER_ReadStatusRegister
                0x00000000        0xc .\CortexM3\ARM_GCC_541\Release\Design02.a(MY_TIMER.o)
 .text.MY_TIMER_ReadControlRegister
                0x00000000        0xc .\CortexM3\ARM_GCC_541\Release\Design02.a(MY_TIMER.o)
 .text.MY_TIMER_WriteControlRegister
                0x00000000        0xc .\CortexM3\ARM_GCC_541\Release\Design02.a(MY_TIMER.o)
 .text.MY_TIMER_ReadPeriod
                0x00000000        0xc .\CortexM3\ARM_GCC_541\Release\Design02.a(MY_TIMER.o)
 .text.MY_TIMER_WritePeriod
                0x00000000        0xc .\CortexM3\ARM_GCC_541\Release\Design02.a(MY_TIMER.o)
 .text.MY_TIMER_ReadCapture
                0x00000000        0xc .\CortexM3\ARM_GCC_541\Release\Design02.a(MY_TIMER.o)
 .text.MY_TIMER_WriteCounter
                0x00000000        0xc .\CortexM3\ARM_GCC_541\Release\Design02.a(MY_TIMER.o)
 .text.MY_TIMER_ReadCounter
                0x00000000       0x14 .\CortexM3\ARM_GCC_541\Release\Design02.a(MY_TIMER.o)
 .text          0x00000000        0x0 .\CortexM3\ARM_GCC_541\Release\Design02.a(LED.o)
 .data          0x00000000        0x0 .\CortexM3\ARM_GCC_541\Release\Design02.a(LED.o)
 .bss           0x00000000        0x0 .\CortexM3\ARM_GCC_541\Release\Design02.a(LED.o)
 .text.LED_SetDriveMode
                0x00000000       0x18 .\CortexM3\ARM_GCC_541\Release\Design02.a(LED.o)
 .text.LED_Read
                0x00000000       0x10 .\CortexM3\ARM_GCC_541\Release\Design02.a(LED.o)
 .text.LED_ReadDataReg
                0x00000000       0x10 .\CortexM3\ARM_GCC_541\Release\Design02.a(LED.o)
 .data          0x00000000        0x0 .\CortexM3\ARM_GCC_541\Release\Design02.a(CyBootAsmGnu.o)
 .bss           0x00000000        0x0 .\CortexM3\ARM_GCC_541\Release\Design02.a(CyBootAsmGnu.o)
 .text          0x00000000        0x0 .\CortexM3\ARM_GCC_541\Release\Design02.a(CyFlash.o)
 .data          0x00000000        0x0 .\CortexM3\ARM_GCC_541\Release\Design02.a(CyFlash.o)
 .bss           0x00000000        0x0 .\CortexM3\ARM_GCC_541\Release\Design02.a(CyFlash.o)
 .text.CyFlash_Start
                0x00000000       0x50 .\CortexM3\ARM_GCC_541\Release\Design02.a(CyFlash.o)
 .text.CyFlash_Stop
                0x00000000       0x24 .\CortexM3\ARM_GCC_541\Release\Design02.a(CyFlash.o)
 .text.CyFlash_EraseRow
                0x00000000       0x70 .\CortexM3\ARM_GCC_541\Release\Design02.a(CyFlash.o)
 .text.CyFlashGetSpcAlgorithm
                0x00000000       0x48 .\CortexM3\ARM_GCC_541\Release\Design02.a(CyFlash.o)
 .text.CySetTemp
                0x00000000       0x5c .\CortexM3\ARM_GCC_541\Release\Design02.a(CyFlash.o)
 .text.CySetFlashEEBuffer
                0x00000000       0x22 .\CortexM3\ARM_GCC_541\Release\Design02.a(CyFlash.o)
 .text.CyWriteRowFull
                0x00000000       0xcc .\CortexM3\ARM_GCC_541\Release\Design02.a(CyFlash.o)
 .text.CyWriteRowData
                0x00000000        0xe .\CortexM3\ARM_GCC_541\Release\Design02.a(CyFlash.o)
 .text.CyFlash_SetWaitCycles
                0x00000000       0x6c .\CortexM3\ARM_GCC_541\Release\Design02.a(CyFlash.o)
 .text.CyEEPROM_Start
                0x00000000       0x50 .\CortexM3\ARM_GCC_541\Release\Design02.a(CyFlash.o)
 .text.CyEEPROM_Stop
                0x00000000       0x24 .\CortexM3\ARM_GCC_541\Release\Design02.a(CyFlash.o)
 .text.CyEEPROM_ReadReserve
                0x00000000       0x18 .\CortexM3\ARM_GCC_541\Release\Design02.a(CyFlash.o)
 .text.CyEEPROM_ReadRelease
                0x00000000       0x10 .\CortexM3\ARM_GCC_541\Release\Design02.a(CyFlash.o)
 COMMON         0x00000000        0x2 .\CortexM3\ARM_GCC_541\Release\Design02.a(CyFlash.o)
 .text          0x00000000        0x0 .\CortexM3\ARM_GCC_541\Release\Design02.a(CySpc.o)
 .data          0x00000000        0x0 .\CortexM3\ARM_GCC_541\Release\Design02.a(CySpc.o)
 .bss           0x00000000        0x8 .\CortexM3\ARM_GCC_541\Release\Design02.a(CySpc.o)
 .text.CySpcStart
                0x00000000       0x24 .\CortexM3\ARM_GCC_541\Release\Design02.a(CySpc.o)
 .text.CySpcStop
                0x00000000       0x24 .\CortexM3\ARM_GCC_541\Release\Design02.a(CySpc.o)
 .text.CySpcReadData
                0x00000000       0x3c .\CortexM3\ARM_GCC_541\Release\Design02.a(CySpc.o)
 .text.CySpcLoadMultiByte
                0x00000000       0x6c .\CortexM3\ARM_GCC_541\Release\Design02.a(CySpc.o)
 .text.CySpcLoadRow
                0x00000000       0x48 .\CortexM3\ARM_GCC_541\Release\Design02.a(CySpc.o)
 .text.CySpcLoadRowFull
                0x00000000       0x6c .\CortexM3\ARM_GCC_541\Release\Design02.a(CySpc.o)
 .text.CySpcWriteRow
                0x00000000       0x40 .\CortexM3\ARM_GCC_541\Release\Design02.a(CySpc.o)
 .text.CySpcEraseSector
                0x00000000       0x38 .\CortexM3\ARM_GCC_541\Release\Design02.a(CySpc.o)
 .text.CySpcEraseRow
                0x00000000       0x40 .\CortexM3\ARM_GCC_541\Release\Design02.a(CySpc.o)
 .text.CySpcGetTemp
                0x00000000       0x34 .\CortexM3\ARM_GCC_541\Release\Design02.a(CySpc.o)
 .text.CySpcLock
                0x00000000       0x40 .\CortexM3\ARM_GCC_541\Release\Design02.a(CySpc.o)
 .text.CySpcUnlock
                0x00000000       0x34 .\CortexM3\ARM_GCC_541\Release\Design02.a(CySpc.o)
 .text.CySpcGetAlgorithm
                0x00000000       0x28 .\CortexM3\ARM_GCC_541\Release\Design02.a(CySpc.o)
 .text          0x00000000        0x0 c:/program files (x86)/cypress/psoc creator/4.4/psoc creator/import/gnu/arm/5.4.1/bin/../lib/gcc/arm-none-eabi/5.4.1/../../../../arm-none-eabi/lib/armv7-m\libg_nano.a(lib_a-errno.o)
 .data          0x00000000        0x0 c:/program files (x86)/cypress/psoc creator/4.4/psoc creator/import/gnu/arm/5.4.1/bin/../lib/gcc/arm-none-eabi/5.4.1/../../../../arm-none-eabi/lib/armv7-m\libg_nano.a(lib_a-errno.o)
 .bss           0x00000000        0x0 c:/program files (x86)/cypress/psoc creator/4.4/psoc creator/import/gnu/arm/5.4.1/bin/../lib/gcc/arm-none-eabi/5.4.1/../../../../arm-none-eabi/lib/armv7-m\libg_nano.a(lib_a-errno.o)
 .text          0x00000000        0x0 c:/program files (x86)/cypress/psoc creator/4.4/psoc creator/import/gnu/arm/5.4.1/bin/../lib/gcc/arm-none-eabi/5.4.1/../../../../arm-none-eabi/lib/armv7-m\libg_nano.a(lib_a-exit.o)
 .data          0x00000000        0x0 c:/program files (x86)/cypress/psoc creator/4.4/psoc creator/import/gnu/arm/5.4.1/bin/../lib/gcc/arm-none-eabi/5.4.1/../../../../arm-none-eabi/lib/armv7-m\libg_nano.a(lib_a-exit.o)
 .bss           0x00000000        0x0 c:/program files (x86)/cypress/psoc creator/4.4/psoc creator/import/gnu/arm/5.4.1/bin/../lib/gcc/arm-none-eabi/5.4.1/../../../../arm-none-eabi/lib/armv7-m\libg_nano.a(lib_a-exit.o)
 .text.exit     0x00000000       0x28 c:/program files (x86)/cypress/psoc creator/4.4/psoc creator/import/gnu/arm/5.4.1/bin/../lib/gcc/arm-none-eabi/5.4.1/../../../../arm-none-eabi/lib/armv7-m\libg_nano.a(lib_a-exit.o)
 .text          0x00000000        0x0 c:/program files (x86)/cypress/psoc creator/4.4/psoc creator/import/gnu/arm/5.4.1/bin/../lib/gcc/arm-none-eabi/5.4.1/../../../../arm-none-eabi/lib/armv7-m\libg_nano.a(lib_a-impure.o)
 .data          0x00000000        0x0 c:/program files (x86)/cypress/psoc creator/4.4/psoc creator/import/gnu/arm/5.4.1/bin/../lib/gcc/arm-none-eabi/5.4.1/../../../../arm-none-eabi/lib/armv7-m\libg_nano.a(lib_a-impure.o)
 .bss           0x00000000        0x0 c:/program files (x86)/cypress/psoc creator/4.4/psoc creator/import/gnu/arm/5.4.1/bin/../lib/gcc/arm-none-eabi/5.4.1/../../../../arm-none-eabi/lib/armv7-m\libg_nano.a(lib_a-impure.o)
 .rodata._global_impure_ptr
                0x00000000        0x4 c:/program files (x86)/cypress/psoc creator/4.4/psoc creator/import/gnu/arm/5.4.1/bin/../lib/gcc/arm-none-eabi/5.4.1/../../../../arm-none-eabi/lib/armv7-m\libg_nano.a(lib_a-impure.o)
 .text          0x00000000        0x0 c:/program files (x86)/cypress/psoc creator/4.4/psoc creator/import/gnu/arm/5.4.1/bin/../lib/gcc/arm-none-eabi/5.4.1/../../../../arm-none-eabi/lib/armv7-m\libg_nano.a(lib_a-init.o)
 .data          0x00000000        0x0 c:/program files (x86)/cypress/psoc creator/4.4/psoc creator/import/gnu/arm/5.4.1/bin/../lib/gcc/arm-none-eabi/5.4.1/../../../../arm-none-eabi/lib/armv7-m\libg_nano.a(lib_a-init.o)
 .bss           0x00000000        0x0 c:/program files (x86)/cypress/psoc creator/4.4/psoc creator/import/gnu/arm/5.4.1/bin/../lib/gcc/arm-none-eabi/5.4.1/../../../../arm-none-eabi/lib/armv7-m\libg_nano.a(lib_a-init.o)
 .text          0x00000000        0x0 c:/program files (x86)/cypress/psoc creator/4.4/psoc creator/import/gnu/arm/5.4.1/bin/../lib/gcc/arm-none-eabi/5.4.1/../../../../arm-none-eabi/lib/armv7-m\libg_nano.a(lib_a-memcpy-stub.o)
 .data          0x00000000        0x0 c:/program files (x86)/cypress/psoc creator/4.4/psoc creator/import/gnu/arm/5.4.1/bin/../lib/gcc/arm-none-eabi/5.4.1/../../../../arm-none-eabi/lib/armv7-m\libg_nano.a(lib_a-memcpy-stub.o)
 .bss           0x00000000        0x0 c:/program files (x86)/cypress/psoc creator/4.4/psoc creator/import/gnu/arm/5.4.1/bin/../lib/gcc/arm-none-eabi/5.4.1/../../../../arm-none-eabi/lib/armv7-m\libg_nano.a(lib_a-memcpy-stub.o)
 .text          0x00000000        0x0 c:/program files (x86)/cypress/psoc creator/4.4/psoc creator/import/gnu/arm/5.4.1/bin/../lib/gcc/arm-none-eabi/5.4.1/../../../../arm-none-eabi/lib/armv7-m\libg_nano.a(lib_a-memset.o)
 .data          0x00000000        0x0 c:/program files (x86)/cypress/psoc creator/4.4/psoc creator/import/gnu/arm/5.4.1/bin/../lib/gcc/arm-none-eabi/5.4.1/../../../../arm-none-eabi/lib/armv7-m\libg_nano.a(lib_a-memset.o)
 .bss           0x00000000        0x0 c:/program files (x86)/cypress/psoc creator/4.4/psoc creator/import/gnu/arm/5.4.1/bin/../lib/gcc/arm-none-eabi/5.4.1/../../../../arm-none-eabi/lib/armv7-m\libg_nano.a(lib_a-memset.o)
 .text          0x00000000        0x0 c:/program files (x86)/cypress/psoc creator/4.4/psoc creator/import/gnu/arm/5.4.1/bin/../lib/gcc/arm-none-eabi/5.4.1/armv7-m/crtend.o
 .data          0x00000000        0x0 c:/program files (x86)/cypress/psoc creator/4.4/psoc creator/import/gnu/arm/5.4.1/bin/../lib/gcc/arm-none-eabi/5.4.1/armv7-m/crtend.o
 .bss           0x00000000        0x0 c:/program files (x86)/cypress/psoc creator/4.4/psoc creator/import/gnu/arm/5.4.1/bin/../lib/gcc/arm-none-eabi/5.4.1/armv7-m/crtend.o
 .text          0x00000000        0x0 c:/program files (x86)/cypress/psoc creator/4.4/psoc creator/import/gnu/arm/5.4.1/bin/../lib/gcc/arm-none-eabi/5.4.1/armv7-m/crtn.o
 .data          0x00000000        0x0 c:/program files (x86)/cypress/psoc creator/4.4/psoc creator/import/gnu/arm/5.4.1/bin/../lib/gcc/arm-none-eabi/5.4.1/armv7-m/crtn.o
 .bss           0x00000000        0x0 c:/program files (x86)/cypress/psoc creator/4.4/psoc creator/import/gnu/arm/5.4.1/bin/../lib/gcc/arm-none-eabi/5.4.1/armv7-m/crtn.o

Memory Configuration

Name             Origin             Length             Attributes
rom              0x00000000         0x00040000         xr
ram              0x1fff8000         0x00010000         xrw
*default*        0x00000000         0xffffffff

Linker script and memory map

LOAD c:/program files (x86)/cypress/psoc creator/4.4/psoc creator/import/gnu/arm/5.4.1/bin/../lib/gcc/arm-none-eabi/5.4.1/armv7-m/crti.o
LOAD c:/program files (x86)/cypress/psoc creator/4.4/psoc creator/import/gnu/arm/5.4.1/bin/../lib/gcc/arm-none-eabi/5.4.1/armv7-m/crtbegin.o
LOAD c:/program files (x86)/cypress/psoc creator/4.4/psoc creator/import/gnu/arm/5.4.1/bin/../lib/gcc/arm-none-eabi/5.4.1/../../../../arm-none-eabi/lib/armv7-m/crt0.o
START GROUP
LOAD .\CortexM3\ARM_GCC_541\Release\main.o
LOAD .\CortexM3\ARM_GCC_541\Release\source01.o
LOAD .\CortexM3\ARM_GCC_541\Release\interrupts.o
LOAD .\CortexM3\ARM_GCC_541\Release\cyfitter_cfg.o
LOAD .\CortexM3\ARM_GCC_541\Release\cymetadata.o
LOAD .\CortexM3\ARM_GCC_541\Release\Cm3Start.o
LOAD .\CortexM3\ARM_GCC_541\Release\Design02.a
LOAD C:\Program Files (x86)\Cypress\PSoC Creator\4.4\PSoC Creator\psoc\content\cycomponentlibrary\CyComponentLibrary.cylib\CortexM3\ARM_GCC_541\Release\CyComponentLibrary.a
END GROUP
START GROUP
LOAD c:/program files (x86)/cypress/psoc creator/4.4/psoc creator/import/gnu/arm/5.4.1/bin/../lib/gcc/arm-none-eabi/5.4.1/armv7-m\libgcc.a
LOAD c:/program files (x86)/cypress/psoc creator/4.4/psoc creator/import/gnu/arm/5.4.1/bin/../lib/gcc/arm-none-eabi/5.4.1/../../../../arm-none-eabi/lib/armv7-m\libg_nano.a
LOAD c:/program files (x86)/cypress/psoc creator/4.4/psoc creator/import/gnu/arm/5.4.1/bin/../lib/gcc/arm-none-eabi/5.4.1/../../../../arm-none-eabi/lib/armv7-m\libc_nano.a
END GROUP
START GROUP
LOAD c:/program files (x86)/cypress/psoc creator/4.4/psoc creator/import/gnu/arm/5.4.1/bin/../lib/gcc/arm-none-eabi/5.4.1/armv7-m\libgcc.a
LOAD c:/program files (x86)/cypress/psoc creator/4.4/psoc creator/import/gnu/arm/5.4.1/bin/../lib/gcc/arm-none-eabi/5.4.1/../../../../arm-none-eabi/lib/armv7-m\libc_nano.a
END GROUP
LOAD c:/program files (x86)/cypress/psoc creator/4.4/psoc creator/import/gnu/arm/5.4.1/bin/../lib/gcc/arm-none-eabi/5.4.1/armv7-m/crtend.o
LOAD c:/program files (x86)/cypress/psoc creator/4.4/psoc creator/import/gnu/arm/5.4.1/bin/../lib/gcc/arm-none-eabi/5.4.1/armv7-m/crtn.o
START GROUP
LOAD c:/program files (x86)/cypress/psoc creator/4.4/psoc creator/import/gnu/arm/5.4.1/bin/../lib/gcc/arm-none-eabi/5.4.1/armv7-m\libgcc.a
LOAD c:/program files (x86)/cypress/psoc creator/4.4/psoc creator/import/gnu/arm/5.4.1/bin/../lib/gcc/arm-none-eabi/5.4.1/../../../../arm-none-eabi/lib/armv7-m\libc.a
LOAD c:/program files (x86)/cypress/psoc creator/4.4/psoc creator/import/gnu/arm/5.4.1/bin/../lib/gcc/arm-none-eabi/5.4.1/../../../../arm-none-eabi/lib/armv7-m\libnosys.a
END GROUP
                0x00000000                CY_APPL_ORIGIN = 0x0
                0x00000100                CY_FLASH_ROW_SIZE = 0x100
                0x00000020                CY_ECC_ROW_SIZE = 0x20
                0x00000000                CY_EE_IN_BTLDR = 0x0
                0x00000000                CY_APPL_LOADABLE = 0x0
                0x00000800                CY_EE_SIZE = 0x800
                0x00000001                CY_APPL_NUM = 0x1
                0x00000001                CY_APPL_MAX = 0x1
                0x00000040                CY_METADATA_SIZE = 0x40
                0x00000000                CY_APPL_LOADABLE = 0x0
                0x00000000                CY_CHECKSUM_EXCLUDE_SIZE = ALIGN (0x0, CY_FLASH_ROW_SIZE)
                [!provide]                PROVIDE (__cy_heap_start, _end)
                0x00000001                PROVIDE (__cy_region_num, ((__cy_regions_end - __cy_regions) / 0x10))
                0x20008000                PROVIDE (__cy_stack, (ORIGIN (ram) + LENGTH (ram)))
                [!provide]                PROVIDE (__cy_heap_end, (__cy_stack - 0x800))

.cybootloader   0x00000000        0x0
 *(.cybootloader)
                0x00000000                appl1_start = CY_APPL_ORIGIN?CY_APPL_ORIGIN:ALIGN (CY_FLASH_ROW_SIZE)
                0x0001ff00                appl2_start = (appl1_start + ALIGN ((((LENGTH (rom) - appl1_start) - (0x2 * CY_FLASH_ROW_SIZE)) / 0x2), CY_FLASH_ROW_SIZE))
                0x00000000                appl_start = (CY_APPL_NUM == 0x1)?appl1_start:appl2_start
                0x00000000                ecc_offset = ((appl_start / CY_FLASH_ROW_SIZE) * CY_ECC_ROW_SIZE)
                0x00000000                ee_offset = (CY_APPL_LOADABLE && ! (CY_EE_IN_BTLDR))?((CY_EE_SIZE / CY_APPL_MAX) * (CY_APPL_NUM - 0x1)):0x0
                0x00000800                ee_size = (CY_APPL_LOADABLE && ! (CY_EE_IN_BTLDR))?(CY_EE_SIZE / CY_APPL_MAX):CY_EE_SIZE
                [!provide]                PROVIDE (CY_ECC_OFFSET, ecc_offset)

.text           0x00000000      0x7b6
 CREATE_OBJECT_SYMBOLS
                0x00000000                PROVIDE (__cy_interrupt_vector, RomVectors)
 *(.romvectors)
 .romvectors    0x00000000       0x10 .\CortexM3\ARM_GCC_541\Release\Cm3Start.o
                0x00000000                RomVectors
                0x00000001                ASSERT ((. != __cy_interrupt_vector), No interrupt vector)
                0x00000001                ASSERT (CY_APPL_ORIGIN?(SIZEOF (.cybootloader) <= CY_APPL_ORIGIN):0x1, Wrong image location)
                0x00000010                PROVIDE (__cy_reset, Reset)
 *(.text.Reset)
 .text.Reset    0x00000010       0x18 .\CortexM3\ARM_GCC_541\Release\Cm3Start.o
                0x00000010                Reset
                0x00000001                ASSERT ((. != __cy_reset), No reset code)
 *(.dma_init)
                0x00000001                ASSERT ((((appl_start + .) <= 0x10000) || 0x1), DMA Init must be within the first 64k of flash)
 *(.text .text.* .gnu.linkonce.t.*)
 .text          0x00000028       0x5c c:/program files (x86)/cypress/psoc creator/4.4/psoc creator/import/gnu/arm/5.4.1/bin/../lib/gcc/arm-none-eabi/5.4.1/armv7-m/crtbegin.o
 .text.startup.main
                0x00000084       0xa0 .\CortexM3\ARM_GCC_541\Release\main.o
                0x00000084                main
 .text.WriteControlRegisterSPI
                0x00000124       0x30 .\CortexM3\ARM_GCC_541\Release\source01.o
                0x00000124                WriteControlRegisterSPI
 .text.ReadControlRegisterSPI
                0x00000154       0x28 .\CortexM3\ARM_GCC_541\Release\source01.o
                0x00000154                ReadControlRegisterSPI
 .text.cyfitter_cfg
                0x0000017c      0x210 .\CortexM3\ARM_GCC_541\Release\cyfitter_cfg.o
                0x0000017c                cyfitter_cfg
 .text.IntDefaultHandler
                0x0000038c       0x10 .\CortexM3\ARM_GCC_541\Release\Cm3Start.o
                0x0000038c                IntDefaultHandler
 .text.Start_c  0x0000039c       0x50 .\CortexM3\ARM_GCC_541\Release\Cm3Start.o
                0x0000039c                Start_c
 .text.startup.initialize_psoc
                0x000003ec       0x68 .\CortexM3\ARM_GCC_541\Release\Cm3Start.o
                0x000003ec                initialize_psoc
 .text.SPI_IMU_Enable
                0x00000454       0x34 .\CortexM3\ARM_GCC_541\Release\Design02.a(SPI_IMU.o)
                0x00000454                SPI_IMU_Enable
 .text.SPI_IMU_WriteTxData
                0x00000488       0x18 .\CortexM3\ARM_GCC_541\Release\Design02.a(SPI_IMU.o)
                0x00000488                SPI_IMU_WriteTxData
 .text.SPI_IMU_ReadRxData
                0x000004a0        0xc .\CortexM3\ARM_GCC_541\Release\Design02.a(SPI_IMU.o)
                0x000004a0                SPI_IMU_ReadRxData
 .text.SPI_IMU_ClearRxBuffer
                0x000004ac       0x18 .\CortexM3\ARM_GCC_541\Release\Design02.a(SPI_IMU.o)
                0x000004ac                SPI_IMU_ClearRxBuffer
 .text.SPI_IMU_ClearTxBuffer
                0x000004c4       0x24 .\CortexM3\ARM_GCC_541\Release\Design02.a(SPI_IMU.o)
                0x000004c4                SPI_IMU_ClearTxBuffer
 .text.SPI_IMU_ClearFIFO
                0x000004e8       0x3c .\CortexM3\ARM_GCC_541\Release\Design02.a(SPI_IMU.o)
                0x000004e8                SPI_IMU_ClearFIFO
 .text.SPI_IMU_Init
                0x00000524       0x34 .\CortexM3\ARM_GCC_541\Release\Design02.a(SPI_IMU.o)
                0x00000524                SPI_IMU_Init
 .text.SPI_IMU_Start
                0x00000558       0x1c .\CortexM3\ARM_GCC_541\Release\Design02.a(SPI_IMU.o)
                0x00000558                SPI_IMU_Start
 .text.SPI_IMU_ReadStatus
                0x00000574       0x18 .\CortexM3\ARM_GCC_541\Release\Design02.a(SPI_IMU.o)
                0x00000574                SPI_IMU_ReadStatus
 .text.CyDelay  0x0000058c       0x2c .\CortexM3\ARM_GCC_541\Release\Design02.a(CyLib.o)
                0x0000058c                CyDelay
 .text.PACER_TIMER_Init
                0x000005b8       0x64 .\CortexM3\ARM_GCC_541\Release\Design02.a(PACER_TIMER.o)
                0x000005b8                PACER_TIMER_Init
 .text.PACER_TIMER_Enable
                0x0000061c       0x24 .\CortexM3\ARM_GCC_541\Release\Design02.a(PACER_TIMER.o)
                0x0000061c                PACER_TIMER_Enable
 .text.PACER_TIMER_Start
                0x00000640       0x1c .\CortexM3\ARM_GCC_541\Release\Design02.a(PACER_TIMER.o)
                0x00000640                PACER_TIMER_Start
 .text.MY_TIMER_Init
                0x0000065c       0x64 .\CortexM3\ARM_GCC_541\Release\Design02.a(MY_TIMER.o)
                0x0000065c                MY_TIMER_Init
 .text.MY_TIMER_Enable
                0x000006c0       0x24 .\CortexM3\ARM_GCC_541\Release\Design02.a(MY_TIMER.o)
                0x000006c0                MY_TIMER_Enable
 .text.MY_TIMER_Start
                0x000006e4       0x1c .\CortexM3\ARM_GCC_541\Release\Design02.a(MY_TIMER.o)
                0x000006e4                MY_TIMER_Start
 .text.LED_Write
                0x00000700       0x18 .\CortexM3\ARM_GCC_541\Release\Design02.a(LED.o)
                0x00000700                LED_Write
 .text          0x00000718       0x20 .\CortexM3\ARM_GCC_541\Release\Design02.a(CyBootAsmGnu.o)
                0x00000718                CyDelayCycles
                0x00000728                CyEnterCriticalSection
                0x00000730                CyExitCriticalSection
 .text.__errno  0x00000738        0xc c:/program files (x86)/cypress/psoc creator/4.4/psoc creator/import/gnu/arm/5.4.1/bin/../lib/gcc/arm-none-eabi/5.4.1/../../../../arm-none-eabi/lib/armv7-m\libg_nano.a(lib_a-errno.o)
                0x00000738                __errno
 .text.__libc_init_array
                0x00000744       0x4c c:/program files (x86)/cypress/psoc creator/4.4/psoc creator/import/gnu/arm/5.4.1/bin/../lib/gcc/arm-none-eabi/5.4.1/../../../../arm-none-eabi/lib/armv7-m\libg_nano.a(lib_a-init.o)
                0x00000744                __libc_init_array
 .text.memcpy   0x00000790       0x16 c:/program files (x86)/cypress/psoc creator/4.4/psoc creator/import/gnu/arm/5.4.1/bin/../lib/gcc/arm-none-eabi/5.4.1/../../../../arm-none-eabi/lib/armv7-m\libg_nano.a(lib_a-memcpy-stub.o)
                0x00000790                memcpy
 .text.memset   0x000007a6       0x10 c:/program files (x86)/cypress/psoc creator/4.4/psoc creator/import/gnu/arm/5.4.1/bin/../lib/gcc/arm-none-eabi/5.4.1/../../../../arm-none-eabi/lib/armv7-m\libg_nano.a(lib_a-memset.o)
                0x000007a6                memset
 *(.plt)
 *(.gnu.warning)
 *(.glue_7t)
 .glue_7t       0x000007b6        0x0 linker stubs
 *(.glue_7)
 .glue_7        0x000007b6        0x0 linker stubs
 *(.vfp11_veneer)
 .vfp11_veneer  0x000007b6        0x0 linker stubs
 *(.bootloader)
 *(.ARM.extab* .gnu.linkonce.armextab.*)
 *(.gcc_except_table)

.v4_bx          0x000007b8        0x0
 .v4_bx         0x000007b8        0x0 linker stubs

.iplt           0x000007b8        0x0
 .iplt          0x000007b8        0x0 c:/program files (x86)/cypress/psoc creator/4.4/psoc creator/import/gnu/arm/5.4.1/bin/../lib/gcc/arm-none-eabi/5.4.1/armv7-m/crtbegin.o

.eh_frame_hdr
 *(.eh_frame_hdr)

.eh_frame       0x000007b8        0x4
 *(.eh_frame)
 .eh_frame      0x000007b8        0x0 c:/program files (x86)/cypress/psoc creator/4.4/psoc creator/import/gnu/arm/5.4.1/bin/../lib/gcc/arm-none-eabi/5.4.1/armv7-m/crtbegin.o
 .eh_frame      0x000007b8        0x4 c:/program files (x86)/cypress/psoc creator/4.4/psoc creator/import/gnu/arm/5.4.1/bin/../lib/gcc/arm-none-eabi/5.4.1/armv7-m/crtend.o
                [!provide]                PROVIDE (__exidx_start, .)

.ARM.exidx
 *(.ARM.exidx* .gnu.linkonce.armexidx.*)
                0x000007bc                __exidx_end = .

.rodata         0x000007bc       0x94
 *(.rodata .rodata.* .gnu.linkonce.r.*)
 .rodata        0x000007bc       0x5a .\CortexM3\ARM_GCC_541\Release\cyfitter_cfg.o
 .rodata.str1.1
                0x00000816        0x2 c:/program files (x86)/cypress/psoc creator/4.4/psoc creator/import/gnu/arm/5.4.1/bin/../lib/gcc/arm-none-eabi/5.4.1/../../../../arm-none-eabi/lib/armv7-m\libg_nano.a(lib_a-impure.o)
                0x00000818                . = ALIGN (0x4)
 *(.init)
 .init          0x00000818        0x4 c:/program files (x86)/cypress/psoc creator/4.4/psoc creator/import/gnu/arm/5.4.1/bin/../lib/gcc/arm-none-eabi/5.4.1/armv7-m/crti.o
                0x00000818                _init
 .init          0x0000081c        0x8 c:/program files (x86)/cypress/psoc creator/4.4/psoc creator/import/gnu/arm/5.4.1/bin/../lib/gcc/arm-none-eabi/5.4.1/armv7-m/crtn.o
                0x00000824                . = ALIGN (0x4)
                0x00000824                __preinit_array_start = .
 *(.preinit_array)
                0x00000824                __preinit_array_end = .
                0x00000824                . = ALIGN (0x4)
                0x00000824                __init_array_start = .
 *(SORT(.init_array.*))
 *(.init_array)
 .init_array    0x00000824        0x4 c:/program files (x86)/cypress/psoc creator/4.4/psoc creator/import/gnu/arm/5.4.1/bin/../lib/gcc/arm-none-eabi/5.4.1/armv7-m/crtbegin.o
 .init_array    0x00000828        0x4 .\CortexM3\ARM_GCC_541\Release\Cm3Start.o
                0x0000082c                __init_array_end = .
                0x0000082c                . = ALIGN (0x4)
 *(.fini)
 .fini          0x0000082c        0x4 c:/program files (x86)/cypress/psoc creator/4.4/psoc creator/import/gnu/arm/5.4.1/bin/../lib/gcc/arm-none-eabi/5.4.1/armv7-m/crti.o
                0x0000082c                _fini
 .fini          0x00000830        0x8 c:/program files (x86)/cypress/psoc creator/4.4/psoc creator/import/gnu/arm/5.4.1/bin/../lib/gcc/arm-none-eabi/5.4.1/armv7-m/crtn.o
                0x00000838                . = ALIGN (0x4)
                0x00000838                __fini_array_start = .
 *(.fini_array)
 .fini_array    0x00000838        0x4 c:/program files (x86)/cypress/psoc creator/4.4/psoc creator/import/gnu/arm/5.4.1/bin/../lib/gcc/arm-none-eabi/5.4.1/armv7-m/crtbegin.o
 *(SORT(.fini_array.*))
                0x0000083c                __fini_array_end = .
                0x0000083c                . = ALIGN (0x4)
 *crtbegin.o(.ctors)
 *(EXCLUDE_FILE(*crtend.o) .ctors)
 *(SORT(.ctors.*))
 *crtend.o(.ctors)
                0x0000083c                . = ALIGN (0x4)
 *crtbegin.o(.dtors)
 *(EXCLUDE_FILE(*crtend.o) .dtors)
 *(SORT(.dtors.*))
 *crtend.o(.dtors)
                0x0000083c                . = ALIGN (0x4)
                0x0000083c                __cy_regions = .
                0x0000083c        0x4 LONG 0x850 __cy_region_init_ram
                0x00000840        0x4 LONG 0x1fff80c8 __cy_region_start_data
                0x00000844        0x4 LONG 0x78 __cy_region_init_size_ram
                0x00000848        0x4 LONG 0x118 __cy_region_zero_size_ram
                0x0000084c                __cy_regions_end = .
                0x00000850                . = ALIGN (0x8)
 *fill*         0x0000084c        0x4 
                0x00000850                _etext = .

.cy_checksum_exclude
                0x00000850        0x0
 *(.cy_checksum_exclude)

.ramvectors     0x1fff8000       0xc0
                0x1fff8000                __cy_region_start_ram = .
 *(.ramvectors)
 .ramvectors    0x1fff8000       0xc0 .\CortexM3\ARM_GCC_541\Release\Cm3Start.o
                0x1fff8000                CyRamVectors

.noinit         0x1fff80c0        0x1
 *(.noinit)
 .noinit        0x1fff80c0        0x1 .\CortexM3\ARM_GCC_541\Release\Design02.a(CyLib.o)
                0x1fff80c0                CyResetStatus

.data           0x1fff80c8       0x78 load address 0x00000850
                0x1fff80c8                __cy_region_start_data = .
 *(.jcr)
 .jcr           0x1fff80c8        0x0 c:/program files (x86)/cypress/psoc creator/4.4/psoc creator/import/gnu/arm/5.4.1/bin/../lib/gcc/arm-none-eabi/5.4.1/armv7-m/crtbegin.o
 .jcr           0x1fff80c8        0x4 c:/program files (x86)/cypress/psoc creator/4.4/psoc creator/import/gnu/arm/5.4.1/bin/../lib/gcc/arm-none-eabi/5.4.1/armv7-m/crtend.o
 *(.got.plt)
 *(.got)
 *(.shdata)
 *(.data .data.* .gnu.linkonce.d.*)
 .data          0x1fff80cc       0x10 .\CortexM3\ARM_GCC_541\Release\Design02.a(CyLib.o)
                0x1fff80cc                cydelay_32k_ms
                0x1fff80d0                cydelay_freq_khz
                0x1fff80d4                cydelay_freq_mhz
                0x1fff80d8                cydelay_freq_hz
 .data.impure_data
                0x1fff80dc       0x60 c:/program files (x86)/cypress/psoc creator/4.4/psoc creator/import/gnu/arm/5.4.1/bin/../lib/gcc/arm-none-eabi/5.4.1/../../../../arm-none-eabi/lib/armv7-m\libg_nano.a(lib_a-impure.o)
 .data._impure_ptr
                0x1fff813c        0x4 c:/program files (x86)/cypress/psoc creator/4.4/psoc creator/import/gnu/arm/5.4.1/bin/../lib/gcc/arm-none-eabi/5.4.1/../../../../arm-none-eabi/lib/armv7-m\libg_nano.a(lib_a-impure.o)
                0x1fff813c                _impure_ptr
                0x1fff8140                . = ALIGN (0x8)
 *(.ram)
                0x1fff8140                _edata = .

.igot.plt       0x1fff8140        0x0 load address 0x000008c8
 .igot.plt      0x1fff8140        0x0 c:/program files (x86)/cypress/psoc creator/4.4/psoc creator/import/gnu/arm/5.4.1/bin/../lib/gcc/arm-none-eabi/5.4.1/armv7-m/crtbegin.o

.bss            0x1fff8140      0x118 load address 0x000008c8
                0x1fff8140                PROVIDE (__bss_start__, .)
 *(.shbss)
 *(.bss .bss.* .gnu.linkonce.b.*)
 .bss           0x1fff8140       0x1c c:/program files (x86)/cypress/psoc creator/4.4/psoc creator/import/gnu/arm/5.4.1/bin/../lib/gcc/arm-none-eabi/5.4.1/armv7-m/crtbegin.o
 .bss           0x1fff815c        0x1 .\CortexM3\ARM_GCC_541\Release\Design02.a(SPI_IMU.o)
                0x1fff815c                SPI_IMU_initVar
 .bss           0x1fff815d        0x1 .\CortexM3\ARM_GCC_541\Release\Design02.a(PACER_TIMER.o)
                0x1fff815d                PACER_TIMER_initVar
 .bss           0x1fff815e        0x1 .\CortexM3\ARM_GCC_541\Release\Design02.a(MY_TIMER.o)
                0x1fff815e                MY_TIMER_initVar
 *(COMMON)
 *fill*         0x1fff815f        0x1 
 COMMON         0x1fff8160       0xf1 .\CortexM3\ARM_GCC_541\Release\main.o
                0x1fff8160                XLDA
                0x1fff8161                j
                0x1fff8162                who
                0x1fff8164                tempo
                0x1fff822c                o
                0x1fff8230                Temp
                0x1fff8232                l
                0x1fff8234                IMU_ack
                0x1fff8238                SENS_HUB_ENDOP
                0x1fff8239                i
                0x1fff823a                Accel
                0x1fff8240                Mag
                0x1fff8246                t1
                0x1fff8248                t0
                0x1fff824a                GDA
                0x1fff824b                Gyro
                0x1fff8258                . = ALIGN (0x8)
 *fill*         0x1fff8251        0x7 
 *(.ram.b)
                0x1fff8258                _end = .
                0x1fff8258                __end = .
                0x1fff8258                PROVIDE (end, .)
                0x1fff8258                PROVIDE (__bss_end__, .)
                0x00000850                __cy_region_init_ram = LOADADDR (.data)
                0x00000078                __cy_region_init_size_ram = (_edata - ADDR (.data))
                0x00000118                __cy_region_zero_size_ram = (_end - _edata)

.heap           0x1fff8258       0x80 load address 0x000008c8
                0x1fff8258                . = _end
                0x1fff82d8                . = (. + 0x80)
 *fill*         0x1fff8258       0x80 
                0x1fff82d8                __cy_heap_limit = .

.stack          0x20007800      0x800
                0x20007800                __cy_stack_limit = .
                0x20008000                . = (. + 0x800)
 *fill*         0x20007800      0x800 
                0x00000001                ASSERT ((__cy_stack_limit >= __cy_heap_limit), region RAM overflowed with stack)
                0x00000000                cy_checksum_exclude_size = (CY_APPL_LOADABLE == 0x1)?SIZEOF (.cy_checksum_exclude):0x0
                0x00000001                ASSERT ((cy_checksum_exclude_size <= CY_CHECKSUM_EXCLUDE_SIZE), CY_BOOT: Section .cy_checksum_exclude size exceedes specified limit.)

.cyloadermeta
 *(.cyloadermeta)

.cyloadablemeta
 *(.cyloadablemeta)

.cyconfigecc    0x80000000      0x5d0
 *(.cyconfigecc)
 .cyconfigecc   0x80000000      0x5d0 .\CortexM3\ARM_GCC_541\Release\cymetadata.o
                0x80000000                cy_meta_configecc

.cycustnvl      0x90000000        0x4
 *(.cycustnvl)
 .cycustnvl     0x90000000        0x4 .\CortexM3\ARM_GCC_541\Release\cymetadata.o
                0x90000000                cy_meta_custnvl

.cywolatch      0x90100000        0x4
 *(.cywolatch)
 .cywolatch     0x90100000        0x4 .\CortexM3\ARM_GCC_541\Release\cymetadata.o
                0x90100000                cy_meta_wonvl

.cyeeprom       0x90200000        0x0
 *(.cyeeprom)
                0x00000001                ASSERT ((. <= ((0x90200000 + ee_offset) + ee_size)), .cyeeprom data will not fit in EEPROM)

.cyflashprotect
                0x90400000      0x100
 *(.cyflashprotect)
 .cyflashprotect
                0x90400000      0x100 .\CortexM3\ARM_GCC_541\Release\cymetadata.o
                0x90400000                cy_meta_flashprotect

.cymeta         0x90500000        0xc
 *(.cymeta)
 .cymeta        0x90500000        0xc .\CortexM3\ARM_GCC_541\Release\cymetadata.o
                0x90500000                cy_metadata

.rel.dyn        0x000008c8        0x0 load address 0x9050000c
 .rel.iplt      0x000008c8        0x0 c:/program files (x86)/cypress/psoc creator/4.4/psoc creator/import/gnu/arm/5.4.1/bin/../lib/gcc/arm-none-eabi/5.4.1/armv7-m/crtbegin.o

.stab
 *(.stab)

.stabstr
 *(.stabstr)

.debug
 *(.debug)

.line
 *(.line)

.debug_srcinfo
 *(.debug_srcinfo)

.debug_sfnames
 *(.debug_sfnames)

.debug_aranges  0x00000000      0x8d0
 *(.debug_aranges)
 .debug_aranges
                0x00000000       0x20 .\CortexM3\ARM_GCC_541\Release\main.o
 .debug_aranges
                0x00000020       0x70 .\CortexM3\ARM_GCC_541\Release\source01.o
 .debug_aranges
                0x00000090       0x18 .\CortexM3\ARM_GCC_541\Release\interrupts.o
 .debug_aranges
                0x000000a8       0x28 .\CortexM3\ARM_GCC_541\Release\cyfitter_cfg.o
 .debug_aranges
                0x000000d0       0x18 .\CortexM3\ARM_GCC_541\Release\cymetadata.o
 .debug_aranges
                0x000000e8       0x48 .\CortexM3\ARM_GCC_541\Release\Cm3Start.o
 .debug_aranges
                0x00000130       0xb0 .\CortexM3\ARM_GCC_541\Release\Design02.a(SPI_IMU.o)
 .debug_aranges
                0x000001e0      0x298 .\CortexM3\ARM_GCC_541\Release\Design02.a(CyLib.o)
 .debug_aranges
                0x00000478       0x78 .\CortexM3\ARM_GCC_541\Release\Design02.a(cyPm.o)
 .debug_aranges
                0x000004f0       0x88 .\CortexM3\ARM_GCC_541\Release\Design02.a(PACER_TIMER.o)
 .debug_aranges
                0x00000578       0xe0 .\CortexM3\ARM_GCC_541\Release\Design02.a(UART.o)
 .debug_aranges
                0x00000658       0x28 .\CortexM3\ARM_GCC_541\Release\Design02.a(UART_INT.o)
 .debug_aranges
                0x00000680       0x70 .\CortexM3\ARM_GCC_541\Release\Design02.a(UART_IntClock.o)
 .debug_aranges
                0x000006f0       0x88 .\CortexM3\ARM_GCC_541\Release\Design02.a(MY_TIMER.o)
 .debug_aranges
                0x00000778       0x38 .\CortexM3\ARM_GCC_541\Release\Design02.a(LED.o)
 .debug_aranges
                0x000007b0       0x20 .\CortexM3\ARM_GCC_541\Release\Design02.a(CyBootAsmGnu.o)
 .debug_aranges
                0x000007d0       0x80 .\CortexM3\ARM_GCC_541\Release\Design02.a(CyFlash.o)
 .debug_aranges
                0x00000850       0x80 .\CortexM3\ARM_GCC_541\Release\Design02.a(CySpc.o)

.debug_pubnames
 *(.debug_pubnames)

.debug_info     0x00000000     0x60ef
 *(.debug_info .gnu.linkonce.wi.*)
 .debug_info    0x00000000      0x431 .\CortexM3\ARM_GCC_541\Release\main.o
 .debug_info    0x00000431     0x1044 .\CortexM3\ARM_GCC_541\Release\source01.o
 .debug_info    0x00001475       0xae .\CortexM3\ARM_GCC_541\Release\interrupts.o
 .debug_info    0x00001523      0x602 .\CortexM3\ARM_GCC_541\Release\cyfitter_cfg.o
 .debug_info    0x00001b25      0x137 .\CortexM3\ARM_GCC_541\Release\cymetadata.o
 .debug_info    0x00001c5c      0x3b7 .\CortexM3\ARM_GCC_541\Release\Cm3Start.o
 .debug_info    0x00002013      0x4b1 .\CortexM3\ARM_GCC_541\Release\Design02.a(SPI_IMU.o)
 .debug_info    0x000024c4     0x1343 .\CortexM3\ARM_GCC_541\Release\Design02.a(CyLib.o)
 .debug_info    0x00003807      0x97e .\CortexM3\ARM_GCC_541\Release\Design02.a(cyPm.o)
 .debug_info    0x00004185      0x2f5 .\CortexM3\ARM_GCC_541\Release\Design02.a(PACER_TIMER.o)
 .debug_info    0x0000447a      0x766 .\CortexM3\ARM_GCC_541\Release\Design02.a(UART.o)
 .debug_info    0x00004be0      0x186 .\CortexM3\ARM_GCC_541\Release\Design02.a(UART_INT.o)
 .debug_info    0x00004d66      0x29d .\CortexM3\ARM_GCC_541\Release\Design02.a(UART_IntClock.o)
 .debug_info    0x00005003      0x2f4 .\CortexM3\ARM_GCC_541\Release\Design02.a(MY_TIMER.o)
 .debug_info    0x000052f7      0x121 .\CortexM3\ARM_GCC_541\Release\Design02.a(LED.o)
 .debug_info    0x00005418       0xc7 .\CortexM3\ARM_GCC_541\Release\Design02.a(CyBootAsmGnu.o)
 .debug_info    0x000054df      0x6c0 .\CortexM3\ARM_GCC_541\Release\Design02.a(CyFlash.o)
 .debug_info    0x00005b9f      0x550 .\CortexM3\ARM_GCC_541\Release\Design02.a(CySpc.o)

.debug_abbrev   0x00000000     0x1a75
 *(.debug_abbrev)
 .debug_abbrev  0x00000000       0xed .\CortexM3\ARM_GCC_541\Release\main.o
 .debug_abbrev  0x000000ed      0x23a .\CortexM3\ARM_GCC_541\Release\source01.o
 .debug_abbrev  0x00000327       0x4b .\CortexM3\ARM_GCC_541\Release\interrupts.o
 .debug_abbrev  0x00000372      0x242 .\CortexM3\ARM_GCC_541\Release\cyfitter_cfg.o
 .debug_abbrev  0x000005b4       0x77 .\CortexM3\ARM_GCC_541\Release\cymetadata.o
 .debug_abbrev  0x0000062b      0x1f4 .\CortexM3\ARM_GCC_541\Release\Cm3Start.o
 .debug_abbrev  0x0000081f      0x1ca .\CortexM3\ARM_GCC_541\Release\Design02.a(SPI_IMU.o)
 .debug_abbrev  0x000009e9      0x390 .\CortexM3\ARM_GCC_541\Release\Design02.a(CyLib.o)
 .debug_abbrev  0x00000d79      0x1d5 .\CortexM3\ARM_GCC_541\Release\Design02.a(cyPm.o)
 .debug_abbrev  0x00000f4e      0x181 .\CortexM3\ARM_GCC_541\Release\Design02.a(PACER_TIMER.o)
 .debug_abbrev  0x000010cf      0x1c4 .\CortexM3\ARM_GCC_541\Release\Design02.a(UART.o)
 .debug_abbrev  0x00001293       0xa2 .\CortexM3\ARM_GCC_541\Release\Design02.a(UART_INT.o)
 .debug_abbrev  0x00001335      0x144 .\CortexM3\ARM_GCC_541\Release\Design02.a(UART_IntClock.o)
 .debug_abbrev  0x00001479      0x181 .\CortexM3\ARM_GCC_541\Release\Design02.a(MY_TIMER.o)
 .debug_abbrev  0x000015fa       0x90 .\CortexM3\ARM_GCC_541\Release\Design02.a(LED.o)
 .debug_abbrev  0x0000168a       0x14 .\CortexM3\ARM_GCC_541\Release\Design02.a(CyBootAsmGnu.o)
 .debug_abbrev  0x0000169e      0x235 .\CortexM3\ARM_GCC_541\Release\Design02.a(CyFlash.o)
 .debug_abbrev  0x000018d3      0x1a2 .\CortexM3\ARM_GCC_541\Release\Design02.a(CySpc.o)

.debug_line     0x00000000     0x2722
 *(.debug_line)
 .debug_line    0x00000000      0x1df .\CortexM3\ARM_GCC_541\Release\main.o
 .debug_line    0x000001df      0x34e .\CortexM3\ARM_GCC_541\Release\source01.o
 .debug_line    0x0000052d      0x13f .\CortexM3\ARM_GCC_541\Release\interrupts.o
 .debug_line    0x0000066c      0x1c8 .\CortexM3\ARM_GCC_541\Release\cyfitter_cfg.o
 .debug_line    0x00000834      0x141 .\CortexM3\ARM_GCC_541\Release\cymetadata.o
 .debug_line    0x00000975      0x21f .\CortexM3\ARM_GCC_541\Release\Cm3Start.o
 .debug_line    0x00000b94      0x20f .\CortexM3\ARM_GCC_541\Release\Design02.a(SPI_IMU.o)
 .debug_line    0x00000da3      0x7fc .\CortexM3\ARM_GCC_541\Release\Design02.a(CyLib.o)
 .debug_line    0x0000159f      0x3be .\CortexM3\ARM_GCC_541\Release\Design02.a(cyPm.o)
 .debug_line    0x0000195d      0x162 .\CortexM3\ARM_GCC_541\Release\Design02.a(PACER_TIMER.o)
 .debug_line    0x00001abf      0x347 .\CortexM3\ARM_GCC_541\Release\Design02.a(UART.o)
 .debug_line    0x00001e06       0xc1 .\CortexM3\ARM_GCC_541\Release\Design02.a(UART_INT.o)
 .debug_line    0x00001ec7      0x1b4 .\CortexM3\ARM_GCC_541\Release\Design02.a(UART_IntClock.o)
 .debug_line    0x0000207b      0x15f .\CortexM3\ARM_GCC_541\Release\Design02.a(MY_TIMER.o)
 .debug_line    0x000021da       0x92 .\CortexM3\ARM_GCC_541\Release\Design02.a(LED.o)
 .debug_line    0x0000226c       0x66 .\CortexM3\ARM_GCC_541\Release\Design02.a(CyBootAsmGnu.o)
 .debug_line    0x000022d2      0x204 .\CortexM3\ARM_GCC_541\Release\Design02.a(CyFlash.o)
 .debug_line    0x000024d6      0x24c .\CortexM3\ARM_GCC_541\Release\Design02.a(CySpc.o)

.debug_frame    0x00000000     0x1740
 *(.debug_frame)
 .debug_frame   0x00000000       0x2c .\CortexM3\ARM_GCC_541\Release\main.o
 .debug_frame   0x0000002c      0x194 .\CortexM3\ARM_GCC_541\Release\source01.o
 .debug_frame   0x000001c0       0x48 .\CortexM3\ARM_GCC_541\Release\cyfitter_cfg.o
 .debug_frame   0x00000208       0xb8 .\CortexM3\ARM_GCC_541\Release\Cm3Start.o
 .debug_frame   0x000002c0      0x1f8 .\CortexM3\ARM_GCC_541\Release\Design02.a(SPI_IMU.o)
 .debug_frame   0x000004b8      0x6f8 .\CortexM3\ARM_GCC_541\Release\Design02.a(CyLib.o)
 .debug_frame   0x00000bb0      0x1c8 .\CortexM3\ARM_GCC_541\Release\Design02.a(cyPm.o)
 .debug_frame   0x00000d78      0x100 .\CortexM3\ARM_GCC_541\Release\Design02.a(PACER_TIMER.o)
 .debug_frame   0x00000e78      0x26c .\CortexM3\ARM_GCC_541\Release\Design02.a(UART.o)
 .debug_frame   0x000010e4       0x5c .\CortexM3\ARM_GCC_541\Release\Design02.a(UART_INT.o)
 .debug_frame   0x00001140       0xe0 .\CortexM3\ARM_GCC_541\Release\Design02.a(UART_IntClock.o)
 .debug_frame   0x00001220      0x100 .\CortexM3\ARM_GCC_541\Release\Design02.a(MY_TIMER.o)
 .debug_frame   0x00001320       0x50 .\CortexM3\ARM_GCC_541\Release\Design02.a(LED.o)
 .debug_frame   0x00001370      0x184 .\CortexM3\ARM_GCC_541\Release\Design02.a(CyFlash.o)
 .debug_frame   0x000014f4      0x190 .\CortexM3\ARM_GCC_541\Release\Design02.a(CySpc.o)
 .debug_frame   0x00001684       0x20 c:/program files (x86)/cypress/psoc creator/4.4/psoc creator/import/gnu/arm/5.4.1/bin/../lib/gcc/arm-none-eabi/5.4.1/../../../../arm-none-eabi/lib/armv7-m\libg_nano.a(lib_a-errno.o)
 .debug_frame   0x000016a4       0x28 c:/program files (x86)/cypress/psoc creator/4.4/psoc creator/import/gnu/arm/5.4.1/bin/../lib/gcc/arm-none-eabi/5.4.1/../../../../arm-none-eabi/lib/armv7-m\libg_nano.a(lib_a-exit.o)
 .debug_frame   0x000016cc       0x2c c:/program files (x86)/cypress/psoc creator/4.4/psoc creator/import/gnu/arm/5.4.1/bin/../lib/gcc/arm-none-eabi/5.4.1/../../../../arm-none-eabi/lib/armv7-m\libg_nano.a(lib_a-init.o)
 .debug_frame   0x000016f8       0x28 c:/program files (x86)/cypress/psoc creator/4.4/psoc creator/import/gnu/arm/5.4.1/bin/../lib/gcc/arm-none-eabi/5.4.1/../../../../arm-none-eabi/lib/armv7-m\libg_nano.a(lib_a-memcpy-stub.o)
 .debug_frame   0x00001720       0x20 c:/program files (x86)/cypress/psoc creator/4.4/psoc creator/import/gnu/arm/5.4.1/bin/../lib/gcc/arm-none-eabi/5.4.1/../../../../arm-none-eabi/lib/armv7-m\libg_nano.a(lib_a-memset.o)

.debug_str      0x00000000     0x1fe5
 *(.debug_str)
 .debug_str     0x00000000      0x29d .\CortexM3\ARM_GCC_541\Release\main.o
                                0x2ef (size before relaxing)
 .debug_str     0x0000029d      0x1aa .\CortexM3\ARM_GCC_541\Release\source01.o
                                0x43f (size before relaxing)
 .debug_str     0x00000447        0xd .\CortexM3\ARM_GCC_541\Release\interrupts.o
                                0x1de (size before relaxing)
 .debug_str     0x00000454      0x1a9 .\CortexM3\ARM_GCC_541\Release\cyfitter_cfg.o
                                0x37b (size before relaxing)
 .debug_str     0x000005fd       0x7f .\CortexM3\ARM_GCC_541\Release\cymetadata.o
                                0x21b (size before relaxing)
 .debug_str     0x0000067c      0x144 .\CortexM3\ARM_GCC_541\Release\Cm3Start.o
                                0x341 (size before relaxing)
 .debug_str     0x000007c0      0x1fa .\CortexM3\ARM_GCC_541\Release\Design02.a(SPI_IMU.o)
                                0x45e (size before relaxing)
 .debug_str     0x000009ba      0x80b .\CortexM3\ARM_GCC_541\Release\Design02.a(CyLib.o)
                                0xa7e (size before relaxing)
 .debug_str     0x000011c5      0x365 .\CortexM3\ARM_GCC_541\Release\Design02.a(cyPm.o)
                                0x763 (size before relaxing)
 .debug_str     0x0000152a      0x1b0 .\CortexM3\ARM_GCC_541\Release\Design02.a(PACER_TIMER.o)
                                0x38c (size before relaxing)
 .debug_str     0x000016da      0x326 .\CortexM3\ARM_GCC_541\Release\Design02.a(UART.o)
                                0x597 (size before relaxing)
 .debug_str     0x00001a00       0x5e .\CortexM3\ARM_GCC_541\Release\Design02.a(UART_INT.o)
                                0x2c0 (size before relaxing)
 .debug_str     0x00001a5e      0x183 .\CortexM3\ARM_GCC_541\Release\Design02.a(UART_IntClock.o)
                                0x36d (size before relaxing)
 .debug_str     0x00001be1      0x152 .\CortexM3\ARM_GCC_541\Release\Design02.a(MY_TIMER.o)
                                0x35c (size before relaxing)
 .debug_str     0x00001d33       0x52 .\CortexM3\ARM_GCC_541\Release\Design02.a(LED.o)
                                0x20f (size before relaxing)
 .debug_str     0x00001d85      0x1b4 .\CortexM3\ARM_GCC_541\Release\Design02.a(CyFlash.o)
                                0x3f0 (size before relaxing)
 .debug_str     0x00001f39       0xac .\CortexM3\ARM_GCC_541\Release\Design02.a(CySpc.o)
                                0x36f (size before relaxing)

.debug_loc      0x00000000     0x2985
 *(.debug_loc)
 .debug_loc     0x00000000      0x5b4 .\CortexM3\ARM_GCC_541\Release\source01.o
 .debug_loc     0x000005b4      0x47a .\CortexM3\ARM_GCC_541\Release\cyfitter_cfg.o
 .debug_loc     0x00000a2e      0x1af .\CortexM3\ARM_GCC_541\Release\Cm3Start.o
 .debug_loc     0x00000bdd      0x122 .\CortexM3\ARM_GCC_541\Release\Design02.a(SPI_IMU.o)
 .debug_loc     0x00000cff      0xa20 .\CortexM3\ARM_GCC_541\Release\Design02.a(CyLib.o)
 .debug_loc     0x0000171f      0x1d6 .\CortexM3\ARM_GCC_541\Release\Design02.a(cyPm.o)
 .debug_loc     0x000018f5       0x40 .\CortexM3\ARM_GCC_541\Release\Design02.a(PACER_TIMER.o)
 .debug_loc     0x00001935      0x371 .\CortexM3\ARM_GCC_541\Release\Design02.a(UART.o)
 .debug_loc     0x00001ca6       0x51 .\CortexM3\ARM_GCC_541\Release\Design02.a(UART_INT.o)
 .debug_loc     0x00001cf7       0xa6 .\CortexM3\ARM_GCC_541\Release\Design02.a(UART_IntClock.o)
 .debug_loc     0x00001d9d       0x3e .\CortexM3\ARM_GCC_541\Release\Design02.a(MY_TIMER.o)
 .debug_loc     0x00001ddb       0x5a .\CortexM3\ARM_GCC_541\Release\Design02.a(LED.o)
 .debug_loc     0x00001e35      0x4b7 .\CortexM3\ARM_GCC_541\Release\Design02.a(CyFlash.o)
 .debug_loc     0x000022ec      0x699 .\CortexM3\ARM_GCC_541\Release\Design02.a(CySpc.o)

.debug_macinfo
 *(.debug_macinfo)

.debug_ranges   0x00000000      0x990
 *(.debug_ranges)
 .debug_ranges  0x00000000       0x10 .\CortexM3\ARM_GCC_541\Release\main.o
 .debug_ranges  0x00000010       0x60 .\CortexM3\ARM_GCC_541\Release\source01.o
 .debug_ranges  0x00000070       0xf0 .\CortexM3\ARM_GCC_541\Release\cyfitter_cfg.o
 .debug_ranges  0x00000160       0x50 .\CortexM3\ARM_GCC_541\Release\Cm3Start.o
 .debug_ranges  0x000001b0       0xd0 .\CortexM3\ARM_GCC_541\Release\Design02.a(SPI_IMU.o)
 .debug_ranges  0x00000280      0x2b8 .\CortexM3\ARM_GCC_541\Release\Design02.a(CyLib.o)
 .debug_ranges  0x00000538       0x90 .\CortexM3\ARM_GCC_541\Release\Design02.a(cyPm.o)
 .debug_ranges  0x000005c8       0x78 .\CortexM3\ARM_GCC_541\Release\Design02.a(PACER_TIMER.o)
 .debug_ranges  0x00000640       0xe8 .\CortexM3\ARM_GCC_541\Release\Design02.a(UART.o)
 .debug_ranges  0x00000728       0x18 .\CortexM3\ARM_GCC_541\Release\Design02.a(UART_INT.o)
 .debug_ranges  0x00000740       0xb8 .\CortexM3\ARM_GCC_541\Release\Design02.a(UART_IntClock.o)
 .debug_ranges  0x000007f8       0x78 .\CortexM3\ARM_GCC_541\Release\Design02.a(MY_TIMER.o)
 .debug_ranges  0x00000870       0x28 .\CortexM3\ARM_GCC_541\Release\Design02.a(LED.o)
 .debug_ranges  0x00000898       0x88 .\CortexM3\ARM_GCC_541\Release\Design02.a(CyFlash.o)
 .debug_ranges  0x00000920       0x70 .\CortexM3\ARM_GCC_541\Release\Design02.a(CySpc.o)

.comment        0x00000000       0x6e
 .comment       0x00000000       0x6e .\CortexM3\ARM_GCC_541\Release\main.o
                                 0x6f (size before relaxing)
 .comment       0x0000006e       0x6f .\CortexM3\ARM_GCC_541\Release\source01.o
 .comment       0x0000006e       0x6f .\CortexM3\ARM_GCC_541\Release\interrupts.o
 .comment       0x0000006e       0x6f .\CortexM3\ARM_GCC_541\Release\cyfitter_cfg.o
 .comment       0x0000006e       0x6f .\CortexM3\ARM_GCC_541\Release\cymetadata.o
 .comment       0x0000006e       0x6f .\CortexM3\ARM_GCC_541\Release\Cm3Start.o
 .comment       0x0000006e       0x6f .\CortexM3\ARM_GCC_541\Release\Design02.a(SPI_IMU.o)
 .comment       0x0000006e       0x6f .\CortexM3\ARM_GCC_541\Release\Design02.a(CyLib.o)
 .comment       0x0000006e       0x6f .\CortexM3\ARM_GCC_541\Release\Design02.a(cyPm.o)
 .comment       0x0000006e       0x6f .\CortexM3\ARM_GCC_541\Release\Design02.a(PACER_TIMER.o)
 .comment       0x0000006e       0x6f .\CortexM3\ARM_GCC_541\Release\Design02.a(UART.o)
 .comment       0x0000006e       0x6f .\CortexM3\ARM_GCC_541\Release\Design02.a(UART_INT.o)
 .comment       0x0000006e       0x6f .\CortexM3\ARM_GCC_541\Release\Design02.a(UART_IntClock.o)
 .comment       0x0000006e       0x6f .\CortexM3\ARM_GCC_541\Release\Design02.a(MY_TIMER.o)
 .comment       0x0000006e       0x6f .\CortexM3\ARM_GCC_541\Release\Design02.a(LED.o)
 .comment       0x0000006e       0x6f .\CortexM3\ARM_GCC_541\Release\Design02.a(CyFlash.o)
 .comment       0x0000006e       0x6f .\CortexM3\ARM_GCC_541\Release\Design02.a(CySpc.o)

.debug_weaknames
 *(.debug_weaknames)

.debug_funcnames
 *(.debug_funcnames)

.debug_typenames
 *(.debug_typenames)

.debug_varnames
 *(.debug_varnames)

.note.gnu.arm.ident
 *(.note.gnu.arm.ident)

.ARM.attributes
                0x00000000       0x29
 *(.ARM.attributes)
 .ARM.attributes
                0x00000000       0x1d c:/program files (x86)/cypress/psoc creator/4.4/psoc creator/import/gnu/arm/5.4.1/bin/../lib/gcc/arm-none-eabi/5.4.1/armv7-m/crti.o
 .ARM.attributes
                0x0000001d       0x2d c:/program files (x86)/cypress/psoc creator/4.4/psoc creator/import/gnu/arm/5.4.1/bin/../lib/gcc/arm-none-eabi/5.4.1/armv7-m/crtbegin.o
 .ARM.attributes
                0x0000004a       0x1b c:/program files (x86)/cypress/psoc creator/4.4/psoc creator/import/gnu/arm/5.4.1/bin/../lib/gcc/arm-none-eabi/5.4.1/../../../../arm-none-eabi/lib/armv7-m/crt0.o
 .ARM.attributes
                0x00000065       0x33 .\CortexM3\ARM_GCC_541\Release\main.o
 .ARM.attributes
                0x00000098       0x33 .\CortexM3\ARM_GCC_541\Release\source01.o
 .ARM.attributes
                0x000000cb       0x33 .\CortexM3\ARM_GCC_541\Release\interrupts.o
 .ARM.attributes
                0x000000fe       0x33 .\CortexM3\ARM_GCC_541\Release\cyfitter_cfg.o
 .ARM.attributes
                0x00000131       0x33 .\CortexM3\ARM_GCC_541\Release\cymetadata.o
 .ARM.attributes
                0x00000164       0x33 .\CortexM3\ARM_GCC_541\Release\Cm3Start.o
 .ARM.attributes
                0x00000197       0x33 .\CortexM3\ARM_GCC_541\Release\Design02.a(SPI_IMU.o)
 .ARM.attributes
                0x000001ca       0x33 .\CortexM3\ARM_GCC_541\Release\Design02.a(CyLib.o)
 .ARM.attributes
                0x000001fd       0x33 .\CortexM3\ARM_GCC_541\Release\Design02.a(cyPm.o)
 .ARM.attributes
                0x00000230       0x33 .\CortexM3\ARM_GCC_541\Release\Design02.a(PACER_TIMER.o)
 .ARM.attributes
                0x00000263       0x33 .\CortexM3\ARM_GCC_541\Release\Design02.a(UART.o)
 .ARM.attributes
                0x00000296       0x33 .\CortexM3\ARM_GCC_541\Release\Design02.a(UART_INT.o)
 .ARM.attributes
                0x000002c9       0x33 .\CortexM3\ARM_GCC_541\Release\Design02.a(UART_IntClock.o)
 .ARM.attributes
                0x000002fc       0x33 .\CortexM3\ARM_GCC_541\Release\Design02.a(MY_TIMER.o)
 .ARM.attributes
                0x0000032f       0x33 .\CortexM3\ARM_GCC_541\Release\Design02.a(LED.o)
 .ARM.attributes
                0x00000362       0x21 .\CortexM3\ARM_GCC_541\Release\Design02.a(CyBootAsmGnu.o)
 .ARM.attributes
                0x00000383       0x33 .\CortexM3\ARM_GCC_541\Release\Design02.a(CyFlash.o)
 .ARM.attributes
                0x000003b6       0x33 .\CortexM3\ARM_GCC_541\Release\Design02.a(CySpc.o)
 .ARM.attributes
                0x000003e9       0x2d c:/program files (x86)/cypress/psoc creator/4.4/psoc creator/import/gnu/arm/5.4.1/bin/../lib/gcc/arm-none-eabi/5.4.1/../../../../arm-none-eabi/lib/armv7-m\libg_nano.a(lib_a-errno.o)
 .ARM.attributes
                0x00000416       0x2d c:/program files (x86)/cypress/psoc creator/4.4/psoc creator/import/gnu/arm/5.4.1/bin/../lib/gcc/arm-none-eabi/5.4.1/../../../../arm-none-eabi/lib/armv7-m\libg_nano.a(lib_a-exit.o)
 .ARM.attributes
                0x00000443       0x2d c:/program files (x86)/cypress/psoc creator/4.4/psoc creator/import/gnu/arm/5.4.1/bin/../lib/gcc/arm-none-eabi/5.4.1/../../../../arm-none-eabi/lib/armv7-m\libg_nano.a(lib_a-impure.o)
 .ARM.attributes
                0x00000470       0x2d c:/program files (x86)/cypress/psoc creator/4.4/psoc creator/import/gnu/arm/5.4.1/bin/../lib/gcc/arm-none-eabi/5.4.1/../../../../arm-none-eabi/lib/armv7-m\libg_nano.a(lib_a-init.o)
 .ARM.attributes
                0x0000049d       0x2d c:/program files (x86)/cypress/psoc creator/4.4/psoc creator/import/gnu/arm/5.4.1/bin/../lib/gcc/arm-none-eabi/5.4.1/../../../../arm-none-eabi/lib/armv7-m\libg_nano.a(lib_a-memcpy-stub.o)
 .ARM.attributes
                0x000004ca       0x2d c:/program files (x86)/cypress/psoc creator/4.4/psoc creator/import/gnu/arm/5.4.1/bin/../lib/gcc/arm-none-eabi/5.4.1/../../../../arm-none-eabi/lib/armv7-m\libg_nano.a(lib_a-memset.o)
 .ARM.attributes
                0x000004f7       0x2d c:/program files (x86)/cypress/psoc creator/4.4/psoc creator/import/gnu/arm/5.4.1/bin/../lib/gcc/arm-none-eabi/5.4.1/armv7-m/crtend.o
 .ARM.attributes
                0x00000524       0x1d c:/program files (x86)/cypress/psoc creator/4.4/psoc creator/import/gnu/arm/5.4.1/bin/../lib/gcc/arm-none-eabi/5.4.1/armv7-m/crtn.o

/DISCARD/
 *(.note.GNU-stack)
OUTPUT(C:\Users\mgnocco\Documents\Git\PSoC5\PSoC5_FW_IMU_LSM6DSRX_LIS2MDL\LSM6DSRX +lis2mdl_funziona -NONTOCCARE\Design02.cydsn\CortexM3\ARM_GCC_541\Release\Design02.elf elf32-littlearm)
